Archive member included to satisfy reference by file (symbol)

c:/gcc-arm-none-eabi-10-2020-q4-major/bin/../lib/gcc/arm-none-eabi/10.2.1/thumb/v7e-m/nofp\libgcc.a(_arm_muldf3.o)
                              CMakeFiles/BiPol-F401-CTRL.elf.dir/Core/Src/main.c.obj (__aeabi_dmul)
c:/gcc-arm-none-eabi-10-2020-q4-major/bin/../lib/gcc/arm-none-eabi/10.2.1/thumb/v7e-m/nofp\libgcc.a(_arm_mulsf3.o)
                              CMakeFiles/BiPol-F401-CTRL.elf.dir/Core/Src/main.c.obj (__aeabi_fmul)
c:/gcc-arm-none-eabi-10-2020-q4-major/bin/../lib/gcc/arm-none-eabi/10.2.1/thumb/v7e-m/nofp\libgcc.a(_arm_addsubdf3.o)
                              CMakeFiles/BiPol-F401-CTRL.elf.dir/Core/Src/main.c.obj (__aeabi_i2d)
c:/gcc-arm-none-eabi-10-2020-q4-major/bin/../lib/gcc/arm-none-eabi/10.2.1/thumb/v7e-m/nofp\libgcc.a(_arm_cmpdf2.o)
                              CMakeFiles/BiPol-F401-CTRL.elf.dir/Core/Src/main.c.obj (__aeabi_dcmplt)
c:/gcc-arm-none-eabi-10-2020-q4-major/bin/../lib/gcc/arm-none-eabi/10.2.1/thumb/v7e-m/nofp\libgcc.a(_arm_addsubsf3.o)
                              CMakeFiles/BiPol-F401-CTRL.elf.dir/Core/Src/main.c.obj (__aeabi_fadd)
c:/gcc-arm-none-eabi-10-2020-q4-major/bin/../lib/gcc/arm-none-eabi/10.2.1/thumb/v7e-m/nofp\libgcc.a(_arm_muldivsf3.o)
                              CMakeFiles/BiPol-F401-CTRL.elf.dir/Core/Src/main.c.obj (__aeabi_fdiv)
c:/gcc-arm-none-eabi-10-2020-q4-major/bin/../lib/gcc/arm-none-eabi/10.2.1/thumb/v7e-m/nofp\libgcc.a(_arm_cmpsf2.o)
                              CMakeFiles/BiPol-F401-CTRL.elf.dir/Core/Src/main.c.obj (__aeabi_fcmplt)
c:/gcc-arm-none-eabi-10-2020-q4-major/bin/../lib/gcc/arm-none-eabi/10.2.1/thumb/v7e-m/nofp\libgcc.a(_arm_fixunssfsi.o)
                              CMakeFiles/BiPol-F401-CTRL.elf.dir/Core/Src/main.c.obj (__aeabi_f2uiz)
c:/gcc-arm-none-eabi-10-2020-q4-major/bin/../lib/gcc/arm-none-eabi/10.2.1/thumb/v7e-m/nofp\libgcc.a(_aeabi_uldivmod.o)
                              CMakeFiles/BiPol-F401-CTRL.elf.dir/Drivers/STM32F4xx_HAL_Driver/Src/stm32f4xx_hal_rcc.c.obj (__aeabi_uldivmod)
c:/gcc-arm-none-eabi-10-2020-q4-major/bin/../lib/gcc/arm-none-eabi/10.2.1/thumb/v7e-m/nofp\libgcc.a(_fixunssfdi.o)
                              CMakeFiles/BiPol-F401-CTRL.elf.dir/Core/Src/main.c.obj (__aeabi_f2ulz)
c:/gcc-arm-none-eabi-10-2020-q4-major/bin/../lib/gcc/arm-none-eabi/10.2.1/thumb/v7e-m/nofp\libgcc.a(_udivmoddi4.o)
                              c:/gcc-arm-none-eabi-10-2020-q4-major/bin/../lib/gcc/arm-none-eabi/10.2.1/thumb/v7e-m/nofp\libgcc.a(_aeabi_uldivmod.o) (__udivmoddi4)
c:/gcc-arm-none-eabi-10-2020-q4-major/bin/../lib/gcc/arm-none-eabi/10.2.1/thumb/v7e-m/nofp\libgcc.a(_dvmd_tls.o)
                              c:/gcc-arm-none-eabi-10-2020-q4-major/bin/../lib/gcc/arm-none-eabi/10.2.1/thumb/v7e-m/nofp\libgcc.a(_aeabi_uldivmod.o) (__aeabi_ldiv0)
c:/gcc-arm-none-eabi-10-2020-q4-major/bin/../lib/gcc/arm-none-eabi/10.2.1/thumb/v7e-m/nofp\libgcc.a(_arm_fixunsdfsi.o)
                              c:/gcc-arm-none-eabi-10-2020-q4-major/bin/../lib/gcc/arm-none-eabi/10.2.1/thumb/v7e-m/nofp\libgcc.a(_fixunssfdi.o) (__aeabi_d2uiz)
c:/gcc-arm-none-eabi-10-2020-q4-major/bin/../lib/gcc/arm-none-eabi/10.2.1/../../../../arm-none-eabi/lib/thumb/v7e-m/nofp\libg.a(lib_a-errno.o)
                              CMakeFiles/BiPol-F401-CTRL.elf.dir/Core/Src/syscalls.c.obj (__errno)
c:/gcc-arm-none-eabi-10-2020-q4-major/bin/../lib/gcc/arm-none-eabi/10.2.1/../../../../arm-none-eabi/lib/thumb/v7e-m/nofp\libg.a(lib_a-exit.o)
                              c:/gcc-arm-none-eabi-10-2020-q4-major/bin/../lib/gcc/arm-none-eabi/10.2.1/../../../../arm-none-eabi/lib/thumb/v7e-m/nofp/crt0.o (exit)
c:/gcc-arm-none-eabi-10-2020-q4-major/bin/../lib/gcc/arm-none-eabi/10.2.1/../../../../arm-none-eabi/lib/thumb/v7e-m/nofp\libg.a(lib_a-impure.o)
                              c:/gcc-arm-none-eabi-10-2020-q4-major/bin/../lib/gcc/arm-none-eabi/10.2.1/../../../../arm-none-eabi/lib/thumb/v7e-m/nofp\libg.a(lib_a-exit.o) (_global_impure_ptr)
c:/gcc-arm-none-eabi-10-2020-q4-major/bin/../lib/gcc/arm-none-eabi/10.2.1/../../../../arm-none-eabi/lib/thumb/v7e-m/nofp\libg.a(lib_a-init.o)
                              c:/gcc-arm-none-eabi-10-2020-q4-major/bin/../lib/gcc/arm-none-eabi/10.2.1/../../../../arm-none-eabi/lib/thumb/v7e-m/nofp/crt0.o (__libc_init_array)
c:/gcc-arm-none-eabi-10-2020-q4-major/bin/../lib/gcc/arm-none-eabi/10.2.1/../../../../arm-none-eabi/lib/thumb/v7e-m/nofp\libg.a(lib_a-memcpy.o)
                              CMakeFiles/BiPol-F401-CTRL.elf.dir/Core/Src/flash_store.c.obj (memcpy)
c:/gcc-arm-none-eabi-10-2020-q4-major/bin/../lib/gcc/arm-none-eabi/10.2.1/../../../../arm-none-eabi/lib/thumb/v7e-m/nofp\libg.a(lib_a-memset.o)
                              c:/gcc-arm-none-eabi-10-2020-q4-major/bin/../lib/gcc/arm-none-eabi/10.2.1/../../../../arm-none-eabi/lib/thumb/v7e-m/nofp/crt0.o (memset)
[...]
Memory Configuration

Name             Origin             Length             Attributes
RAM              0x20000000         0x00010000         xrw
FLASH            0x08000000         0x00040000         xr
*default*        0x00000000         0xffffffff

Linker script and memory map

LOAD c:/gcc-arm-none-eabi-10-2020-q4-major/bin/../lib/gcc/arm-none-eabi/10.2.1/thumb/v7e-m/nofp/crti.o
LOAD c:/gcc-arm-none-eabi-10-2020-q4-major/bin/../lib/gcc/arm-none-eabi/10.2.1/thumb/v7e-m/nofp/crtbegin.o
LOAD c:/gcc-arm-none-eabi-10-2020-q4-major/bin/../lib/gcc/arm-none-eabi/10.2.1/../../../../arm-none-eabi/lib/thumb/v7e-m/nofp/crt0.o
LOAD CMakeFiles/BiPol-F401-CTRL.elf.dir/Core/Src/LCD.c.obj
LOAD CMakeFiles/BiPol-F401-CTRL.elf.dir/Core/Src/adc.c.obj
LOAD CMakeFiles/BiPol-F401-CTRL.elf.dir/Core/Src/crc.c.obj
LOAD CMakeFiles/BiPol-F401-CTRL.elf.dir/Core/Src/dma.c.obj
LOAD CMakeFiles/BiPol-F401-CTRL.elf.dir/Core/Src/flash_store.c.obj
LOAD CMakeFiles/BiPol-F401-CTRL.elf.dir/Core/Src/gpio.c.obj
LOAD CMakeFiles/BiPol-F401-CTRL.elf.dir/Core/Src/main.c.obj
LOAD CMakeFiles/BiPol-F401-CTRL.elf.dir/Core/Src/spi.c.obj
LOAD CMakeFiles/BiPol-F401-CTRL.elf.dir/Core/Src/stm32f4xx_hal_msp.c.obj
LOAD CMakeFiles/BiPol-F401-CTRL.elf.dir/Core/Src/stm32f4xx_it.c.obj
LOAD CMakeFiles/BiPol-F401-CTRL.elf.dir/Core/Src/syscalls.c.obj
LOAD CMakeFiles/BiPol-F401-CTRL.elf.dir/Core/Src/sysmem.c.obj
LOAD CMakeFiles/BiPol-F401-CTRL.elf.dir/Core/Src/system_stm32f4xx.c.obj
LOAD CMakeFiles/BiPol-F401-CTRL.elf.dir/Core/Src/tim.c.obj
LOAD CMakeFiles/BiPol-F401-CTRL.elf.dir/Core/Src/ui.c.obj
LOAD CMakeFiles/BiPol-F401-CTRL.elf.dir/Core/Src/usart.c.obj
LOAD CMakeFiles/BiPol-F401-CTRL.elf.dir/Core/Startup/startup_stm32f401rctx.s.obj
LOAD CMakeFiles/BiPol-F401-CTRL.elf.dir/Drivers/STM32F4xx_HAL_Driver/Src/stm32f4xx_hal.c.obj
LOAD CMakeFiles/BiPol-F401-CTRL.elf.dir/Drivers/STM32F4xx_HAL_Driver/Src/stm32f4xx_hal_adc.c.obj
LOAD CMakeFiles/BiPol-F401-CTRL.elf.dir/Drivers/STM32F4xx_HAL_Driver/Src/stm32f4xx_hal_adc_ex.c.obj
LOAD CMakeFiles/BiPol-F401-CTRL.elf.dir/Drivers/STM32F4xx_HAL_Driver/Src/stm32f4xx_hal_cortex.c.obj
LOAD CMakeFiles/BiPol-F401-CTRL.elf.dir/Drivers/STM32F4xx_HAL_Driver/Src/stm32f4xx_hal_crc.c.obj
LOAD CMakeFiles/BiPol-F401-CTRL.elf.dir/Drivers/STM32F4xx_HAL_Driver/Src/stm32f4xx_hal_dma.c.obj
LOAD CMakeFiles/BiPol-F401-CTRL.elf.dir/Drivers/STM32F4xx_HAL_Driver/Src/stm32f4xx_hal_dma_ex.c.obj
LOAD CMakeFiles/BiPol-F401-CTRL.elf.dir/Drivers/STM32F4xx_HAL_Driver/Src/stm32f4xx_hal_exti.c.obj
LOAD CMakeFiles/BiPol-F401-CTRL.elf.dir/Drivers/STM32F4xx_HAL_Driver/Src/stm32f4xx_hal_flash.c.obj
LOAD CMakeFiles/BiPol-F401-CTRL.elf.dir/Drivers/STM32F4xx_HAL_Driver/Src/stm32f4xx_hal_flash_ex.c.obj
LOAD CMakeFiles/BiPol-F401-CTRL.elf.dir/Drivers/STM32F4xx_HAL_Driver/Src/stm32f4xx_hal_flash_ramfunc.c.obj
LOAD CMakeFiles/BiPol-F401-CTRL.elf.dir/Drivers/STM32F4xx_HAL_Driver/Src/stm32f4xx_hal_gpio.c.obj
LOAD CMakeFiles/BiPol-F401-CTRL.elf.dir/Drivers/STM32F4xx_HAL_Driver/Src/stm32f4xx_hal_pwr.c.obj
LOAD CMakeFiles/BiPol-F401-CTRL.elf.dir/Drivers/STM32F4xx_HAL_Driver/Src/stm32f4xx_hal_pwr_ex.c.obj
LOAD CMakeFiles/BiPol-F401-CTRL.elf.dir/Drivers/STM32F4xx_HAL_Driver/Src/stm32f4xx_hal_rcc.c.obj
LOAD CMakeFiles/BiPol-F401-CTRL.elf.dir/Drivers/STM32F4xx_HAL_Driver/Src/stm32f4xx_hal_rcc_ex.c.obj
LOAD CMakeFiles/BiPol-F401-CTRL.elf.dir/Drivers/STM32F4xx_HAL_Driver/Src/stm32f4xx_hal_spi.c.obj
LOAD CMakeFiles/BiPol-F401-CTRL.elf.dir/Drivers/STM32F4xx_HAL_Driver/Src/stm32f4xx_hal_tim.c.obj
LOAD CMakeFiles/BiPol-F401-CTRL.elf.dir/Drivers/STM32F4xx_HAL_Driver/Src/stm32f4xx_hal_tim_ex.c.obj
LOAD CMakeFiles/BiPol-F401-CTRL.elf.dir/Drivers/STM32F4xx_HAL_Driver/Src/stm32f4xx_hal_uart.c.obj
LOAD CMakeFiles/BiPol-F401-CTRL.elf.dir/Drivers/STM32F4xx_HAL_Driver/Src/stm32f4xx_ll_adc.c.obj
START GROUP
LOAD c:/gcc-arm-none-eabi-10-2020-q4-major/bin/../lib/gcc/arm-none-eabi/10.2.1/thumb/v7e-m/nofp\libgcc.a
LOAD c:/gcc-arm-none-eabi-10-2020-q4-major/bin/../lib/gcc/arm-none-eabi/10.2.1/../../../../arm-none-eabi/lib/thumb/v7e-m/nofp\libg.a
LOAD c:/gcc-arm-none-eabi-10-2020-q4-major/bin/../lib/gcc/arm-none-eabi/10.2.1/../../../../arm-none-eabi/lib/thumb/v7e-m/nofp\libc.a
END GROUP
LOAD c:/gcc-arm-none-eabi-10-2020-q4-major/bin/../lib/gcc/arm-none-eabi/10.2.1/thumb/v7e-m/nofp/crtend.o
LOAD c:/gcc-arm-none-eabi-10-2020-q4-major/bin/../lib/gcc/arm-none-eabi/10.2.1/thumb/v7e-m/nofp/crtn.o
                0x20010000                _estack = (ORIGIN (RAM) + LENGTH (RAM))
                0x00000200                _Min_Heap_Size = 0x200
                0x00000400                _Min_Stack_Size = 0x400

.isr_vector     0x08000000      0x194
                0x08000000                . = ALIGN (0x4)
 *(.isr_vector)
 .isr_vector    0x08000000      0x194 CMakeFiles/BiPol-F401-CTRL.elf.dir/Core/Startup/startup_stm32f401rctx.s.obj
                0x08000000                g_pfnVectors
                0x08000194                . = ALIGN (0x4)

.text           0x080001c0     0xf704
                0x080001c0                . = ALIGN (0x4)
 *(.text)
 .text          0x080001c0       0x40 c:/gcc-arm-none-eabi-10-2020-q4-major/bin/../lib/gcc/arm-none-eabi/10.2.1/thumb/v7e-m/nofp/crtbegin.o
 .text          0x08000200      0x378 c:/gcc-arm-none-eabi-10-2020-q4-major/bin/../lib/gcc/arm-none-eabi/10.2.1/thumb/v7e-m/nofp\libgcc.a(_arm_addsubdf3.o)
                0x08000200                __aeabi_drsub
                0x08000208                __aeabi_dsub
                0x08000208                __subdf3
                0x0800020c                __aeabi_dadd
                0x0800020c                __adddf3
                0x08000484                __floatunsidf
                0x08000484                __aeabi_ui2d
                0x080004a4                __floatsidf
                0x080004a4                __aeabi_i2d
                0x080004c8                __aeabi_f2d
                0x080004c8                __extendsfdf2
                0x0800050c                __floatundidf
                0x0800050c                __aeabi_ul2d
                0x0800051c                __floatdidf
                0x0800051c                __aeabi_l2d
 .text          0x08000578      0x110 c:/gcc-arm-none-eabi-10-2020-q4-major/bin/../lib/gcc/arm-none-eabi/10.2.1/thumb/v7e-m/nofp\libgcc.a(_arm_cmpdf2.o)
                0x08000578                __gtdf2
                0x08000578                __gedf2
                0x08000580                __ltdf2
                0x08000580                __ledf2
                0x08000588                __nedf2
                0x08000588                __eqdf2
                0x08000588                __cmpdf2
                0x08000604                __aeabi_cdrcmple
                0x08000614                __aeabi_cdcmpeq
                0x08000614                __aeabi_cdcmple
                0x08000624                __aeabi_dcmpeq
                0x08000638                __aeabi_dcmplt
                0x0800064c                __aeabi_dcmple
                0x08000660                __aeabi_dcmpge
                0x08000674                __aeabi_dcmpgt
 .text          0x08000688      0x21c c:/gcc-arm-none-eabi-10-2020-q4-major/bin/../lib/gcc/arm-none-eabi/10.2.1/thumb/v7e-m/nofp\libgcc.a(_arm_addsubsf3.o)
                0x08000688                __aeabi_frsub
                0x08000690                __subsf3
                0x08000690                __aeabi_fsub
                0x08000694                __aeabi_fadd
                0x08000694                __addsf3
                0x080007f4                __aeabi_ui2f
                0x080007f4                __floatunsisf
                0x080007fc                __aeabi_i2f
                0x080007fc                __floatsisf
                0x08000818                __aeabi_ul2f
                0x08000818                __floatundisf
                0x08000828                __aeabi_l2f
                0x08000828                __floatdisf
 .text          0x080008a4      0x2a0 c:/gcc-arm-none-eabi-10-2020-q4-major/bin/../lib/gcc/arm-none-eabi/10.2.1/thumb/v7e-m/nofp\libgcc.a(_arm_muldivsf3.o)
                0x080008a4                __mulsf3
                0x080008a4                __aeabi_fmul
                0x08000a0c                __aeabi_fdiv
                0x08000a0c                __divsf3
 .text          0x08000b44       0xec c:/gcc-arm-none-eabi-10-2020-q4-major/bin/../lib/gcc/arm-none-eabi/10.2.1/thumb/v7e-m/nofp\libgcc.a(_arm_cmpsf2.o)
                0x08000b44                __gesf2
                0x08000b44                __gtsf2
                0x08000b4c                __lesf2
                0x08000b4c                __ltsf2
                0x08000b54                __nesf2
                0x08000b54                __eqsf2
                0x08000b54                __cmpsf2
                0x08000bb4                __aeabi_cfrcmple
                0x08000bbc                __aeabi_cfcmpeq
                0x08000bbc                __aeabi_cfcmple
                0x08000bcc                __aeabi_fcmpeq
                0x08000be0                __aeabi_fcmplt
                0x08000bf4                __aeabi_fcmple
                0x08000c08                __aeabi_fcmpge
                0x08000c1c                __aeabi_fcmpgt
 .text          0x08000c30       0x40 c:/gcc-arm-none-eabi-10-2020-q4-major/bin/../lib/gcc/arm-none-eabi/10.2.1/thumb/v7e-m/nofp\libgcc.a(_arm_fixunssfsi.o)
                0x08000c30                __fixunssfsi
                0x08000c30                __aeabi_f2uiz
 .text          0x08000c70       0x30 c:/gcc-arm-none-eabi-10-2020-q4-major/bin/../lib/gcc/arm-none-eabi/10.2.1/thumb/v7e-m/nofp\libgcc.a(_aeabi_uldivmod.o)
                0x08000c70                __aeabi_uldivmod
 .text          0x08000ca0       0x40 c:/gcc-arm-none-eabi-10-2020-q4-major/bin/../lib/gcc/arm-none-eabi/10.2.1/thumb/v7e-m/nofp\libgcc.a(_fixunssfdi.o)
                0x08000ca0                __fixunssfdi
                0x08000ca0                __aeabi_f2ulz
 .text          0x08000ce0      0x2d0 c:/gcc-arm-none-eabi-10-2020-q4-major/bin/../lib/gcc/arm-none-eabi/10.2.1/thumb/v7e-m/nofp\libgcc.a(_udivmoddi4.o)
                0x08000ce0                __udivmoddi4
 .text          0x08000fb0        0x4 c:/gcc-arm-none-eabi-10-2020-q4-major/bin/../lib/gcc/arm-none-eabi/10.2.1/thumb/v7e-m/nofp\libgcc.a(_dvmd_tls.o)
                0x08000fb0                __aeabi_idiv0
                0x08000fb0                __aeabi_ldiv0
 .text          0x08000fb4       0x40 c:/gcc-arm-none-eabi-10-2020-q4-major/bin/../lib/gcc/arm-none-eabi/10.2.1/thumb/v7e-m/nofp\libgcc.a(_arm_fixunsdfsi.o)
                0x08000fb4                __aeabi_d2uiz
                0x08000fb4                __fixunsdfsi
 .text          0x08000ff4      0x134 c:/gcc-arm-none-eabi-10-2020-q4-major/bin/../lib/gcc/arm-none-eabi/10.2.1/../../../../arm-none-eabi/lib/thumb/v7e-m/nofp\libg.a(lib_a-memcpy.o)
                0x08000ff4                memcpy
 *fill*         0x08001128       0x18 
 .text          0x08001140       0xdc c:/gcc-arm-none-eabi-10-2020-q4-major/bin/../lib/gcc/arm-none-eabi/10.2.1/../../../../arm-none-eabi/lib/thumb/v7e-m/nofp\libg.a(lib_a-strlen.o)
                0x08001140                strlen
 *fill*         0x0800121c        0x4 
 .text          0x08001220       0xa0 c:/gcc-arm-none-eabi-10-2020-q4-major/bin/../lib/gcc/arm-none-eabi/10.2.1/../../../../arm-none-eabi/lib/thumb/v7e-m/nofp\libg.a(lib_a-memchr.o)
                0x08001220                memchr
 .text          0x080012c0      0x424 c:/gcc-arm-none-eabi-10-2020-q4-major/bin/../lib/gcc/arm-none-eabi/10.2.1/thumb/v7e-m/nofp\libgcc.a(_arm_muldivdf3.o)
                0x080012c0                __aeabi_dmul
                0x080012c0                __muldf3
                0x08001514                __divdf3
                0x08001514                __aeabi_ddiv
 .text          0x080016e4       0x2c c:/gcc-arm-none-eabi-10-2020-q4-major/bin/../lib/gcc/arm-none-eabi/10.2.1/thumb/v7e-m/nofp\libgcc.a(_arm_unorddf2.o)
                0x080016e4                __unorddf2
                0x080016e4                __aeabi_dcmpun
 .text          0x08001710       0x50 c:/gcc-arm-none-eabi-10-2020-q4-major/bin/../lib/gcc/arm-none-eabi/10.2.1/thumb/v7e-m/nofp\libgcc.a(_arm_fixdfsi.o)
                0x08001710                __aeabi_d2iz
                0x08001710                __fixdfsi
 *(.text*)
 .text.LCD_WR_REG
                0x08001760       0x4c CMakeFiles/BiPol-F401-CTRL.elf.dir/Core/Src/LCD.c.obj
                0x08001760                LCD_WR_REG
 .text.LCD_WR_DATA
                0x080017ac       0x4c CMakeFiles/BiPol-F401-CTRL.elf.dir/Core/Src/LCD.c.obj
                0x080017ac                LCD_WR_DATA
 .text.LCD_WR_DATA_BULK
                0x080017f8       0x44 CMakeFiles/BiPol-F401-CTRL.elf.dir/Core/Src/LCD.c.obj
                0x080017f8                LCD_WR_DATA_BULK
 .text.LCD_WriteRAM_Prepare
                0x0800183c       0x10 CMakeFiles/BiPol-F401-CTRL.elf.dir/Core/Src/LCD.c.obj
                0x0800183c                LCD_WriteRAM_Prepare
 .text.LCD_WriteRAM
                0x0800184c       0x50 CMakeFiles/BiPol-F401-CTRL.elf.dir/Core/Src/LCD.c.obj
                0x0800184c                LCD_WriteRAM
 .text.LCD_SetCursor
                0x0800189c       0x34 CMakeFiles/BiPol-F401-CTRL.elf.dir/Core/Src/LCD.c.obj
                0x0800189c                LCD_SetCursor
 .text.LCD_WriteReg
                0x080018d0       0x12 CMakeFiles/BiPol-F401-CTRL.elf.dir/Core/Src/LCD.c.obj
                0x080018d0                LCD_WriteReg
 *fill*         0x080018e2        0x2 
 .text.LCD_DrawPoint
                0x080018e4       0x18 CMakeFiles/BiPol-F401-CTRL.elf.dir/Core/Src/LCD.c.obj
                0x080018e4                LCD_DrawPoint
 .text.LCD_Fast_DrawPoint
                0x080018fc       0x18 CMakeFiles/BiPol-F401-CTRL.elf.dir/Core/Src/LCD.c.obj
                0x080018fc                LCD_Fast_DrawPoint
 .text.LCD_Set_Window
                0x08001914       0x64 CMakeFiles/BiPol-F401-CTRL.elf.dir/Core/Src/LCD.c.obj
                0x08001914                LCD_Set_Window
 .text.LCD_Init
                0x08001978      0x1bc CMakeFiles/BiPol-F401-CTRL.elf.dir/Core/Src/LCD.c.obj
                0x08001978                LCD_Init
 .text.LCD_Display_On
                0x08001b34        0xa CMakeFiles/BiPol-F401-CTRL.elf.dir/Core/Src/LCD.c.obj
                0x08001b34                LCD_Display_On
 *fill*         0x08001b3e        0x2 
 .text.LCD_Display_Dir
                0x08001b40       0xe0 CMakeFiles/BiPol-F401-CTRL.elf.dir/Core/Src/LCD.c.obj
                0x08001b40                LCD_Display_Dir
 .text.LCD_Turn_On_Backlight
                0x08001c20       0x14 CMakeFiles/BiPol-F401-CTRL.elf.dir/Core/Src/LCD.c.obj
                0x08001c20                LCD_Turn_On_Backlight
 .text.LCD_DrawLine
                0x08001c34       0x9e CMakeFiles/BiPol-F401-CTRL.elf.dir/Core/Src/LCD.c.obj
                0x08001c34                LCD_DrawLine
 .text.LCD_DrawRectangle
                0x08001cd2       0x36 CMakeFiles/BiPol-F401-CTRL.elf.dir/Core/Src/LCD.c.obj
                0x08001cd2                LCD_DrawRectangle
 .text.LCD_Fill
                0x08001d08      0x110 CMakeFiles/BiPol-F401-CTRL.elf.dir/Core/Src/LCD.c.obj
                0x08001d08                LCD_Fill
 .text.LCD_Clear
                0x08001e18       0x2c CMakeFiles/BiPol-F401-CTRL.elf.dir/Core/Src/LCD.c.obj
                0x08001e18                LCD_Clear
 .text.LCD_ShowHeitiChar2010
                0x08001e44      0x168 CMakeFiles/BiPol-F401-CTRL.elf.dir/Core/Src/LCD.c.obj
                0x08001e44                LCD_ShowHeitiChar2010
 .text.LCD_ShowHeitiString2010
                0x08001fac       0x20 CMakeFiles/BiPol-F401-CTRL.elf.dir/Core/Src/LCD.c.obj
                0x08001fac                LCD_ShowHeitiString2010
 .text.LCD_ShowSongtiChar2010
                0x08001fcc      0x1dc CMakeFiles/BiPol-F401-CTRL.elf.dir/Core/Src/LCD.c.obj
                0x08001fcc                LCD_ShowSongtiChar2010
 .text.LCD_ShowSongtiString2010
                0x080021a8       0x24 CMakeFiles/BiPol-F401-CTRL.elf.dir/Core/Src/LCD.c.obj
                0x080021a8                LCD_ShowSongtiString2010
 .text.LCD_ShowSongtiChar1206
                0x080021cc       0x6c CMakeFiles/BiPol-F401-CTRL.elf.dir/Core/Src/LCD.c.obj
                0x080021cc                LCD_ShowSongtiChar1206
 .text.LCD_ShowSongtiChar1407
                0x08002238       0xec CMakeFiles/BiPol-F401-CTRL.elf.dir/Core/Src/LCD.c.obj
                0x08002238                LCD_ShowSongtiChar1407
 .text.LCD_ShowSongtiString1407
                0x08002324       0x20 CMakeFiles/BiPol-F401-CTRL.elf.dir/Core/Src/LCD.c.obj
                0x08002324                LCD_ShowSongtiString1407
 .text.LCD_ShowHeitiChar2814
                0x08002344      0x10c CMakeFiles/BiPol-F401-CTRL.elf.dir/Core/Src/LCD.c.obj
                0x08002344                LCD_ShowHeitiChar2814
 .text.LCD_ShowHeitiString2814
                0x08002450       0x20 CMakeFiles/BiPol-F401-CTRL.elf.dir/Core/Src/LCD.c.obj
                0x08002450                LCD_ShowHeitiString2814
 .text.MX_ADC1_Init
                0x08002470       0xd4 CMakeFiles/BiPol-F401-CTRL.elf.dir/Core/Src/adc.c.obj
                0x08002470                MX_ADC1_Init
 .text.HAL_ADC_MspInit
                0x08002544       0xac CMakeFiles/BiPol-F401-CTRL.elf.dir/Core/Src/adc.c.obj
                0x08002544                HAL_ADC_MspInit
 .text.MX_CRC_Init
                0x080025f0       0x20 CMakeFiles/BiPol-F401-CTRL.elf.dir/Core/Src/crc.c.obj
                0x080025f0                MX_CRC_Init
 .text.HAL_CRC_MspInit
                0x08002610       0x30 CMakeFiles/BiPol-F401-CTRL.elf.dir/Core/Src/crc.c.obj
                0x08002610                HAL_CRC_MspInit
 .text.MX_DMA_Init
                0x08002640       0x34 CMakeFiles/BiPol-F401-CTRL.elf.dir/Core/Src/dma.c.obj
                0x08002640                MX_DMA_Init
 .text.find_next_write_offset
                0x08002674       0x28 CMakeFiles/BiPol-F401-CTRL.elf.dir/Core/Src/flash_store.c.obj
 .text.calculate_crc32
                0x0800269c       0x14 CMakeFiles/BiPol-F401-CTRL.elf.dir/Core/Src/flash_store.c.obj
 .text.find_latest_packet
                0x080026b0       0x9c CMakeFiles/BiPol-F401-CTRL.elf.dir/Core/Src/flash_store.c.obj
 .text.FlashStore_GetLatest
                0x0800274c       0xaa CMakeFiles/BiPol-F401-CTRL.elf.dir/Core/Src/flash_store.c.obj
                0x0800274c                FlashStore_GetLatest
 *fill*         0x080027f6        0x2 
 .text.FlashStore_Format
                0x080027f8       0x64 CMakeFiles/BiPol-F401-CTRL.elf.dir/Core/Src/flash_store.c.obj
                0x080027f8                FlashStore_Format
 .text.FlashStore_Init
                0x0800285c       0x5c CMakeFiles/BiPol-F401-CTRL.elf.dir/Core/Src/flash_store.c.obj
                0x0800285c                FlashStore_Init
 .text.FlashStore_Save
                0x080028b8      0x174 CMakeFiles/BiPol-F401-CTRL.elf.dir/Core/Src/flash_store.c.obj
                0x080028b8                FlashStore_Save
 .text.MX_GPIO_Init
                0x08002a2c      0x108 CMakeFiles/BiPol-F401-CTRL.elf.dir/Core/Src/gpio.c.obj
                0x08002a2c                MX_GPIO_Init
 .text.saveVal  0x08002b34      0x100 CMakeFiles/BiPol-F401-CTRL.elf.dir/Core/Src/main.c.obj
 .text.__io_putchar
                0x08002c34       0x20 CMakeFiles/BiPol-F401-CTRL.elf.dir/Core/Src/main.c.obj
                0x08002c34                __io_putchar
 .text.Get_Global_Time_us
                0x08002c54       0x1c CMakeFiles/BiPol-F401-CTRL.elf.dir/Core/Src/main.c.obj
                0x08002c54                Get_Global_Time_us
 .text.didi     0x08002c70       0x10 CMakeFiles/BiPol-F401-CTRL.elf.dir/Core/Src/main.c.obj
                0x08002c70                didi
 .text.HAL_TIM_PeriodElapsedCallback
                0x08002c80      0x31c CMakeFiles/BiPol-F401-CTRL.elf.dir/Core/Src/main.c.obj
                0x08002c80                HAL_TIM_PeriodElapsedCallback
 .text.env_detect
                0x08002f9c       0x68 CMakeFiles/BiPol-F401-CTRL.elf.dir/Core/Src/main.c.obj
                0x08002f9c                env_detect
 .text.updateParameter
                0x08003004       0xd8 CMakeFiles/BiPol-F401-CTRL.elf.dir/Core/Src/main.c.obj
                0x08003004                updateParameter
 .text.UpdateVoltageMeasurements
                0x080030dc       0xe8 CMakeFiles/BiPol-F401-CTRL.elf.dir/Core/Src/main.c.obj
                0x080030dc                UpdateVoltageMeasurements
 .text.HAL_ADC_ConvCpltCallback
                0x080031c4       0x18 CMakeFiles/BiPol-F401-CTRL.elf.dir/Core/Src/main.c.obj
                0x080031c4                HAL_ADC_ConvCpltCallback
 *fill*         0x080031dc        0x4 
 .text.SystemStateMachine
                0x080031e0      0x260 CMakeFiles/BiPol-F401-CTRL.elf.dir/Core/Src/main.c.obj
                0x080031e0                SystemStateMachine
 .text.update_cap_equalizer
                0x08003440       0x84 CMakeFiles/BiPol-F401-CTRL.elf.dir/Core/Src/main.c.obj
                0x08003440                update_cap_equalizer
 .text.back_to_idle
                0x080034c4       0x14 CMakeFiles/BiPol-F401-CTRL.elf.dir/Core/Src/main.c.obj
                0x080034c4                back_to_idle
 .text.saveBeforeExit
                0x080034d8       0x78 CMakeFiles/BiPol-F401-CTRL.elf.dir/Core/Src/main.c.obj
                0x080034d8                saveBeforeExit
 .text.edit_state
                0x08003550       0x80 CMakeFiles/BiPol-F401-CTRL.elf.dir/Core/Src/main.c.obj
                0x08003550                edit_state
 .text.update_state_machine
                0x080035d0      0x418 CMakeFiles/BiPol-F401-CTRL.elf.dir/Core/Src/main.c.obj
                0x080035d0                update_state_machine
 .text.update_pulse_generation
                0x080039e8      0x140 CMakeFiles/BiPol-F401-CTRL.elf.dir/Core/Src/main.c.obj
                0x080039e8                update_pulse_generation
 .text.Error_Handler
                0x08003b28        0x4 CMakeFiles/BiPol-F401-CTRL.elf.dir/Core/Src/main.c.obj
                0x08003b28                Error_Handler
 .text.SystemClock_Config
                0x08003b2c       0xa4 CMakeFiles/BiPol-F401-CTRL.elf.dir/Core/Src/main.c.obj
                0x08003b2c                SystemClock_Config
 .text.main     0x08003bd0      0x2c0 CMakeFiles/BiPol-F401-CTRL.elf.dir/Core/Src/main.c.obj
                0x08003bd0                main
 .text.MX_SPI3_Init
                0x08003e90       0x40 CMakeFiles/BiPol-F401-CTRL.elf.dir/Core/Src/spi.c.obj
                0x08003e90                MX_SPI3_Init
 .text.HAL_SPI_MspInit
                0x08003ed0       0x70 CMakeFiles/BiPol-F401-CTRL.elf.dir/Core/Src/spi.c.obj
                0x08003ed0                HAL_SPI_MspInit
 .text.HAL_MspInit
                0x08003f40       0x38 CMakeFiles/BiPol-F401-CTRL.elf.dir/Core/Src/stm32f4xx_hal_msp.c.obj
                0x08003f40                HAL_MspInit
 .text.NMI_Handler
                0x08003f78        0x2 CMakeFiles/BiPol-F401-CTRL.elf.dir/Core/Src/stm32f4xx_it.c.obj
                0x08003f78                NMI_Handler
 .text.HardFault_Handler
                0x08003f7a        0x2 CMakeFiles/BiPol-F401-CTRL.elf.dir/Core/Src/stm32f4xx_it.c.obj
                0x08003f7a                HardFault_Handler
 .text.MemManage_Handler
                0x08003f7c        0x2 CMakeFiles/BiPol-F401-CTRL.elf.dir/Core/Src/stm32f4xx_it.c.obj
                0x08003f7c                MemManage_Handler
 .text.BusFault_Handler
                0x08003f7e        0x2 CMakeFiles/BiPol-F401-CTRL.elf.dir/Core/Src/stm32f4xx_it.c.obj
                0x08003f7e                BusFault_Handler
 .text.UsageFault_Handler
                0x08003f80        0x2 CMakeFiles/BiPol-F401-CTRL.elf.dir/Core/Src/stm32f4xx_it.c.obj
                0x08003f80                UsageFault_Handler
 .text.SVC_Handler
                0x08003f82        0x2 CMakeFiles/BiPol-F401-CTRL.elf.dir/Core/Src/stm32f4xx_it.c.obj
                0x08003f82                SVC_Handler
 .text.DebugMon_Handler
                0x08003f84        0x2 CMakeFiles/BiPol-F401-CTRL.elf.dir/Core/Src/stm32f4xx_it.c.obj
                0x08003f84                DebugMon_Handler
 .text.PendSV_Handler
                0x08003f86        0x2 CMakeFiles/BiPol-F401-CTRL.elf.dir/Core/Src/stm32f4xx_it.c.obj
                0x08003f86                PendSV_Handler
 .text.SysTick_Handler
                0x08003f88        0x8 CMakeFiles/BiPol-F401-CTRL.elf.dir/Core/Src/stm32f4xx_it.c.obj
                0x08003f88                SysTick_Handler
 .text.TIM2_IRQHandler
                0x08003f90       0x10 CMakeFiles/BiPol-F401-CTRL.elf.dir/Core/Src/stm32f4xx_it.c.obj
                0x08003f90                TIM2_IRQHandler
 .text.TIM3_IRQHandler
                0x08003fa0       0x10 CMakeFiles/BiPol-F401-CTRL.elf.dir/Core/Src/stm32f4xx_it.c.obj
                0x08003fa0                TIM3_IRQHandler
 .text.TIM4_IRQHandler
                0x08003fb0       0x10 CMakeFiles/BiPol-F401-CTRL.elf.dir/Core/Src/stm32f4xx_it.c.obj
                0x08003fb0                TIM4_IRQHandler
 .text.DMA2_Stream0_IRQHandler
                0x08003fc0       0x10 CMakeFiles/BiPol-F401-CTRL.elf.dir/Core/Src/stm32f4xx_it.c.obj
                0x08003fc0                DMA2_Stream0_IRQHandler
 .text._getpid  0x08003fd0        0x4 CMakeFiles/BiPol-F401-CTRL.elf.dir/Core/Src/syscalls.c.obj
                0x08003fd0                _getpid
 .text._kill    0x08003fd4       0x10 CMakeFiles/BiPol-F401-CTRL.elf.dir/Core/Src/syscalls.c.obj
                0x08003fd4                _kill
 .text._exit    0x08003fe4        0xc CMakeFiles/BiPol-F401-CTRL.elf.dir/Core/Src/syscalls.c.obj
                0x08003fe4                _exit
 .text._read    0x08003ff0       0x20 CMakeFiles/BiPol-F401-CTRL.elf.dir/Core/Src/syscalls.c.obj
                0x08003ff0                _read
 .text._write   0x08004010       0x1c CMakeFiles/BiPol-F401-CTRL.elf.dir/Core/Src/syscalls.c.obj
                0x08004010                _write
 .text._close   0x0800402c        0x6 CMakeFiles/BiPol-F401-CTRL.elf.dir/Core/Src/syscalls.c.obj
                0x0800402c                _close
 .text._fstat   0x08004032        0xa CMakeFiles/BiPol-F401-CTRL.elf.dir/Core/Src/syscalls.c.obj
                0x08004032                _fstat
 .text._isatty  0x0800403c        0x4 CMakeFiles/BiPol-F401-CTRL.elf.dir/Core/Src/syscalls.c.obj
                0x0800403c                _isatty
 .text._lseek   0x08004040        0x4 CMakeFiles/BiPol-F401-CTRL.elf.dir/Core/Src/syscalls.c.obj
                0x08004040                _lseek
 .text._sbrk    0x08004044       0x48 CMakeFiles/BiPol-F401-CTRL.elf.dir/Core/Src/sysmem.c.obj
                0x08004044                _sbrk
 .text.SystemInit
                0x0800408c        0x2 CMakeFiles/BiPol-F401-CTRL.elf.dir/Core/Src/system_stm32f4xx.c.obj
                0x0800408c                SystemInit
 *fill*         0x0800408e        0x2 
 .text.MX_TIM2_Init
                0x08004090       0x70 CMakeFiles/BiPol-F401-CTRL.elf.dir/Core/Src/tim.c.obj
                0x08004090                MX_TIM2_Init
 .text.MX_TIM3_Init
                0x08004100       0x70 CMakeFiles/BiPol-F401-CTRL.elf.dir/Core/Src/tim.c.obj
                0x08004100                MX_TIM3_Init
 .text.MX_TIM4_Init
                0x08004170       0x70 CMakeFiles/BiPol-F401-CTRL.elf.dir/Core/Src/tim.c.obj
                0x08004170                MX_TIM4_Init
 .text.HAL_TIM_Base_MspInit
                0x080041e0       0xa4 CMakeFiles/BiPol-F401-CTRL.elf.dir/Core/Src/tim.c.obj
                0x080041e0                HAL_TIM_Base_MspInit
 .text.Draw_RoundedRectangleBody
                0x08004284      0x30e CMakeFiles/BiPol-F401-CTRL.elf.dir/Core/Src/ui.c.obj
                0x08004284                Draw_RoundedRectangleBody
 .text.Draw_RoundedRectangleEdge
                0x08004592      0x470 CMakeFiles/BiPol-F401-CTRL.elf.dir/Core/Src/ui.c.obj
                0x08004592                Draw_RoundedRectangleEdge
 .text.Draw_RoundedRectangleCorner
                0x08004a02      0x176 CMakeFiles/BiPol-F401-CTRL.elf.dir/Core/Src/ui.c.obj
                0x08004a02                Draw_RoundedRectangleCorner
 .text.Draw_RoundedRectangle
                0x08004b78       0x24 CMakeFiles/BiPol-F401-CTRL.elf.dir/Core/Src/ui.c.obj
                0x08004b78                Draw_RoundedRectangle
 .text.Draw_WaveLine
                0x08004b9c      0x412 CMakeFiles/BiPol-F401-CTRL.elf.dir/Core/Src/ui.c.obj
                0x08004b9c                Draw_WaveLine
 *fill*         0x08004fae        0x2 
 .text.Draw_StaticText
                0x08004fb0      0x174 CMakeFiles/BiPol-F401-CTRL.elf.dir/Core/Src/ui.c.obj
                0x08004fb0                Draw_StaticText
 .text.ShowCnt  0x08005124       0x40 CMakeFiles/BiPol-F401-CTRL.elf.dir/Core/Src/ui.c.obj
                0x08005124                ShowCnt
 .text.ShowC1C2
                0x08005164       0xbc CMakeFiles/BiPol-F401-CTRL.elf.dir/Core/Src/ui.c.obj
                0x08005164                ShowC1C2
 .text.ShowC3C4
                0x08005220       0xbc CMakeFiles/BiPol-F401-CTRL.elf.dir/Core/Src/ui.c.obj
                0x08005220                ShowC3C4
 .text.ShowSetVoltage
                0x080052dc       0x90 CMakeFiles/BiPol-F401-CTRL.elf.dir/Core/Src/ui.c.obj
                0x080052dc                ShowSetVoltage
 .text.ShowSQDuration
                0x0800536c       0x7c CMakeFiles/BiPol-F401-CTRL.elf.dir/Core/Src/ui.c.obj
                0x0800536c                ShowSQDuration
 .text.ShowWE1Duration
                0x080053e8       0xa0 CMakeFiles/BiPol-F401-CTRL.elf.dir/Core/Src/ui.c.obj
                0x080053e8                ShowWE1Duration
 .text.ShowCOOLDuration
                0x08005488       0x78 CMakeFiles/BiPol-F401-CTRL.elf.dir/Core/Src/ui.c.obj
                0x08005488                ShowCOOLDuration
 .text.ShowWE2Duration
                0x08005500       0xac CMakeFiles/BiPol-F401-CTRL.elf.dir/Core/Src/ui.c.obj
                0x08005500                ShowWE2Duration
 .text.ShowWeldingCurrent
                0x080055ac       0x34 CMakeFiles/BiPol-F401-CTRL.elf.dir/Core/Src/ui.c.obj
                0x080055ac                ShowWeldingCurrent
 .text.ShowWeldingMode
                0x080055e0       0x6c CMakeFiles/BiPol-F401-CTRL.elf.dir/Core/Src/ui.c.obj
                0x080055e0                ShowWeldingMode
 .text.ShowSelectedChannel
                0x0800564c       0x64 CMakeFiles/BiPol-F401-CTRL.elf.dir/Core/Src/ui.c.obj
                0x0800564c                ShowSelectedChannel
 .text.ShowSaving
                0x080056b0       0x40 CMakeFiles/BiPol-F401-CTRL.elf.dir/Core/Src/ui.c.obj
                0x080056b0                ShowSaving
 .text.initUI   0x080056f0      0x218 CMakeFiles/BiPol-F401-CTRL.elf.dir/Core/Src/ui.c.obj
                0x080056f0                initUI
 .text.ShowSelectedButton
                0x08005908       0xb0 CMakeFiles/BiPol-F401-CTRL.elf.dir/Core/Src/ui.c.obj
                0x08005908                ShowSelectedButton
 .text.MX_USART1_UART_Init
                0x080059b8       0x34 CMakeFiles/BiPol-F401-CTRL.elf.dir/Core/Src/usart.c.obj
                0x080059b8                MX_USART1_UART_Init
 .text.HAL_UART_MspInit
                0x080059ec       0x74 CMakeFiles/BiPol-F401-CTRL.elf.dir/Core/Src/usart.c.obj
                0x080059ec                HAL_UART_MspInit
 .text.Reset_Handler
                0x08005a60       0x50 CMakeFiles/BiPol-F401-CTRL.elf.dir/Core/Startup/startup_stm32f401rctx.s.obj
                0x08005a60                Reset_Handler
 .text.Default_Handler
                0x08005ab0        0x2 CMakeFiles/BiPol-F401-CTRL.elf.dir/Core/Startup/startup_stm32f401rctx.s.obj
                0x08005ab0                RTC_Alarm_IRQHandler
                0x08005ab0                EXTI2_IRQHandler
                0x08005ab0                SPI4_IRQHandler
                0x08005ab0                TIM1_CC_IRQHandler
                0x08005ab0                DMA2_Stream5_IRQHandler
                0x08005ab0                DMA1_Stream5_IRQHandler
                0x08005ab0                PVD_IRQHandler
                0x08005ab0                SDIO_IRQHandler
                0x08005ab0                TAMP_STAMP_IRQHandler
                0x08005ab0                EXTI3_IRQHandler
                0x08005ab0                TIM1_UP_TIM10_IRQHandler
                0x08005ab0                I2C3_ER_IRQHandler
                0x08005ab0                EXTI0_IRQHandler
                0x08005ab0                I2C2_EV_IRQHandler
                0x08005ab0                DMA1_Stream2_IRQHandler
                0x08005ab0                FPU_IRQHandler
                0x08005ab0                DMA2_Stream2_IRQHandler
                0x08005ab0                SPI1_IRQHandler
                0x08005ab0                TIM1_BRK_TIM9_IRQHandler
                0x08005ab0                DMA2_Stream3_IRQHandler
                0x08005ab0                USART6_IRQHandler
                0x08005ab0                I2C1_EV_IRQHandler
                0x08005ab0                DMA1_Stream6_IRQHandler
                0x08005ab0                DMA1_Stream1_IRQHandler
                0x08005ab0                RCC_IRQHandler
                0x08005ab0                Default_Handler
                0x08005ab0                EXTI15_10_IRQHandler
                0x08005ab0                ADC_IRQHandler
                0x08005ab0                DMA1_Stream7_IRQHandler
                0x08005ab0                TIM5_IRQHandler
                0x08005ab0                DMA2_Stream7_IRQHandler
                0x08005ab0                I2C3_EV_IRQHandler
                0x08005ab0                EXTI9_5_IRQHandler
                0x08005ab0                RTC_WKUP_IRQHandler
                0x08005ab0                SPI2_IRQHandler
                0x08005ab0                DMA1_Stream0_IRQHandler
                0x08005ab0                EXTI4_IRQHandler
                0x08005ab0                WWDG_IRQHandler
                0x08005ab0                OTG_FS_WKUP_IRQHandler
                0x08005ab0                TIM1_TRG_COM_TIM11_IRQHandler
                0x08005ab0                EXTI1_IRQHandler
                0x08005ab0                USART2_IRQHandler
                0x08005ab0                I2C2_ER_IRQHandler
                0x08005ab0                DMA2_Stream1_IRQHandler
                0x08005ab0                FLASH_IRQHandler
                0x08005ab0                DMA2_Stream4_IRQHandler
                0x08005ab0                USART1_IRQHandler
                0x08005ab0                OTG_FS_IRQHandler
                0x08005ab0                SPI3_IRQHandler
                0x08005ab0                DMA1_Stream4_IRQHandler
                0x08005ab0                I2C1_ER_IRQHandler
                0x08005ab0                DMA2_Stream6_IRQHandler
                0x08005ab0                DMA1_Stream3_IRQHandler
 *fill*         0x08005ab2        0x2 
 .text.HAL_InitTick
                0x08005ab4       0x4c CMakeFiles/BiPol-F401-CTRL.elf.dir/Drivers/STM32F4xx_HAL_Driver/Src/stm32f4xx_hal.c.obj
                0x08005ab4                HAL_InitTick
 .text.HAL_Init
                0x08005b00       0x34 CMakeFiles/BiPol-F401-CTRL.elf.dir/Drivers/STM32F4xx_HAL_Driver/Src/stm32f4xx_hal.c.obj
                0x08005b00                HAL_Init
 .text.HAL_IncTick
                0x08005b34       0x18 CMakeFiles/BiPol-F401-CTRL.elf.dir/Drivers/STM32F4xx_HAL_Driver/Src/stm32f4xx_hal.c.obj
                0x08005b34                HAL_IncTick
 .text.HAL_GetTick
                0x08005b4c        0xc CMakeFiles/BiPol-F401-CTRL.elf.dir/Drivers/STM32F4xx_HAL_Driver/Src/stm32f4xx_hal.c.obj
                0x08005b4c                HAL_GetTick
 .text.HAL_Delay
                0x08005b58       0x28 CMakeFiles/BiPol-F401-CTRL.elf.dir/Drivers/STM32F4xx_HAL_Driver/Src/stm32f4xx_hal.c.obj
                0x08005b58                HAL_Delay
 .text.ADC_Init
                0x08005b80      0x134 CMakeFiles/BiPol-F401-CTRL.elf.dir/Drivers/STM32F4xx_HAL_Driver/Src/stm32f4xx_hal_adc.c.obj
 .text.HAL_ADC_Init
                0x08005cb4       0x56 CMakeFiles/BiPol-F401-CTRL.elf.dir/Drivers/STM32F4xx_HAL_Driver/Src/stm32f4xx_hal_adc.c.obj
                0x08005cb4                HAL_ADC_Init
 *fill*         0x08005d0a        0x2 
 .text.HAL_ADC_Start_DMA
                0x08005d0c      0x164 CMakeFiles/BiPol-F401-CTRL.elf.dir/Drivers/STM32F4xx_HAL_Driver/Src/stm32f4xx_hal_adc.c.obj
                0x08005d0c                HAL_ADC_Start_DMA
 .text.HAL_ADC_ConvHalfCpltCallback
                0x08005e70        0x2 CMakeFiles/BiPol-F401-CTRL.elf.dir/Drivers/STM32F4xx_HAL_Driver/Src/stm32f4xx_hal_adc.c.obj
                0x08005e70                HAL_ADC_ConvHalfCpltCallback
 .text.ADC_DMAHalfConvCplt
                0x08005e72        0xa CMakeFiles/BiPol-F401-CTRL.elf.dir/Drivers/STM32F4xx_HAL_Driver/Src/stm32f4xx_hal_adc.c.obj
 .text.HAL_ADC_ErrorCallback
                0x08005e7c        0x2 CMakeFiles/BiPol-F401-CTRL.elf.dir/Drivers/STM32F4xx_HAL_Driver/Src/stm32f4xx_hal_adc.c.obj
                0x08005e7c                HAL_ADC_ErrorCallback
 .text.ADC_DMAError
                0x08005e7e       0x16 CMakeFiles/BiPol-F401-CTRL.elf.dir/Drivers/STM32F4xx_HAL_Driver/Src/stm32f4xx_hal_adc.c.obj
 .text.ADC_DMAConvCplt
                0x08005e94       0x72 CMakeFiles/BiPol-F401-CTRL.elf.dir/Drivers/STM32F4xx_HAL_Driver/Src/stm32f4xx_hal_adc.c.obj
 *fill*         0x08005f06        0x2 
 .text.HAL_ADC_ConfigChannel
                0x08005f08      0x198 CMakeFiles/BiPol-F401-CTRL.elf.dir/Drivers/STM32F4xx_HAL_Driver/Src/stm32f4xx_hal_adc.c.obj
                0x08005f08                HAL_ADC_ConfigChannel
 .text.HAL_NVIC_SetPriorityGrouping
                0x080060a0       0x24 CMakeFiles/BiPol-F401-CTRL.elf.dir/Drivers/STM32F4xx_HAL_Driver/Src/stm32f4xx_hal_cortex.c.obj
                0x080060a0                HAL_NVIC_SetPriorityGrouping
 .text.HAL_NVIC_SetPriority
                0x080060c4       0x70 CMakeFiles/BiPol-F401-CTRL.elf.dir/Drivers/STM32F4xx_HAL_Driver/Src/stm32f4xx_hal_cortex.c.obj
                0x080060c4                HAL_NVIC_SetPriority
 .text.HAL_NVIC_EnableIRQ
                0x08006134       0x1c CMakeFiles/BiPol-F401-CTRL.elf.dir/Drivers/STM32F4xx_HAL_Driver/Src/stm32f4xx_hal_cortex.c.obj
                0x08006134                HAL_NVIC_EnableIRQ
 .text.HAL_SYSTICK_Config
                0x08006150       0x28 CMakeFiles/BiPol-F401-CTRL.elf.dir/Drivers/STM32F4xx_HAL_Driver/Src/stm32f4xx_hal_cortex.c.obj
                0x08006150                HAL_SYSTICK_Config
 .text.HAL_CRC_Init
                0x08006178       0x1e CMakeFiles/BiPol-F401-CTRL.elf.dir/Drivers/STM32F4xx_HAL_Driver/Src/stm32f4xx_hal_crc.c.obj
                0x08006178                HAL_CRC_Init
 .text.HAL_CRC_Calculate
                0x08006196       0x48 CMakeFiles/BiPol-F401-CTRL.elf.dir/Drivers/STM32F4xx_HAL_Driver/Src/stm32f4xx_hal_crc.c.obj
                0x08006196                HAL_CRC_Calculate
 .text.DMA_SetConfig
                0x080061de       0x2c CMakeFiles/BiPol-F401-CTRL.elf.dir/Drivers/STM32F4xx_HAL_Driver/Src/stm32f4xx_hal_dma.c.obj
 *fill*         0x0800620a        0x2 
 .text.DMA_CalcBaseAndBitshift
                0x0800620c       0x40 CMakeFiles/BiPol-F401-CTRL.elf.dir/Drivers/STM32F4xx_HAL_Driver/Src/stm32f4xx_hal_dma.c.obj
 .text.DMA_CheckFifoParam
                0x0800624c       0x8e CMakeFiles/BiPol-F401-CTRL.elf.dir/Drivers/STM32F4xx_HAL_Driver/Src/stm32f4xx_hal_dma.c.obj
 *fill*         0x080062da        0x2 
 .text.HAL_DMA_Init
                0x080062dc       0xcc CMakeFiles/BiPol-F401-CTRL.elf.dir/Drivers/STM32F4xx_HAL_Driver/Src/stm32f4xx_hal_dma.c.obj
                0x080062dc                HAL_DMA_Init
 .text.HAL_DMA_Start_IT
                0x080063a8       0x6a CMakeFiles/BiPol-F401-CTRL.elf.dir/Drivers/STM32F4xx_HAL_Driver/Src/stm32f4xx_hal_dma.c.obj
                0x080063a8                HAL_DMA_Start_IT
 *fill*         0x08006412        0x2 
 .text.HAL_DMA_IRQHandler
                0x08006414      0x1dc CMakeFiles/BiPol-F401-CTRL.elf.dir/Drivers/STM32F4xx_HAL_Driver/Src/stm32f4xx_hal_dma.c.obj
                0x08006414                HAL_DMA_IRQHandler
 .text.FLASH_Program_DoubleWord
                0x080065f0       0x2c CMakeFiles/BiPol-F401-CTRL.elf.dir/Drivers/STM32F4xx_HAL_Driver/Src/stm32f4xx_hal_flash.c.obj
 .text.FLASH_Program_Word
                0x0800661c       0x24 CMakeFiles/BiPol-F401-CTRL.elf.dir/Drivers/STM32F4xx_HAL_Driver/Src/stm32f4xx_hal_flash.c.obj
 .text.FLASH_Program_HalfWord
                0x08006640       0x24 CMakeFiles/BiPol-F401-CTRL.elf.dir/Drivers/STM32F4xx_HAL_Driver/Src/stm32f4xx_hal_flash.c.obj
 .text.FLASH_Program_Byte
                0x08006664       0x20 CMakeFiles/BiPol-F401-CTRL.elf.dir/Drivers/STM32F4xx_HAL_Driver/Src/stm32f4xx_hal_flash.c.obj
 .text.FLASH_SetErrorCode
                0x08006684       0xa8 CMakeFiles/BiPol-F401-CTRL.elf.dir/Drivers/STM32F4xx_HAL_Driver/Src/stm32f4xx_hal_flash.c.obj
 .text.HAL_FLASH_Unlock
                0x0800672c       0x30 CMakeFiles/BiPol-F401-CTRL.elf.dir/Drivers/STM32F4xx_HAL_Driver/Src/stm32f4xx_hal_flash.c.obj
                0x0800672c                HAL_FLASH_Unlock
 .text.HAL_FLASH_Lock
                0x0800675c       0x14 CMakeFiles/BiPol-F401-CTRL.elf.dir/Drivers/STM32F4xx_HAL_Driver/Src/stm32f4xx_hal_flash.c.obj
                0x0800675c                HAL_FLASH_Lock
 .text.FLASH_WaitForLastOperation
                0x08006770       0x60 CMakeFiles/BiPol-F401-CTRL.elf.dir/Drivers/STM32F4xx_HAL_Driver/Src/stm32f4xx_hal_flash.c.obj
                0x08006770                FLASH_WaitForLastOperation
 .text.HAL_FLASH_Program
                0x080067d0       0x7c CMakeFiles/BiPol-F401-CTRL.elf.dir/Drivers/STM32F4xx_HAL_Driver/Src/stm32f4xx_hal_flash.c.obj
                0x080067d0                HAL_FLASH_Program
 .text.FLASH_MassErase
                0x0800684c       0x24 CMakeFiles/BiPol-F401-CTRL.elf.dir/Drivers/STM32F4xx_HAL_Driver/Src/stm32f4xx_hal_flash_ex.c.obj
 .text.FLASH_Erase_Sector
                0x08006870       0x54 CMakeFiles/BiPol-F401-CTRL.elf.dir/Drivers/STM32F4xx_HAL_Driver/Src/stm32f4xx_hal_flash_ex.c.obj
                0x08006870                FLASH_Erase_Sector
 .text.FLASH_FlushCaches
                0x080068c4       0x60 CMakeFiles/BiPol-F401-CTRL.elf.dir/Drivers/STM32F4xx_HAL_Driver/Src/stm32f4xx_hal_flash_ex.c.obj
                0x080068c4                FLASH_FlushCaches
 .text.HAL_FLASHEx_Erase
                0x08006924       0x94 CMakeFiles/BiPol-F401-CTRL.elf.dir/Drivers/STM32F4xx_HAL_Driver/Src/stm32f4xx_hal_flash_ex.c.obj
                0x08006924                HAL_FLASHEx_Erase
 .text.HAL_GPIO_Init
                0x080069b8      0x1c0 CMakeFiles/BiPol-F401-CTRL.elf.dir/Drivers/STM32F4xx_HAL_Driver/Src/stm32f4xx_hal_gpio.c.obj
                0x080069b8                HAL_GPIO_Init
 .text.HAL_GPIO_ReadPin
                0x08006b78        0xe CMakeFiles/BiPol-F401-CTRL.elf.dir/Drivers/STM32F4xx_HAL_Driver/Src/stm32f4xx_hal_gpio.c.obj
                0x08006b78                HAL_GPIO_ReadPin
 .text.HAL_GPIO_WritePin
                0x08006b86        0xc CMakeFiles/BiPol-F401-CTRL.elf.dir/Drivers/STM32F4xx_HAL_Driver/Src/stm32f4xx_hal_gpio.c.obj
                0x08006b86                HAL_GPIO_WritePin
 .text.HAL_GPIO_TogglePin
                0x08006b92       0x12 CMakeFiles/BiPol-F401-CTRL.elf.dir/Drivers/STM32F4xx_HAL_Driver/Src/stm32f4xx_hal_gpio.c.obj
                0x08006b92                HAL_GPIO_TogglePin
 .text.HAL_RCC_OscConfig
                0x08006ba4      0x3f8 CMakeFiles/BiPol-F401-CTRL.elf.dir/Drivers/STM32F4xx_HAL_Driver/Src/stm32f4xx_hal_rcc.c.obj
                0x08006ba4                HAL_RCC_OscConfig
 .text.HAL_RCC_GetSysClockFreq
                0x08006f9c       0xa4 CMakeFiles/BiPol-F401-CTRL.elf.dir/Drivers/STM32F4xx_HAL_Driver/Src/stm32f4xx_hal_rcc.c.obj
                0x08006f9c                HAL_RCC_GetSysClockFreq
 .text.HAL_RCC_ClockConfig
                0x08007040      0x160 CMakeFiles/BiPol-F401-CTRL.elf.dir/Drivers/STM32F4xx_HAL_Driver/Src/stm32f4xx_hal_rcc.c.obj
                0x08007040                HAL_RCC_ClockConfig
 .text.HAL_RCC_GetHCLKFreq
                0x080071a0        0xc CMakeFiles/BiPol-F401-CTRL.elf.dir/Drivers/STM32F4xx_HAL_Driver/Src/stm32f4xx_hal_rcc.c.obj
                0x080071a0                HAL_RCC_GetHCLKFreq
 .text.HAL_RCC_GetPCLK1Freq
                0x080071ac       0x20 CMakeFiles/BiPol-F401-CTRL.elf.dir/Drivers/STM32F4xx_HAL_Driver/Src/stm32f4xx_hal_rcc.c.obj
                0x080071ac                HAL_RCC_GetPCLK1Freq
 .text.HAL_RCC_GetPCLK2Freq
                0x080071cc       0x20 CMakeFiles/BiPol-F401-CTRL.elf.dir/Drivers/STM32F4xx_HAL_Driver/Src/stm32f4xx_hal_rcc.c.obj
                0x080071cc                HAL_RCC_GetPCLK2Freq
 .text.SPI_WaitFlagStateUntilTimeout
                0x080071ec       0xd4 CMakeFiles/BiPol-F401-CTRL.elf.dir/Drivers/STM32F4xx_HAL_Driver/Src/stm32f4xx_hal_spi.c.obj
 .text.SPI_EndRxTxTransaction
                0x080072c0       0x68 CMakeFiles/BiPol-F401-CTRL.elf.dir/Drivers/STM32F4xx_HAL_Driver/Src/stm32f4xx_hal_spi.c.obj
 .text.HAL_SPI_Init
                0x08007328       0xbe CMakeFiles/BiPol-F401-CTRL.elf.dir/Drivers/STM32F4xx_HAL_Driver/Src/stm32f4xx_hal_spi.c.obj
                0x08007328                HAL_SPI_Init
 .text.HAL_SPI_Transmit
                0x080073e6      0x1b8 CMakeFiles/BiPol-F401-CTRL.elf.dir/Drivers/STM32F4xx_HAL_Driver/Src/stm32f4xx_hal_spi.c.obj
                0x080073e6                HAL_SPI_Transmit
 .text.TIM_TI1_ConfigInputStage
                0x0800759e       0x24 CMakeFiles/BiPol-F401-CTRL.elf.dir/Drivers/STM32F4xx_HAL_Driver/Src/stm32f4xx_hal_tim.c.obj
 .text.TIM_TI2_ConfigInputStage
                0x080075c2       0x26 CMakeFiles/BiPol-F401-CTRL.elf.dir/Drivers/STM32F4xx_HAL_Driver/Src/stm32f4xx_hal_tim.c.obj
 .text.TIM_ITRx_SetConfig
                0x080075e8       0x10 CMakeFiles/BiPol-F401-CTRL.elf.dir/Drivers/STM32F4xx_HAL_Driver/Src/stm32f4xx_hal_tim.c.obj
 .text.HAL_TIM_Base_Start_IT
                0x080075f8       0x78 CMakeFiles/BiPol-F401-CTRL.elf.dir/Drivers/STM32F4xx_HAL_Driver/Src/stm32f4xx_hal_tim.c.obj
                0x080075f8                HAL_TIM_Base_Start_IT
 .text.HAL_TIM_Base_Stop_IT
                0x08007670       0x32 CMakeFiles/BiPol-F401-CTRL.elf.dir/Drivers/STM32F4xx_HAL_Driver/Src/stm32f4xx_hal_tim.c.obj
                0x08007670                HAL_TIM_Base_Stop_IT
 .text.HAL_TIM_OC_DelayElapsedCallback
                0x080076a2        0x2 CMakeFiles/BiPol-F401-CTRL.elf.dir/Drivers/STM32F4xx_HAL_Driver/Src/stm32f4xx_hal_tim.c.obj
                0x080076a2                HAL_TIM_OC_DelayElapsedCallback
 .text.HAL_TIM_IC_CaptureCallback
                0x080076a4        0x2 CMakeFiles/BiPol-F401-CTRL.elf.dir/Drivers/STM32F4xx_HAL_Driver/Src/stm32f4xx_hal_tim.c.obj
                0x080076a4                HAL_TIM_IC_CaptureCallback
 .text.HAL_TIM_PWM_PulseFinishedCallback
                0x080076a6        0x2 CMakeFiles/BiPol-F401-CTRL.elf.dir/Drivers/STM32F4xx_HAL_Driver/Src/stm32f4xx_hal_tim.c.obj
                0x080076a6                HAL_TIM_PWM_PulseFinishedCallback
 .text.HAL_TIM_TriggerCallback
                0x080076a8        0x2 CMakeFiles/BiPol-F401-CTRL.elf.dir/Drivers/STM32F4xx_HAL_Driver/Src/stm32f4xx_hal_tim.c.obj
                0x080076a8                HAL_TIM_TriggerCallback
 .text.HAL_TIM_IRQHandler
                0x080076aa      0x17a CMakeFiles/BiPol-F401-CTRL.elf.dir/Drivers/STM32F4xx_HAL_Driver/Src/stm32f4xx_hal_tim.c.obj
                0x080076aa                HAL_TIM_IRQHandler
 .text.TIM_Base_SetConfig
                0x08007824       0x9c CMakeFiles/BiPol-F401-CTRL.elf.dir/Drivers/STM32F4xx_HAL_Driver/Src/stm32f4xx_hal_tim.c.obj
                0x08007824                TIM_Base_SetConfig
 .text.HAL_TIM_Base_Init
                0x080078c0       0x58 CMakeFiles/BiPol-F401-CTRL.elf.dir/Drivers/STM32F4xx_HAL_Driver/Src/stm32f4xx_hal_tim.c.obj
                0x080078c0                HAL_TIM_Base_Init
 .text.TIM_ETR_SetConfig
                0x08007918       0x18 CMakeFiles/BiPol-F401-CTRL.elf.dir/Drivers/STM32F4xx_HAL_Driver/Src/stm32f4xx_hal_tim.c.obj
                0x08007918                TIM_ETR_SetConfig
 .text.HAL_TIM_ConfigClockSource
                0x08007930       0xfe CMakeFiles/BiPol-F401-CTRL.elf.dir/Drivers/STM32F4xx_HAL_Driver/Src/stm32f4xx_hal_tim.c.obj
                0x08007930                HAL_TIM_ConfigClockSource
 *fill*         0x08007a2e        0x2 
 .text.HAL_TIMEx_MasterConfigSynchronization
                0x08007a30       0x7c CMakeFiles/BiPol-F401-CTRL.elf.dir/Drivers/STM32F4xx_HAL_Driver/Src/stm32f4xx_hal_tim_ex.c.obj
                0x08007a30                HAL_TIMEx_MasterConfigSynchronization
 .text.HAL_TIMEx_CommutCallback
                0x08007aac        0x2 CMakeFiles/BiPol-F401-CTRL.elf.dir/Drivers/STM32F4xx_HAL_Driver/Src/stm32f4xx_hal_tim_ex.c.obj
                0x08007aac                HAL_TIMEx_CommutCallback
 .text.HAL_TIMEx_BreakCallback
                0x08007aae        0x2 CMakeFiles/BiPol-F401-CTRL.elf.dir/Drivers/STM32F4xx_HAL_Driver/Src/stm32f4xx_hal_tim_ex.c.obj
                0x08007aae                HAL_TIMEx_BreakCallback
 .text.UART_SetConfig
                0x08007ab0      0x110 CMakeFiles/BiPol-F401-CTRL.elf.dir/Drivers/STM32F4xx_HAL_Driver/Src/stm32f4xx_hal_uart.c.obj
 .text.UART_WaitOnFlagUntilTimeout
                0x08007bc0       0x88 CMakeFiles/BiPol-F401-CTRL.elf.dir/Drivers/STM32F4xx_HAL_Driver/Src/stm32f4xx_hal_uart.c.obj
 .text.HAL_UART_Init
                0x08007c48       0x5e CMakeFiles/BiPol-F401-CTRL.elf.dir/Drivers/STM32F4xx_HAL_Driver/Src/stm32f4xx_hal_uart.c.obj
                0x08007c48                HAL_UART_Init
 .text.HAL_UART_Transmit
                0x08007ca6       0xd8 CMakeFiles/BiPol-F401-CTRL.elf.dir/Drivers/STM32F4xx_HAL_Driver/Src/stm32f4xx_hal_uart.c.obj
                0x08007ca6                HAL_UART_Transmit
 *fill*         0x08007d7e        0x2 
 .text.__errno  0x08007d80        0xc c:/gcc-arm-none-eabi-10-2020-q4-major/bin/../lib/gcc/arm-none-eabi/10.2.1/../../../../arm-none-eabi/lib/thumb/v7e-m/nofp\libg.a(lib_a-errno.o)
                0x08007d80                __errno
 .text.__libc_init_array
                0x08007d8c       0x48 c:/gcc-arm-none-eabi-10-2020-q4-major/bin/../lib/gcc/arm-none-eabi/10.2.1/../../../../arm-none-eabi/lib/thumb/v7e-m/nofp\libg.a(lib_a-init.o)
                0x08007d8c                __libc_init_array
 .text.memset   0x08007dd4       0xa4 c:/gcc-arm-none-eabi-10-2020-q4-major/bin/../lib/gcc/arm-none-eabi/10.2.1/../../../../arm-none-eabi/lib/thumb/v7e-m/nofp\libg.a(lib_a-memset.o)
                0x08007dd4                memset
 .text.printf   0x08007e78       0x28 c:/gcc-arm-none-eabi-10-2020-q4-major/bin/../lib/gcc/arm-none-eabi/10.2.1/../../../../arm-none-eabi/lib/thumb/v7e-m/nofp\libg.a(lib_a-printf.o)
                0x08007e78                printf
 .text._puts_r  0x08007ea0       0x9c c:/gcc-arm-none-eabi-10-2020-q4-major/bin/../lib/gcc/arm-none-eabi/10.2.1/../../../../arm-none-eabi/lib/thumb/v7e-m/nofp\libg.a(lib_a-puts.o)
                0x08007ea0                _puts_r
 .text.puts     0x08007f3c       0x10 c:/gcc-arm-none-eabi-10-2020-q4-major/bin/../lib/gcc/arm-none-eabi/10.2.1/../../../../arm-none-eabi/lib/thumb/v7e-m/nofp\libg.a(lib_a-puts.o)
                0x08007f3c                puts
 .text.snprintf
                0x08007f4c       0x88 c:/gcc-arm-none-eabi-10-2020-q4-major/bin/../lib/gcc/arm-none-eabi/10.2.1/../../../../arm-none-eabi/lib/thumb/v7e-m/nofp\libg.a(lib_a-snprintf.o)
                0x08007f4c                snprintf
 .text._svfprintf_r
                0x08007fd4     0x1a3c c:/gcc-arm-none-eabi-10-2020-q4-major/bin/../lib/gcc/arm-none-eabi/10.2.1/../../../../arm-none-eabi/lib/thumb/v7e-m/nofp\libg.a(lib_a-svfprintf.o)
                0x08007fd4                _svfprintf_r
 .text._vfprintf_r
                0x08009a10     0x1ad4 c:/gcc-arm-none-eabi-10-2020-q4-major/bin/../lib/gcc/arm-none-eabi/10.2.1/../../../../arm-none-eabi/lib/thumb/v7e-m/nofp\libg.a(lib_a-vfprintf.o)
                0x08009a10                _vfprintf_r
 .text.__sbprintf
                0x0800b4e4       0x80 c:/gcc-arm-none-eabi-10-2020-q4-major/bin/../lib/gcc/arm-none-eabi/10.2.1/../../../../arm-none-eabi/lib/thumb/v7e-m/nofp\libg.a(lib_a-vfprintf.o)
 .text.__swsetup_r
                0x0800b564       0xd4 c:/gcc-arm-none-eabi-10-2020-q4-major/bin/../lib/gcc/arm-none-eabi/10.2.1/../../../../arm-none-eabi/lib/thumb/v7e-m/nofp\libg.a(lib_a-wsetup.o)
                0x0800b564                __swsetup_r
 .text.startup.register_fini
                0x0800b638       0x14 c:/gcc-arm-none-eabi-10-2020-q4-major/bin/../lib/gcc/arm-none-eabi/10.2.1/../../../../arm-none-eabi/lib/thumb/v7e-m/nofp\libg.a(lib_a-__call_atexit.o)
 .text.atexit   0x0800b64c        0xc c:/gcc-arm-none-eabi-10-2020-q4-major/bin/../lib/gcc/arm-none-eabi/10.2.1/../../../../arm-none-eabi/lib/thumb/v7e-m/nofp\libg.a(lib_a-atexit.o)
                0x0800b64c                atexit
 .text.quorem   0x0800b658      0x124 c:/gcc-arm-none-eabi-10-2020-q4-major/bin/../lib/gcc/arm-none-eabi/10.2.1/../../../../arm-none-eabi/lib/thumb/v7e-m/nofp\libg.a(lib_a-dtoa.o)
 *fill*         0x0800b77c        0x4 
 .text._dtoa_r  0x0800b780      0xec4 c:/gcc-arm-none-eabi-10-2020-q4-major/bin/../lib/gcc/arm-none-eabi/10.2.1/../../../../arm-none-eabi/lib/thumb/v7e-m/nofp\libg.a(lib_a-dtoa.o)
                0x0800b780                _dtoa_r
 .text.__sflush_r
                0x0800c644      0x120 c:/gcc-arm-none-eabi-10-2020-q4-major/bin/../lib/gcc/arm-none-eabi/10.2.1/../../../../arm-none-eabi/lib/thumb/v7e-m/nofp\libg.a(lib_a-fflush.o)
                0x0800c644                __sflush_r
 .text._fflush_r
                0x0800c764       0x5c c:/gcc-arm-none-eabi-10-2020-q4-major/bin/../lib/gcc/arm-none-eabi/10.2.1/../../../../arm-none-eabi/lib/thumb/v7e-m/nofp\libg.a(lib_a-fflush.o)
                0x0800c764                _fflush_r
 .text._cleanup_r
                0x0800c7c0        0xc c:/gcc-arm-none-eabi-10-2020-q4-major/bin/../lib/gcc/arm-none-eabi/10.2.1/../../../../arm-none-eabi/lib/thumb/v7e-m/nofp\libg.a(lib_a-findfp.o)
                0x0800c7c0                _cleanup_r
 .text.__sinit  0x0800c7cc      0x10c c:/gcc-arm-none-eabi-10-2020-q4-major/bin/../lib/gcc/arm-none-eabi/10.2.1/../../../../arm-none-eabi/lib/thumb/v7e-m/nofp\libg.a(lib_a-findfp.o)
                0x0800c7cc                __sinit
 .text.__sfp_lock_acquire
                0x0800c8d8        0xc c:/gcc-arm-none-eabi-10-2020-q4-major/bin/../lib/gcc/arm-none-eabi/10.2.1/../../../../arm-none-eabi/lib/thumb/v7e-m/nofp\libg.a(lib_a-findfp.o)
                0x0800c8d8                __sfp_lock_acquire
 .text.__sfp_lock_release
                0x0800c8e4        0xc c:/gcc-arm-none-eabi-10-2020-q4-major/bin/../lib/gcc/arm-none-eabi/10.2.1/../../../../arm-none-eabi/lib/thumb/v7e-m/nofp\libg.a(lib_a-findfp.o)
                0x0800c8e4                __sfp_lock_release
 .text.__libc_fini_array
                0x0800c8f0       0x2c c:/gcc-arm-none-eabi-10-2020-q4-major/bin/../lib/gcc/arm-none-eabi/10.2.1/../../../../arm-none-eabi/lib/thumb/v7e-m/nofp\libg.a(lib_a-fini.o)
                0x0800c8f0                __libc_fini_array
 .text._malloc_trim_r
                0x0800c91c       0xa0 c:/gcc-arm-none-eabi-10-2020-q4-major/bin/../lib/gcc/arm-none-eabi/10.2.1/../../../../arm-none-eabi/lib/thumb/v7e-m/nofp\libg.a(lib_a-freer.o)
                0x0800c91c                _malloc_trim_r
 .text._free_r  0x0800c9bc      0x20c c:/gcc-arm-none-eabi-10-2020-q4-major/bin/../lib/gcc/arm-none-eabi/10.2.1/../../../../arm-none-eabi/lib/thumb/v7e-m/nofp\libg.a(lib_a-freer.o)
                0x0800c9bc                _free_r
 .text.__sfvwrite_r
                0x0800cbc8      0x2e8 c:/gcc-arm-none-eabi-10-2020-q4-major/bin/../lib/gcc/arm-none-eabi/10.2.1/../../../../arm-none-eabi/lib/thumb/v7e-m/nofp\libg.a(lib_a-fvwrite.o)
                0x0800cbc8                __sfvwrite_r
 .text._fwalk_reent
                0x0800ceb0       0x48 c:/gcc-arm-none-eabi-10-2020-q4-major/bin/../lib/gcc/arm-none-eabi/10.2.1/../../../../arm-none-eabi/lib/thumb/v7e-m/nofp\libg.a(lib_a-fwalk.o)
                0x0800ceb0                _fwalk_reent
 .text._localeconv_r
                0x0800cef8        0x8 c:/gcc-arm-none-eabi-10-2020-q4-major/bin/../lib/gcc/arm-none-eabi/10.2.1/../../../../arm-none-eabi/lib/thumb/v7e-m/nofp\libg.a(lib_a-localeconv.o)
                0x0800cef8                _localeconv_r
 .text.__retarget_lock_init_recursive
                0x0800cf00        0x4 c:/gcc-arm-none-eabi-10-2020-q4-major/bin/../lib/gcc/arm-none-eabi/10.2.1/../../../../arm-none-eabi/lib/thumb/v7e-m/nofp\libg.a(lib_a-lock.o)
                0x0800cf00                __retarget_lock_init_recursive
 .text.__retarget_lock_close_recursive
                0x0800cf04        0x4 c:/gcc-arm-none-eabi-10-2020-q4-major/bin/../lib/gcc/arm-none-eabi/10.2.1/../../../../arm-none-eabi/lib/thumb/v7e-m/nofp\libg.a(lib_a-lock.o)
                0x0800cf04                __retarget_lock_close_recursive
 .text.__retarget_lock_acquire_recursive
                0x0800cf08        0x4 c:/gcc-arm-none-eabi-10-2020-q4-major/bin/../lib/gcc/arm-none-eabi/10.2.1/../../../../arm-none-eabi/lib/thumb/v7e-m/nofp\libg.a(lib_a-lock.o)
                0x0800cf08                __retarget_lock_acquire_recursive
 .text.__retarget_lock_release_recursive
                0x0800cf0c        0x4 c:/gcc-arm-none-eabi-10-2020-q4-major/bin/../lib/gcc/arm-none-eabi/10.2.1/../../../../arm-none-eabi/lib/thumb/v7e-m/nofp\libg.a(lib_a-lock.o)
                0x0800cf0c                __retarget_lock_release_recursive
 .text.__smakebuf_r
                0x0800cf10       0xe0 c:/gcc-arm-none-eabi-10-2020-q4-major/bin/../lib/gcc/arm-none-eabi/10.2.1/../../../../arm-none-eabi/lib/thumb/v7e-m/nofp\libg.a(lib_a-makebuf.o)
                0x0800cf10                __smakebuf_r
 .text._malloc_r
                0x0800cff0      0x560 c:/gcc-arm-none-eabi-10-2020-q4-major/bin/../lib/gcc/arm-none-eabi/10.2.1/../../../../arm-none-eabi/lib/thumb/v7e-m/nofp\libg.a(lib_a-mallocr.o)
                0x0800cff0                _malloc_r
 .text.memmove  0x0800d550       0xf8 c:/gcc-arm-none-eabi-10-2020-q4-major/bin/../lib/gcc/arm-none-eabi/10.2.1/../../../../arm-none-eabi/lib/thumb/v7e-m/nofp\libg.a(lib_a-memmove.o)
                0x0800d550                memmove
 .text.__malloc_lock
                0x0800d648        0xc c:/gcc-arm-none-eabi-10-2020-q4-major/bin/../lib/gcc/arm-none-eabi/10.2.1/../../../../arm-none-eabi/lib/thumb/v7e-m/nofp\libg.a(lib_a-mlock.o)
                0x0800d648                __malloc_lock
 .text.__malloc_unlock
                0x0800d654        0xc c:/gcc-arm-none-eabi-10-2020-q4-major/bin/../lib/gcc/arm-none-eabi/10.2.1/../../../../arm-none-eabi/lib/thumb/v7e-m/nofp\libg.a(lib_a-mlock.o)
                0x0800d654                __malloc_unlock
 .text._Balloc  0x0800d660       0x4c c:/gcc-arm-none-eabi-10-2020-q4-major/bin/../lib/gcc/arm-none-eabi/10.2.1/../../../../arm-none-eabi/lib/thumb/v7e-m/nofp\libg.a(lib_a-mprec.o)
                0x0800d660                _Balloc
 .text._Bfree   0x0800d6ac       0x14 c:/gcc-arm-none-eabi-10-2020-q4-major/bin/../lib/gcc/arm-none-eabi/10.2.1/../../../../arm-none-eabi/lib/thumb/v7e-m/nofp\libg.a(lib_a-mprec.o)
                0x0800d6ac                _Bfree
 .text.__multadd
                0x0800d6c0       0xa0 c:/gcc-arm-none-eabi-10-2020-q4-major/bin/../lib/gcc/arm-none-eabi/10.2.1/../../../../arm-none-eabi/lib/thumb/v7e-m/nofp\libg.a(lib_a-mprec.o)
                0x0800d6c0                __multadd
 .text.__hi0bits
                0x0800d760       0x40 c:/gcc-arm-none-eabi-10-2020-q4-major/bin/../lib/gcc/arm-none-eabi/10.2.1/../../../../arm-none-eabi/lib/thumb/v7e-m/nofp\libg.a(lib_a-mprec.o)
                0x0800d760                __hi0bits
 .text.__lo0bits
                0x0800d7a0       0x5c c:/gcc-arm-none-eabi-10-2020-q4-major/bin/../lib/gcc/arm-none-eabi/10.2.1/../../../../arm-none-eabi/lib/thumb/v7e-m/nofp\libg.a(lib_a-mprec.o)
                0x0800d7a0                __lo0bits
 .text.__i2b    0x0800d7fc       0x5c c:/gcc-arm-none-eabi-10-2020-q4-major/bin/../lib/gcc/arm-none-eabi/10.2.1/../../../../arm-none-eabi/lib/thumb/v7e-m/nofp\libg.a(lib_a-mprec.o)
                0x0800d7fc                __i2b
 .text.__multiply
                0x0800d858      0x15c c:/gcc-arm-none-eabi-10-2020-q4-major/bin/../lib/gcc/arm-none-eabi/10.2.1/../../../../arm-none-eabi/lib/thumb/v7e-m/nofp\libg.a(lib_a-mprec.o)
                0x0800d858                __multiply
 .text.__pow5mult
                0x0800d9b4       0xc0 c:/gcc-arm-none-eabi-10-2020-q4-major/bin/../lib/gcc/arm-none-eabi/10.2.1/../../../../arm-none-eabi/lib/thumb/v7e-m/nofp\libg.a(lib_a-mprec.o)
                0x0800d9b4                __pow5mult
 .text.__lshift
                0x0800da74       0xf0 c:/gcc-arm-none-eabi-10-2020-q4-major/bin/../lib/gcc/arm-none-eabi/10.2.1/../../../../arm-none-eabi/lib/thumb/v7e-m/nofp\libg.a(lib_a-mprec.o)
                0x0800da74                __lshift
 .text.__mcmp   0x0800db64       0x40 c:/gcc-arm-none-eabi-10-2020-q4-major/bin/../lib/gcc/arm-none-eabi/10.2.1/../../../../arm-none-eabi/lib/thumb/v7e-m/nofp\libg.a(lib_a-mprec.o)
                0x0800db64                __mcmp
 .text.__mdiff  0x0800dba4      0x14c c:/gcc-arm-none-eabi-10-2020-q4-major/bin/../lib/gcc/arm-none-eabi/10.2.1/../../../../arm-none-eabi/lib/thumb/v7e-m/nofp\libg.a(lib_a-mprec.o)
                0x0800dba4                __mdiff
 .text.__d2b    0x0800dcf0       0xc4 c:/gcc-arm-none-eabi-10-2020-q4-major/bin/../lib/gcc/arm-none-eabi/10.2.1/../../../../arm-none-eabi/lib/thumb/v7e-m/nofp\libg.a(lib_a-mprec.o)
                0x0800dcf0                __d2b
 .text._realloc_r
                0x0800ddb4      0x3d8 c:/gcc-arm-none-eabi-10-2020-q4-major/bin/../lib/gcc/arm-none-eabi/10.2.1/../../../../arm-none-eabi/lib/thumb/v7e-m/nofp\libg.a(lib_a-reallocr.o)
                0x0800ddb4                _realloc_r
 .text.frexp    0x0800e18c       0x70 c:/gcc-arm-none-eabi-10-2020-q4-major/bin/../lib/gcc/arm-none-eabi/10.2.1/../../../../arm-none-eabi/lib/thumb/v7e-m/nofp\libg.a(lib_a-s_frexp.o)
                0x0800e18c                frexp
 .text._sbrk_r  0x0800e1fc       0x24 c:/gcc-arm-none-eabi-10-2020-q4-major/bin/../lib/gcc/arm-none-eabi/10.2.1/../../../../arm-none-eabi/lib/thumb/v7e-m/nofp\libg.a(lib_a-sbrkr.o)
                0x0800e1fc                _sbrk_r
 .text.__sread  0x0800e220       0x24 c:/gcc-arm-none-eabi-10-2020-q4-major/bin/../lib/gcc/arm-none-eabi/10.2.1/../../../../arm-none-eabi/lib/thumb/v7e-m/nofp\libg.a(lib_a-stdio.o)
                0x0800e220                __sread
 .text.__swrite
                0x0800e244       0x40 c:/gcc-arm-none-eabi-10-2020-q4-major/bin/../lib/gcc/arm-none-eabi/10.2.1/../../../../arm-none-eabi/lib/thumb/v7e-m/nofp\libg.a(lib_a-stdio.o)
                0x0800e244                __swrite
 .text.__sseek  0x0800e284       0x20 c:/gcc-arm-none-eabi-10-2020-q4-major/bin/../lib/gcc/arm-none-eabi/10.2.1/../../../../arm-none-eabi/lib/thumb/v7e-m/nofp\libg.a(lib_a-stdio.o)
                0x0800e284                __sseek
 .text.__sclose
                0x0800e2a4        0x8 c:/gcc-arm-none-eabi-10-2020-q4-major/bin/../lib/gcc/arm-none-eabi/10.2.1/../../../../arm-none-eabi/lib/thumb/v7e-m/nofp\libg.a(lib_a-stdio.o)
                0x0800e2a4                __sclose
 .text.strncpy  0x0800e2ac       0x64 c:/gcc-arm-none-eabi-10-2020-q4-major/bin/../lib/gcc/arm-none-eabi/10.2.1/../../../../arm-none-eabi/lib/thumb/v7e-m/nofp\libg.a(lib_a-strncpy.o)
                0x0800e2ac                strncpy
 .text.__ssprint_r
                0x0800e310       0xf8 c:/gcc-arm-none-eabi-10-2020-q4-major/bin/../lib/gcc/arm-none-eabi/10.2.1/../../../../arm-none-eabi/lib/thumb/v7e-m/nofp\libg.a(lib_a-svfiprintf.o)
                0x0800e310                __ssprint_r
 .text.__sprint_r.part.0
                0x0800e408       0x78 c:/gcc-arm-none-eabi-10-2020-q4-major/bin/../lib/gcc/arm-none-eabi/10.2.1/../../../../arm-none-eabi/lib/thumb/v7e-m/nofp\libg.a(lib_a-vfiprintf.o)
 .text.__sprint_r
                0x0800e480       0x14 c:/gcc-arm-none-eabi-10-2020-q4-major/bin/../lib/gcc/arm-none-eabi/10.2.1/../../../../arm-none-eabi/lib/thumb/v7e-m/nofp\libg.a(lib_a-vfiprintf.o)
                0x0800e480                __sprint_r
 .text._vfiprintf_r
                0x0800e494      0xd94 c:/gcc-arm-none-eabi-10-2020-q4-major/bin/../lib/gcc/arm-none-eabi/10.2.1/../../../../arm-none-eabi/lib/thumb/v7e-m/nofp\libg.a(lib_a-vfiprintf.o)
                0x0800e494                _vfiprintf_r
 .text.__sbprintf
                0x0800f228       0x80 c:/gcc-arm-none-eabi-10-2020-q4-major/bin/../lib/gcc/arm-none-eabi/10.2.1/../../../../arm-none-eabi/lib/thumb/v7e-m/nofp\libg.a(lib_a-vfiprintf.o)
 .text._write_r
                0x0800f2a8       0x2c c:/gcc-arm-none-eabi-10-2020-q4-major/bin/../lib/gcc/arm-none-eabi/10.2.1/../../../../arm-none-eabi/lib/thumb/v7e-m/nofp\libg.a(lib_a-writer.o)
                0x0800f2a8                _write_r
 .text.__register_exitproc
                0x0800f2d4       0x8c c:/gcc-arm-none-eabi-10-2020-q4-major/bin/../lib/gcc/arm-none-eabi/10.2.1/../../../../arm-none-eabi/lib/thumb/v7e-m/nofp\libg.a(lib_a-__atexit.o)
                0x0800f2d4                __register_exitproc
 .text.__assert_func
                0x0800f360       0x40 c:/gcc-arm-none-eabi-10-2020-q4-major/bin/../lib/gcc/arm-none-eabi/10.2.1/../../../../arm-none-eabi/lib/thumb/v7e-m/nofp\libg.a(lib_a-assert.o)
                0x0800f360                __assert_func
 .text._calloc_r
                0x0800f3a0       0x60 c:/gcc-arm-none-eabi-10-2020-q4-major/bin/../lib/gcc/arm-none-eabi/10.2.1/../../../../arm-none-eabi/lib/thumb/v7e-m/nofp\libg.a(lib_a-callocr.o)
                0x0800f3a0                _calloc_r
 .text._close_r
                0x0800f400       0x24 c:/gcc-arm-none-eabi-10-2020-q4-major/bin/../lib/gcc/arm-none-eabi/10.2.1/../../../../arm-none-eabi/lib/thumb/v7e-m/nofp\libg.a(lib_a-closer.o)
                0x0800f400                _close_r
 .text._fclose_r
                0x0800f424       0xcc c:/gcc-arm-none-eabi-10-2020-q4-major/bin/../lib/gcc/arm-none-eabi/10.2.1/../../../../arm-none-eabi/lib/thumb/v7e-m/nofp\libg.a(lib_a-fclose.o)
                0x0800f424                _fclose_r
 .text.fiprintf
                0x0800f4f0       0x28 c:/gcc-arm-none-eabi-10-2020-q4-major/bin/../lib/gcc/arm-none-eabi/10.2.1/../../../../arm-none-eabi/lib/thumb/v7e-m/nofp\libg.a(lib_a-fiprintf.o)
                0x0800f4f0                fiprintf
 .text.__fputwc
                0x0800f518       0xa8 c:/gcc-arm-none-eabi-10-2020-q4-major/bin/../lib/gcc/arm-none-eabi/10.2.1/../../../../arm-none-eabi/lib/thumb/v7e-m/nofp\libg.a(lib_a-fputwc.o)
                0x0800f518                __fputwc
 .text._fputwc_r
                0x0800f5c0       0x68 c:/gcc-arm-none-eabi-10-2020-q4-major/bin/../lib/gcc/arm-none-eabi/10.2.1/../../../../arm-none-eabi/lib/thumb/v7e-m/nofp\libg.a(lib_a-fputwc.o)
                0x0800f5c0                _fputwc_r
 .text._fstat_r
                0x0800f628       0x2c c:/gcc-arm-none-eabi-10-2020-q4-major/bin/../lib/gcc/arm-none-eabi/10.2.1/../../../../arm-none-eabi/lib/thumb/v7e-m/nofp\libg.a(lib_a-fstatr.o)
                0x0800f628                _fstat_r
 .text._isatty_r
                0x0800f654       0x24 c:/gcc-arm-none-eabi-10-2020-q4-major/bin/../lib/gcc/arm-none-eabi/10.2.1/../../../../arm-none-eabi/lib/thumb/v7e-m/nofp\libg.a(lib_a-isattyr.o)
                0x0800f654                _isatty_r
 .text.__locale_mb_cur_max
                0x0800f678        0xc c:/gcc-arm-none-eabi-10-2020-q4-major/bin/../lib/gcc/arm-none-eabi/10.2.1/../../../../arm-none-eabi/lib/thumb/v7e-m/nofp\libg.a(lib_a-locale.o)
                0x0800f678                __locale_mb_cur_max
 .text._lseek_r
                0x0800f684       0x2c c:/gcc-arm-none-eabi-10-2020-q4-major/bin/../lib/gcc/arm-none-eabi/10.2.1/../../../../arm-none-eabi/lib/thumb/v7e-m/nofp\libg.a(lib_a-lseekr.o)
                0x0800f684                _lseek_r
 .text.__ascii_mbtowc
                0x0800f6b0       0x2c c:/gcc-arm-none-eabi-10-2020-q4-major/bin/../lib/gcc/arm-none-eabi/10.2.1/../../../../arm-none-eabi/lib/thumb/v7e-m/nofp\libg.a(lib_a-mbtowc_r.o)
                0x0800f6b0                __ascii_mbtowc
 .text._read_r  0x0800f6dc       0x2c c:/gcc-arm-none-eabi-10-2020-q4-major/bin/../lib/gcc/arm-none-eabi/10.2.1/../../../../arm-none-eabi/lib/thumb/v7e-m/nofp\libg.a(lib_a-readr.o)
                0x0800f6dc                _read_r
 .text.__swbuf_r
                0x0800f708       0xb0 c:/gcc-arm-none-eabi-10-2020-q4-major/bin/../lib/gcc/arm-none-eabi/10.2.1/../../../../arm-none-eabi/lib/thumb/v7e-m/nofp\libg.a(lib_a-wbuf.o)
                0x0800f708                __swbuf_r
 .text._wcrtomb_r
                0x0800f7b8       0x3c c:/gcc-arm-none-eabi-10-2020-q4-major/bin/../lib/gcc/arm-none-eabi/10.2.1/../../../../arm-none-eabi/lib/thumb/v7e-m/nofp\libg.a(lib_a-wcrtomb.o)
                0x0800f7b8                _wcrtomb_r
 .text.__ascii_wctomb
                0x0800f7f4       0x1c c:/gcc-arm-none-eabi-10-2020-q4-major/bin/../lib/gcc/arm-none-eabi/10.2.1/../../../../arm-none-eabi/lib/thumb/v7e-m/nofp\libg.a(lib_a-wctomb_r.o)
                0x0800f7f4                __ascii_wctomb
 .text.abort    0x0800f810       0x10 c:/gcc-arm-none-eabi-10-2020-q4-major/bin/../lib/gcc/arm-none-eabi/10.2.1/../../../../arm-none-eabi/lib/thumb/v7e-m/nofp\libg.a(lib_a-abort.o)
                0x0800f810                abort
 .text.raise    0x0800f820       0x5c c:/gcc-arm-none-eabi-10-2020-q4-major/bin/../lib/gcc/arm-none-eabi/10.2.1/../../../../arm-none-eabi/lib/thumb/v7e-m/nofp\libg.a(lib_a-signal.o)
                0x0800f820                raise
 .text._kill_r  0x0800f87c       0x2c c:/gcc-arm-none-eabi-10-2020-q4-major/bin/../lib/gcc/arm-none-eabi/10.2.1/../../../../arm-none-eabi/lib/thumb/v7e-m/nofp\libg.a(lib_a-signalr.o)
                0x0800f87c                _kill_r
 .text._getpid_r
                0x0800f8a8        0x4 c:/gcc-arm-none-eabi-10-2020-q4-major/bin/../lib/gcc/arm-none-eabi/10.2.1/../../../../arm-none-eabi/lib/thumb/v7e-m/nofp\libg.a(lib_a-signalr.o)
                0x0800f8a8                _getpid_r
 *(.glue_7)
 .glue_7        0x0800f8ac        0x0 linker stubs
 *(.glue_7t)
 .glue_7t       0x0800f8ac        0x0 linker stubs
 *(.eh_frame)
 .eh_frame      0x0800f8ac        0x0 c:/gcc-arm-none-eabi-10-2020-q4-major/bin/../lib/gcc/arm-none-eabi/10.2.1/thumb/v7e-m/nofp/crtbegin.o
 *(.init)
 .init          0x0800f8ac        0x4 c:/gcc-arm-none-eabi-10-2020-q4-major/bin/../lib/gcc/arm-none-eabi/10.2.1/thumb/v7e-m/nofp/crti.o
                0x0800f8ac                _init
 .init          0x0800f8b0        0x8 c:/gcc-arm-none-eabi-10-2020-q4-major/bin/../lib/gcc/arm-none-eabi/10.2.1/thumb/v7e-m/nofp/crtn.o
 *(.fini)
 .fini          0x0800f8b8        0x4 c:/gcc-arm-none-eabi-10-2020-q4-major/bin/../lib/gcc/arm-none-eabi/10.2.1/thumb/v7e-m/nofp/crti.o
                0x0800f8b8                _fini
 .fini          0x0800f8bc        0x8 c:/gcc-arm-none-eabi-10-2020-q4-major/bin/../lib/gcc/arm-none-eabi/10.2.1/thumb/v7e-m/nofp/crtn.o
                0x0800f8c4                . = ALIGN (0x4)
                0x0800f8c4                _etext = .

.vfp11_veneer   0x0800f8c4        0x0
 .vfp11_veneer  0x0800f8c4        0x0 linker stubs

.v4_bx          0x0800f8c4        0x0
 .v4_bx         0x0800f8c4        0x0 linker stubs

.iplt           0x0800f8c4        0x0
 .iplt          0x0800f8c4        0x0 c:/gcc-arm-none-eabi-10-2020-q4-major/bin/../lib/gcc/arm-none-eabi/10.2.1/thumb/v7e-m/nofp/crtbegin.o

.rodata         0x0800f8c8     0x1728
                0x0800f8c8                . = ALIGN (0x4)
 *(.rodata)
 *(.rodata*)
 .rodata.Heiti_2010
                0x0800f8c8      0x618 CMakeFiles/BiPol-F401-CTRL.elf.dir/Core/Src/LCD.c.obj
                0x0800f8c8                Heiti_2010
 .rodata.Heiti_2814
                0x0800fee0      0x300 CMakeFiles/BiPol-F401-CTRL.elf.dir/Core/Src/LCD.c.obj
                0x0800fee0                Heiti_2814
 .rodata.Songti_1206
                0x080101e0       0x18 CMakeFiles/BiPol-F401-CTRL.elf.dir/Core/Src/LCD.c.obj
                0x080101e0                Songti_1206
 .rodata.Songti_1407
                0x080101f8       0xa8 CMakeFiles/BiPol-F401-CTRL.elf.dir/Core/Src/LCD.c.obj
                0x080101f8                Songti_1407
 .rodata.Songti_2010
                0x080102a0      0x668 CMakeFiles/BiPol-F401-CTRL.elf.dir/Core/Src/LCD.c.obj
                0x080102a0                Songti_2010
 .rodata.find_latest_packet.str1.4
                0x08010908       0x20 CMakeFiles/BiPol-F401-CTRL.elf.dir/Core/Src/flash_store.c.obj
 .rodata.FlashStore_Format.str1.4
                0x08010928       0x42 CMakeFiles/BiPol-F401-CTRL.elf.dir/Core/Src/flash_store.c.obj
 *fill*         0x0801096a        0x2 
 .rodata.FlashStore_Init.str1.4
                0x0801096c       0x70 CMakeFiles/BiPol-F401-CTRL.elf.dir/Core/Src/flash_store.c.obj
 .rodata.FlashStore_Save.str1.4
                0x080109dc       0x8c CMakeFiles/BiPol-F401-CTRL.elf.dir/Core/Src/flash_store.c.obj
 .rodata.back_to_idle.str1.4
                0x08010a68        0xe CMakeFiles/BiPol-F401-CTRL.elf.dir/Core/Src/main.c.obj
 *fill*         0x08010a76        0x2 
 .rodata.saveBeforeExit.str1.4
                0x08010a78       0x1f CMakeFiles/BiPol-F401-CTRL.elf.dir/Core/Src/main.c.obj
 *fill*         0x08010a97        0x1 
 .rodata.update_state_machine.str1.4
                0x08010a98       0x23 CMakeFiles/BiPol-F401-CTRL.elf.dir/Core/Src/main.c.obj
 *fill*         0x08010abb        0x1 
 .rodata.update_pulse_generation.str1.4
                0x08010abc        0xa CMakeFiles/BiPol-F401-CTRL.elf.dir/Core/Src/main.c.obj
 *fill*         0x08010ac6        0x2 
 .rodata.main.str1.4
                0x08010ac8       0x4c CMakeFiles/BiPol-F401-CTRL.elf.dir/Core/Src/main.c.obj
 .rodata.AHBPrescTable
                0x08010b14       0x10 CMakeFiles/BiPol-F401-CTRL.elf.dir/Core/Src/system_stm32f4xx.c.obj
                0x08010b14                AHBPrescTable
 .rodata.APBPrescTable
                0x08010b24        0x8 CMakeFiles/BiPol-F401-CTRL.elf.dir/Core/Src/system_stm32f4xx.c.obj
                0x08010b24                APBPrescTable
 .rodata.Draw_StaticText.str1.4
                0x08010b2c       0x61 CMakeFiles/BiPol-F401-CTRL.elf.dir/Core/Src/ui.c.obj
 *fill*         0x08010b8d        0x3 
 .rodata.ShowCnt.str1.4
                0x08010b90        0x6 CMakeFiles/BiPol-F401-CTRL.elf.dir/Core/Src/ui.c.obj
 *fill*         0x08010b96        0x2 
 .rodata.ShowC1C2.str1.4
                0x08010b98        0x5 CMakeFiles/BiPol-F401-CTRL.elf.dir/Core/Src/ui.c.obj
 *fill*         0x08010b9d        0x3 
 .rodata.ShowSQDuration.str1.4
                0x08010ba0        0xa CMakeFiles/BiPol-F401-CTRL.elf.dir/Core/Src/ui.c.obj
 *fill*         0x08010baa        0x2 
 .rodata.ShowWE1Duration.str1.4
                0x08010bac        0x3 CMakeFiles/BiPol-F401-CTRL.elf.dir/Core/Src/ui.c.obj
 *fill*         0x08010baf        0x1 
 .rodata.ShowWeldingCurrent.str1.4
                0x08010bb0        0x5 CMakeFiles/BiPol-F401-CTRL.elf.dir/Core/Src/ui.c.obj
 *fill*         0x08010bb5        0x3 
 .rodata.ShowWeldingMode.str1.4
                0x08010bb8        0x5 CMakeFiles/BiPol-F401-CTRL.elf.dir/Core/Src/ui.c.obj
 *fill*         0x08010bbd        0x3 
 .rodata.ShowSelectedChannel.str1.4
                0x08010bc0        0x3 CMakeFiles/BiPol-F401-CTRL.elf.dir/Core/Src/ui.c.obj
 *fill*         0x08010bc3        0x1 
 .rodata.ShowSaving.str1.4
                0x08010bc4        0xa CMakeFiles/BiPol-F401-CTRL.elf.dir/Core/Src/ui.c.obj
 *fill*         0x08010bce        0x2 
 .rodata.flagBitshiftOffset.0
                0x08010bd0        0x8 CMakeFiles/BiPol-F401-CTRL.elf.dir/Drivers/STM32F4xx_HAL_Driver/Src/stm32f4xx_hal_dma.c.obj
 .rodata._global_impure_ptr
                0x08010bd8        0x4 c:/gcc-arm-none-eabi-10-2020-q4-major/bin/../lib/gcc/arm-none-eabi/10.2.1/../../../../arm-none-eabi/lib/thumb/v7e-m/nofp\libg.a(lib_a-impure.o)
                0x08010bd8                _global_impure_ptr
 .rodata._puts_r.str1.4
                0x08010bdc        0xa c:/gcc-arm-none-eabi-10-2020-q4-major/bin/../lib/gcc/arm-none-eabi/10.2.1/../../../../arm-none-eabi/lib/thumb/v7e-m/nofp\libg.a(lib_a-puts.o)
                                  0x2 (size before relaxing)
 .rodata._svfprintf_r.str1.4
                0x08010bdc       0x42 c:/gcc-arm-none-eabi-10-2020-q4-major/bin/../lib/gcc/arm-none-eabi/10.2.1/../../../../arm-none-eabi/lib/thumb/v7e-m/nofp\libg.a(lib_a-svfprintf.o)
 *fill*         0x08010c1e        0x2 
 .rodata.blanks.1
                0x08010c20       0x10 c:/gcc-arm-none-eabi-10-2020-q4-major/bin/../lib/gcc/arm-none-eabi/10.2.1/../../../../arm-none-eabi/lib/thumb/v7e-m/nofp\libg.a(lib_a-svfprintf.o)
 .rodata.zeroes.0
                0x08010c30       0x10 c:/gcc-arm-none-eabi-10-2020-q4-major/bin/../lib/gcc/arm-none-eabi/10.2.1/../../../../arm-none-eabi/lib/thumb/v7e-m/nofp\libg.a(lib_a-svfprintf.o)
 .rodata._vfprintf_r.str1.4
                0x08010c40       0x42 c:/gcc-arm-none-eabi-10-2020-q4-major/bin/../lib/gcc/arm-none-eabi/10.2.1/../../../../arm-none-eabi/lib/thumb/v7e-m/nofp\libg.a(lib_a-vfprintf.o)
 .rodata.blanks.1
                0x08010c40       0x10 c:/gcc-arm-none-eabi-10-2020-q4-major/bin/../lib/gcc/arm-none-eabi/10.2.1/../../../../arm-none-eabi/lib/thumb/v7e-m/nofp\libg.a(lib_a-vfprintf.o)
 .rodata.zeroes.0
                0x08010c50       0x10 c:/gcc-arm-none-eabi-10-2020-q4-major/bin/../lib/gcc/arm-none-eabi/10.2.1/../../../../arm-none-eabi/lib/thumb/v7e-m/nofp\libg.a(lib_a-vfprintf.o)
 .rodata._dtoa_r.str1.4
                0x08010c60       0xa1 c:/gcc-arm-none-eabi-10-2020-q4-major/bin/../lib/gcc/arm-none-eabi/10.2.1/../../../../arm-none-eabi/lib/thumb/v7e-m/nofp\libg.a(lib_a-dtoa.o)
                                 0xa5 (size before relaxing)
 *fill*         0x08010d01        0x3 
 .rodata.__multadd.str1.4
                0x08010d04       0x7e c:/gcc-arm-none-eabi-10-2020-q4-major/bin/../lib/gcc/arm-none-eabi/10.2.1/../../../../arm-none-eabi/lib/thumb/v7e-m/nofp\libg.a(lib_a-mprec.o)
                                 0x92 (size before relaxing)
 *fill*         0x08010d82        0x6 
 .rodata.__mprec_bigtens
                0x08010d88       0x28 c:/gcc-arm-none-eabi-10-2020-q4-major/bin/../lib/gcc/arm-none-eabi/10.2.1/../../../../arm-none-eabi/lib/thumb/v7e-m/nofp\libg.a(lib_a-mprec.o)
                0x08010d88                __mprec_bigtens
 .rodata.__mprec_tens
                0x08010db0       0xc8 c:/gcc-arm-none-eabi-10-2020-q4-major/bin/../lib/gcc/arm-none-eabi/10.2.1/../../../../arm-none-eabi/lib/thumb/v7e-m/nofp\libg.a(lib_a-mprec.o)
                0x08010db0                __mprec_tens
 .rodata.p05.0  0x08010e78        0xc c:/gcc-arm-none-eabi-10-2020-q4-major/bin/../lib/gcc/arm-none-eabi/10.2.1/../../../../arm-none-eabi/lib/thumb/v7e-m/nofp\libg.a(lib_a-mprec.o)
 .rodata._vfiprintf_r.str1.4
                0x08010e84       0x2f c:/gcc-arm-none-eabi-10-2020-q4-major/bin/../lib/gcc/arm-none-eabi/10.2.1/../../../../arm-none-eabi/lib/thumb/v7e-m/nofp\libg.a(lib_a-vfiprintf.o)
 .rodata.blanks.1
                0x08010e84       0x10 c:/gcc-arm-none-eabi-10-2020-q4-major/bin/../lib/gcc/arm-none-eabi/10.2.1/../../../../arm-none-eabi/lib/thumb/v7e-m/nofp\libg.a(lib_a-vfiprintf.o)
 .rodata.zeroes.0
                0x08010e94       0x10 c:/gcc-arm-none-eabi-10-2020-q4-major/bin/../lib/gcc/arm-none-eabi/10.2.1/../../../../arm-none-eabi/lib/thumb/v7e-m/nofp\libg.a(lib_a-vfiprintf.o)
 .rodata.__assert_func.str1.4
                0x08010ea4       0x3f c:/gcc-arm-none-eabi-10-2020-q4-major/bin/../lib/gcc/arm-none-eabi/10.2.1/../../../../arm-none-eabi/lib/thumb/v7e-m/nofp\libg.a(lib_a-assert.o)
                                 0x43 (size before relaxing)
 *fill*         0x08010ee3        0x1 
 .rodata._setlocale_r.str1.4
                0x08010ee4        0x6 c:/gcc-arm-none-eabi-10-2020-q4-major/bin/../lib/gcc/arm-none-eabi/10.2.1/../../../../arm-none-eabi/lib/thumb/v7e-m/nofp\libg.a(lib_a-locale.o)
                                  0xd (size before relaxing)
 .rodata.str1.4
                0x08010eea        0x6 c:/gcc-arm-none-eabi-10-2020-q4-major/bin/../lib/gcc/arm-none-eabi/10.2.1/../../../../arm-none-eabi/lib/thumb/v7e-m/nofp\libg.a(lib_a-locale.o)
                                  0x2 (size before relaxing)
 *fill*         0x08010eea        0x2 
 .rodata._ctype_
                0x08010eec      0x101 c:/gcc-arm-none-eabi-10-2020-q4-major/bin/../lib/gcc/arm-none-eabi/10.2.1/../../../../arm-none-eabi/lib/thumb/v7e-m/nofp\libg.a(lib_a-ctype_.o)
                0x08010eec                _ctype_
                0x08010ff0                . = ALIGN (0x4)
 *fill*         0x08010fed        0x3 

.ARM.extab      0x08010ff0        0x0
                0x08010ff0                . = ALIGN (0x4)
 *(.ARM.extab* .gnu.linkonce.armextab.*)
                0x08010ff0                . = ALIGN (0x4)

.ARM            0x08010ff0        0x8
                0x08010ff0                . = ALIGN (0x4)
                0x08010ff0                __exidx_start = .
 *(.ARM.exidx*)
 .ARM.exidx     0x08010ff0        0x8 c:/gcc-arm-none-eabi-10-2020-q4-major/bin/../lib/gcc/arm-none-eabi/10.2.1/thumb/v7e-m/nofp\libgcc.a(_udivmoddi4.o)
                0x08010ff8                __exidx_end = .
                0x08010ff8                . = ALIGN (0x4)

.rel.dyn        0x08010ff8        0x0
 .rel.iplt      0x08010ff8        0x0 c:/gcc-arm-none-eabi-10-2020-q4-major/bin/../lib/gcc/arm-none-eabi/10.2.1/thumb/v7e-m/nofp/crtbegin.o

.preinit_array  0x08010ff8        0x0
                0x08010ff8                . = ALIGN (0x4)
                0x08010ff8                PROVIDE (__preinit_array_start = .)
 *(.preinit_array*)
                0x08010ff8                PROVIDE (__preinit_array_end = .)
                0x08010ff8                . = ALIGN (0x4)

.init_array     0x08010ff8        0x8
                0x08010ff8                . = ALIGN (0x4)
                0x08010ff8                PROVIDE (__init_array_start = .)
 *(SORT_BY_NAME(.init_array.*))
 .init_array.00000
                0x08010ff8        0x4 c:/gcc-arm-none-eabi-10-2020-q4-major/bin/../lib/gcc/arm-none-eabi/10.2.1/../../../../arm-none-eabi/lib/thumb/v7e-m/nofp\libg.a(lib_a-__call_atexit.o)
 *(.init_array*)
 .init_array    0x08010ffc        0x4 c:/gcc-arm-none-eabi-10-2020-q4-major/bin/../lib/gcc/arm-none-eabi/10.2.1/thumb/v7e-m/nofp/crtbegin.o
                0x08011000                PROVIDE (__init_array_end = .)
                0x08011000                . = ALIGN (0x4)

.fini_array     0x08011000        0x4
                0x08011000                . = ALIGN (0x4)
                0x08011000                PROVIDE (__fini_array_start = .)
 *(SORT_BY_NAME(.fini_array.*))
 *(.fini_array*)
 .fini_array    0x08011000        0x4 c:/gcc-arm-none-eabi-10-2020-q4-major/bin/../lib/gcc/arm-none-eabi/10.2.1/thumb/v7e-m/nofp/crtbegin.o
                0x08011004                PROVIDE (__fini_array_end = .)
                0x08011004                . = ALIGN (0x4)
                0x08011004                _sidata = LOADADDR (.data)

.data           0x20000000      0x9f0 load address 0x08011004
                0x20000000                . = ALIGN (0x4)
                0x20000000                _sdata = .
 *(.data)
 *(.data*)
 .data.BACK_COLOR
                0x20000000        0x2 CMakeFiles/BiPol-F401-CTRL.elf.dir/Core/Src/LCD.c.obj
                0x20000000                BACK_COLOR
 *fill*         0x20000002        0x2 
 .data.btn_delay_cnt
                0x20000004        0x4 CMakeFiles/BiPol-F401-CTRL.elf.dir/Core/Src/main.c.obj
                0x20000004                btn_delay_cnt
 .data.g_U      0x20000008        0x4 CMakeFiles/BiPol-F401-CTRL.elf.dir/Core/Src/main.c.obj
                0x20000008                g_U
 .data.g_ch1    0x2000000c        0x4 CMakeFiles/BiPol-F401-CTRL.elf.dir/Core/Src/main.c.obj
                0x2000000c                g_ch1
 .data.g_ch2    0x20000010        0x4 CMakeFiles/BiPol-F401-CTRL.elf.dir/Core/Src/main.c.obj
                0x20000010                g_ch2
 .data.g_cnt    0x20000014        0x4 CMakeFiles/BiPol-F401-CTRL.elf.dir/Core/Src/main.c.obj
                0x20000014                g_cnt
 .data.g_cool   0x20000018        0x4 CMakeFiles/BiPol-F401-CTRL.elf.dir/Core/Src/main.c.obj
                0x20000018                g_cool
 .data.g_psqr   0x2000001c        0x4 CMakeFiles/BiPol-F401-CTRL.elf.dir/Core/Src/main.c.obj
                0x2000001c                g_psqr
 .data.pre_exit_delay_cnt
                0x20000020        0x4 CMakeFiles/BiPol-F401-CTRL.elf.dir/Core/Src/main.c.obj
                0x20000020                pre_exit_delay_cnt
 .data.prev_cnt
                0x20000024        0x4 CMakeFiles/BiPol-F401-CTRL.elf.dir/Core/Src/main.c.obj
                0x20000024                prev_cnt
 .data.selected_index
                0x20000028        0x1 CMakeFiles/BiPol-F401-CTRL.elf.dir/Core/Src/main.c.obj
                0x20000028                selected_index
 *fill*         0x20000029        0x3 
 .data.trig_delay_cnt
                0x2000002c        0x4 CMakeFiles/BiPol-F401-CTRL.elf.dir/Core/Src/main.c.obj
                0x2000002c                trig_delay_cnt
 .data.trig_type
                0x20000030        0x1 CMakeFiles/BiPol-F401-CTRL.elf.dir/Core/Src/main.c.obj
                0x20000030                trig_type
 *fill*         0x20000031        0x3 
 .data.SystemCoreClock
                0x20000034        0x4 CMakeFiles/BiPol-F401-CTRL.elf.dir/Core/Src/system_stm32f4xx.c.obj
                0x20000034                SystemCoreClock
 .data.preIdx.0
                0x20000038        0x1 CMakeFiles/BiPol-F401-CTRL.elf.dir/Core/Src/ui.c.obj
 .data.uwTickFreq
                0x20000039        0x1 CMakeFiles/BiPol-F401-CTRL.elf.dir/Drivers/STM32F4xx_HAL_Driver/Src/stm32f4xx_hal.c.obj
                0x20000039                uwTickFreq
 *fill*         0x2000003a        0x2 
 .data.uwTickPrio
                0x2000003c        0x4 CMakeFiles/BiPol-F401-CTRL.elf.dir/Drivers/STM32F4xx_HAL_Driver/Src/stm32f4xx_hal.c.obj
                0x2000003c                uwTickPrio
 .data._impure_ptr
                0x20000040        0x4 c:/gcc-arm-none-eabi-10-2020-q4-major/bin/../lib/gcc/arm-none-eabi/10.2.1/../../../../arm-none-eabi/lib/thumb/v7e-m/nofp\libg.a(lib_a-impure.o)
                0x20000040                _impure_ptr
 *fill*         0x20000044        0x4 
 .data.impure_data
                0x20000048      0x428 c:/gcc-arm-none-eabi-10-2020-q4-major/bin/../lib/gcc/arm-none-eabi/10.2.1/../../../../arm-none-eabi/lib/thumb/v7e-m/nofp\libg.a(lib_a-impure.o)
 .data.__atexit_recursive_mutex
                0x20000470        0x4 c:/gcc-arm-none-eabi-10-2020-q4-major/bin/../lib/gcc/arm-none-eabi/10.2.1/../../../../arm-none-eabi/lib/thumb/v7e-m/nofp\libg.a(lib_a-__call_atexit.o)
                0x20000470                __atexit_recursive_mutex
 .data.__malloc_av_
                0x20000474      0x408 c:/gcc-arm-none-eabi-10-2020-q4-major/bin/../lib/gcc/arm-none-eabi/10.2.1/../../../../arm-none-eabi/lib/thumb/v7e-m/nofp\libg.a(lib_a-mallocr.o)
                0x20000474                __malloc_av_
 .data.__malloc_sbrk_base
                0x2000087c        0x4 c:/gcc-arm-none-eabi-10-2020-q4-major/bin/../lib/gcc/arm-none-eabi/10.2.1/../../../../arm-none-eabi/lib/thumb/v7e-m/nofp\libg.a(lib_a-mallocr.o)
                0x2000087c                __malloc_sbrk_base
 .data.__malloc_trim_threshold
                0x20000880        0x4 c:/gcc-arm-none-eabi-10-2020-q4-major/bin/../lib/gcc/arm-none-eabi/10.2.1/../../../../arm-none-eabi/lib/thumb/v7e-m/nofp\libg.a(lib_a-mallocr.o)
                0x20000880                __malloc_trim_threshold
 .data.__global_locale
                0x20000884      0x16c c:/gcc-arm-none-eabi-10-2020-q4-major/bin/../lib/gcc/arm-none-eabi/10.2.1/../../../../arm-none-eabi/lib/thumb/v7e-m/nofp\libg.a(lib_a-locale.o)
                0x20000884                __global_locale
 *(.RamFunc)
 *(.RamFunc*)
                0x200009f0                . = ALIGN (0x4)
                0x200009f0                _edata = .

.igot.plt       0x200009f0        0x0 load address 0x080119f4
 .igot.plt      0x200009f0        0x0 c:/gcc-arm-none-eabi-10-2020-q4-major/bin/../lib/gcc/arm-none-eabi/10.2.1/thumb/v7e-m/nofp/crtbegin.o
                0x200009f0                . = ALIGN (0x4)

.bss            0x200009f0     0x51e4 load address 0x080119f4
                0x200009f0                _sbss = .
                0x200009f0                __bss_start__ = _sbss
 *(.bss)
 .bss           0x200009f0       0x1c c:/gcc-arm-none-eabi-10-2020-q4-major/bin/../lib/gcc/arm-none-eabi/10.2.1/thumb/v7e-m/nofp/crtbegin.o
 *(.bss*)
 .bss.POINT_COLOR
                0x20000a0c        0x2 CMakeFiles/BiPol-F401-CTRL.elf.dir/Core/Src/LCD.c.obj
                0x20000a0c                POINT_COLOR
 *fill*         0x20000a0e        0x2 
 .bss.data_buffer.0
                0x20000a10     0x4e20 CMakeFiles/BiPol-F401-CTRL.elf.dir/Core/Src/LCD.c.obj
 .bss.lcddev    0x20005830        0xe CMakeFiles/BiPol-F401-CTRL.elf.dir/Core/Src/LCD.c.obj
                0x20005830                lcddev
 *fill*         0x2000583e        0x2 
 .bss.hadc1     0x20005840       0x48 CMakeFiles/BiPol-F401-CTRL.elf.dir/Core/Src/adc.c.obj
                0x20005840                hadc1
 .bss.hdma_adc1
                0x20005888       0x60 CMakeFiles/BiPol-F401-CTRL.elf.dir/Core/Src/adc.c.obj
                0x20005888                hdma_adc1
 .bss.hcrc      0x200058e8        0x8 CMakeFiles/BiPol-F401-CTRL.elf.dir/Core/Src/crc.c.obj
                0x200058e8                hcrc
 .bss.current_version
                0x200058f0        0x4 CMakeFiles/BiPol-F401-CTRL.elf.dir/Core/Src/flash_store.c.obj
 .bss.next_write_offset
                0x200058f4        0x4 CMakeFiles/BiPol-F401-CTRL.elf.dir/Core/Src/flash_store.c.obj
 .bss.sector_initialized
                0x200058f8        0x1 CMakeFiles/BiPol-F401-CTRL.elf.dir/Core/Src/flash_store.c.obj
 .bss.bezCnt    0x200058f9        0x1 CMakeFiles/BiPol-F401-CTRL.elf.dir/Core/Src/main.c.obj
                0x200058f9                bezCnt
 *fill*         0x200058fa        0x2 
 .bss.cnt.0     0x200058fc        0x4 CMakeFiles/BiPol-F401-CTRL.elf.dir/Core/Src/main.c.obj
 .bss.cnt_a.5   0x20005900        0x1 CMakeFiles/BiPol-F401-CTRL.elf.dir/Core/Src/main.c.obj
 .bss.cnt_amt_trig.9
                0x20005901        0x1 CMakeFiles/BiPol-F401-CTRL.elf.dir/Core/Src/main.c.obj
 .bss.cnt_auto_trig.8
                0x20005902        0x1 CMakeFiles/BiPol-F401-CTRL.elf.dir/Core/Src/main.c.obj
 .bss.cnt_b.4   0x20005903        0x1 CMakeFiles/BiPol-F401-CTRL.elf.dir/Core/Src/main.c.obj
 .bss.cnt_btn.6
                0x20005904        0x1 CMakeFiles/BiPol-F401-CTRL.elf.dir/Core/Src/main.c.obj
 .bss.cnt_pre_exit.7
                0x20005905        0x1 CMakeFiles/BiPol-F401-CTRL.elf.dir/Core/Src/main.c.obj
 .bss.current_state
                0x20005906        0x1 CMakeFiles/BiPol-F401-CTRL.elf.dir/Core/Src/main.c.obj
                0x20005906                current_state
 *fill*         0x20005907        0x1 
 .bss.filtered_voltage
                0x20005908        0x8 CMakeFiles/BiPol-F401-CTRL.elf.dir/Core/Src/main.c.obj
 .bss.g_adc_buffer
                0x20005910       0x14 CMakeFiles/BiPol-F401-CTRL.elf.dir/Core/Src/main.c.obj
                0x20005910                g_adc_buffer
 .bss.g_btn     0x20005924        0x1 CMakeFiles/BiPol-F401-CTRL.elf.dir/Core/Src/main.c.obj
                0x20005924                g_btn
 *fill*         0x20005925        0x3 
 .bss.g_cap_voltage_mv
                0x20005928        0x8 CMakeFiles/BiPol-F401-CTRL.elf.dir/Core/Src/main.c.obj
                0x20005928                g_cap_voltage_mv
 .bss.g_count   0x20005930        0x4 CMakeFiles/BiPol-F401-CTRL.elf.dir/Core/Src/main.c.obj
                0x20005930                g_count
 .bss.g_dataCfg
                0x20005934       0x80 CMakeFiles/BiPol-F401-CTRL.elf.dir/Core/Src/main.c.obj
                0x20005934                g_dataCfg
 .bss.g_idx     0x200059b4        0x4 CMakeFiles/BiPol-F401-CTRL.elf.dir/Core/Src/main.c.obj
                0x200059b4                g_idx
 .bss.g_state   0x200059b8        0x1 CMakeFiles/BiPol-F401-CTRL.elf.dir/Core/Src/main.c.obj
                0x200059b8                g_state
 *fill*         0x200059b9        0x1 
 .bss.g_target_voltage_mv
                0x200059ba        0x2 CMakeFiles/BiPol-F401-CTRL.elf.dir/Core/Src/main.c.obj
                0x200059ba                g_target_voltage_mv
 .bss.g_temp    0x200059bc        0x2 CMakeFiles/BiPol-F401-CTRL.elf.dir/Core/Src/main.c.obj
                0x200059bc                g_temp
 .bss.g_weldingMode
                0x200059be        0x1 CMakeFiles/BiPol-F401-CTRL.elf.dir/Core/Src/main.c.obj
                0x200059be                g_weldingMode
 *fill*         0x200059bf        0x1 
 .bss.last_activity_time
                0x200059c0        0x8 CMakeFiles/BiPol-F401-CTRL.elf.dir/Core/Src/main.c.obj
                0x200059c0                last_activity_time
 .bss.last_saving_time
                0x200059c8        0x8 CMakeFiles/BiPol-F401-CTRL.elf.dir/Core/Src/main.c.obj
                0x200059c8                last_saving_time
 .bss.preTimestamp.1
                0x200059d0        0x8 CMakeFiles/BiPol-F401-CTRL.elf.dir/Core/Src/main.c.obj
 .bss.pre_a.3   0x200059d8        0x1 CMakeFiles/BiPol-F401-CTRL.elf.dir/Core/Src/main.c.obj
 .bss.pre_exit  0x200059d9        0x1 CMakeFiles/BiPol-F401-CTRL.elf.dir/Core/Src/main.c.obj
                0x200059d9                pre_exit
 *fill*         0x200059da        0x6 
 .bss.pretime.2