Archive member included to satisfy reference by file (symbol)

c:/gcc-arm-none-eabi-10-2020-q4-major/bin/../lib/gcc/arm-none-eabi/10.2.1/thumb/v7e-m/nofp\libgcc.a(_arm_muldf3.o)
                              CMakeFiles/BiPol-F401-CTRL.elf.dir/Core/Src/main.c.obj (__aeabi_dmul)
c:/gcc-arm-none-eabi-10-2020-q4-major/bin/../lib/gcc/arm-none-eabi/10.2.1/thumb/v7e-m/nofp\libgcc.a(_arm_mulsf3.o)
                              CMakeFiles/BiPol-F401-CTRL.elf.dir/Core/Src/main.c.obj (__aeabi_fmul)
c:/gcc-arm-none-eabi-10-2020-q4-major/bin/../lib/gcc/arm-none-eabi/10.2.1/thumb/v7e-m/nofp\libgcc.a(_arm_addsubdf3.o)
                              CMakeFiles/BiPol-F401-CTRL.elf.dir/Core/Src/main.c.obj (__aeabi_i2d)
c:/gcc-arm-none-eabi-10-2020-q4-major/bin/../lib/gcc/arm-none-eabi/10.2.1/thumb/v7e-m/nofp\libgcc.a(_arm_cmpdf2.o)
                              CMakeFiles/BiPol-F401-CTRL.elf.dir/Core/Src/main.c.obj (__aeabi_dcmplt)
c:/gcc-arm-none-eabi-10-2020-q4-major/bin/../lib/gcc/arm-none-eabi/10.2.1/thumb/v7e-m/nofp\libgcc.a(_arm_addsubsf3.o)
                              CMakeFiles/BiPol-F401-CTRL.elf.dir/Core/Src/main.c.obj (__aeabi_fsub)
c:/gcc-arm-none-eabi-10-2020-q4-major/bin/../lib/gcc/arm-none-eabi/10.2.1/thumb/v7e-m/nofp\libgcc.a(_arm_muldivsf3.o)
                              CMakeFiles/BiPol-F401-CTRL.elf.dir/Core/Src/main.c.obj (__aeabi_fdiv)
c:/gcc-arm-none-eabi-10-2020-q4-major/bin/../lib/gcc/arm-none-eabi/10.2.1/thumb/v7e-m/nofp\libgcc.a(_arm_cmpsf2.o)
                              CMakeFiles/BiPol-F401-CTRL.elf.dir/Core/Src/main.c.obj (__aeabi_fcmplt)
c:/gcc-arm-none-eabi-10-2020-q4-major/bin/../lib/gcc/arm-none-eabi/10.2.1/thumb/v7e-m/nofp\libgcc.a(_arm_fixunssfsi.o)
                              CMakeFiles/BiPol-F401-CTRL.elf.dir/Core/Src/main.c.obj (__aeabi_f2uiz)
c:/gcc-arm-none-eabi-10-2020-q4-major/bin/../lib/gcc/arm-none-eabi/10.2.1/thumb/v7e-m/nofp\libgcc.a(_aeabi_uldivmod.o)
                              CMakeFiles/BiPol-F401-CTRL.elf.dir/Drivers/STM32F4xx_HAL_Driver/Src/stm32f4xx_hal_rcc.c.obj (__aeabi_uldivmod)
c:/gcc-arm-none-eabi-10-2020-q4-major/bin/../lib/gcc/arm-none-eabi/10.2.1/thumb/v7e-m/nofp\libgcc.a(_fixunssfdi.o)
                              CMakeFiles/BiPol-F401-CTRL.elf.dir/Core/Src/main.c.obj (__aeabi_f2ulz)
c:/gcc-arm-none-eabi-10-2020-q4-major/bin/../lib/gcc/arm-none-eabi/10.2.1/thumb/v7e-m/nofp\libgcc.a(_udivmoddi4.o)
                              c:/gcc-arm-none-eabi-10-2020-q4-major/bin/../lib/gcc/arm-none-eabi/10.2.1/thumb/v7e-m/nofp\libgcc.a(_aeabi_uldivmod.o) (__udivmoddi4)
c:/gcc-arm-none-eabi-10-2020-q4-major/bin/../lib/gcc/arm-none-eabi/10.2.1/thumb/v7e-m/nofp\libgcc.a(_dvmd_tls.o)
                              c:/gcc-arm-none-eabi-10-2020-q4-major/bin/../lib/gcc/arm-none-eabi/10.2.1/thumb/v7e-m/nofp\libgcc.a(_aeabi_uldivmod.o) (__aeabi_ldiv0)
c:/gcc-arm-none-eabi-10-2020-q4-major/bin/../lib/gcc/arm-none-eabi/10.2.1/thumb/v7e-m/nofp\libgcc.a(_arm_fixunsdfsi.o)
                              c:/gcc-arm-none-eabi-10-2020-q4-major/bin/../lib/gcc/arm-none-eabi/10.2.1/thumb/v7e-m/nofp\libgcc.a(_fixunssfdi.o) (__aeabi_d2uiz)
c:/gcc-arm-none-eabi-10-2020-q4-major/bin/../lib/gcc/arm-none-eabi/10.2.1/../../../../arm-none-eabi/lib/thumb/v7e-m/nofp\libg.a(lib_a-errno.o)
                              CMakeFiles/BiPol-F401-CTRL.elf.dir/Core/Src/syscalls.c.obj (__errno)
c:/gcc-arm-none-eabi-10-2020-q4-major/bin/../lib/gcc/arm-none-eabi/10.2.1/../../../../arm-none-eabi/lib/thumb/v7e-m/nofp\libg.a(lib_a-exit.o)
                              c:/gcc-arm-none-eabi-10-2020-q4-major/bin/../lib/gcc/arm-none-eabi/10.2.1/../../../../arm-none-eabi/lib/thumb/v7e-m/nofp/crt0.o (exit)
c:/gcc-arm-none-eabi-10-2020-q4-major/bin/../lib/gcc/arm-none-eabi/10.2.1/../../../../arm-none-eabi/lib/thumb/v7e-m/nofp\libg.a(lib_a-impure.o)
                              c:/gcc-arm-none-eabi-10-2020-q4-major/bin/../lib/gcc/arm-none-eabi/10.2.1/../../../../arm-none-eabi/lib/thumb/v7e-m/nofp\libg.a(lib_a-exit.o) (_global_impure_ptr)
c:/gcc-arm-none-eabi-10-2020-q4-major/bin/../lib/gcc/arm-none-eabi/10.2.1/../../../../arm-none-eabi/lib/thumb/v7e-m/nofp\libg.a(lib_a-init.o)
                              c:/gcc-arm-none-eabi-10-2020-q4-major/bin/../lib/gcc/arm-none-eabi/10.2.1/../../../../arm-none-eabi/lib/thumb/v7e-m/nofp/crt0.o (__libc_init_array)
c:/gcc-arm-none-eabi-10-2020-q4-major/bin/../lib/gcc/arm-none-eabi/10.2.1/../../../../arm-none-eabi/lib/thumb/v7e-m/nofp\libg.a(lib_a-memset.o)
                              c:/gcc-arm-none-eabi-10-2020-q4-major/bin/../lib/gcc/arm-none-eabi/10.2.1/../../../../arm-none-eabi/lib/thumb/v7e-m/nofp/crt0.o (memset)
c:/gcc-arm-none-eabi-10-2020-q4-major/bin/../lib/gcc/arm-none-eabi/10.2.1/../../../../arm-none-eabi/lib/thumb/v7e-m/nofp\libg.a(lib_a-printf.o)
                              CMakeFiles/BiPol-F401-CTRL.elf.dir/Core/Src/flash_store.c.obj (printf)
[...]
Memory Configuration

Name             Origin             Length             Attributes
RAM              0x20000000         0x00010000         xrw
FLASH            0x08000000         0x00040000         xr
*default*        0x00000000         0xffffffff

Linker script and memory map

LOAD c:/gcc-arm-none-eabi-10-2020-q4-major/bin/../lib/gcc/arm-none-eabi/10.2.1/thumb/v7e-m/nofp/crti.o
LOAD c:/gcc-arm-none-eabi-10-2020-q4-major/bin/../lib/gcc/arm-none-eabi/10.2.1/thumb/v7e-m/nofp/crtbegin.o
LOAD c:/gcc-arm-none-eabi-10-2020-q4-major/bin/../lib/gcc/arm-none-eabi/10.2.1/../../../../arm-none-eabi/lib/thumb/v7e-m/nofp/crt0.o
LOAD CMakeFiles/BiPol-F401-CTRL.elf.dir/Core/Src/LCD.c.obj
LOAD CMakeFiles/BiPol-F401-CTRL.elf.dir/Core/Src/adc.c.obj
LOAD CMakeFiles/BiPol-F401-CTRL.elf.dir/Core/Src/crc.c.obj
LOAD CMakeFiles/BiPol-F401-CTRL.elf.dir/Core/Src/dma.c.obj
LOAD CMakeFiles/BiPol-F401-CTRL.elf.dir/Core/Src/flash_store.c.obj
LOAD CMakeFiles/BiPol-F401-CTRL.elf.dir/Core/Src/gpio.c.obj
LOAD CMakeFiles/BiPol-F401-CTRL.elf.dir/Core/Src/main.c.obj
LOAD CMakeFiles/BiPol-F401-CTRL.elf.dir/Core/Src/spi.c.obj
LOAD CMakeFiles/BiPol-F401-CTRL.elf.dir/Core/Src/stm32f4xx_hal_msp.c.obj
LOAD CMakeFiles/BiPol-F401-CTRL.elf.dir/Core/Src/stm32f4xx_it.c.obj
LOAD CMakeFiles/BiPol-F401-CTRL.elf.dir/Core/Src/syscalls.c.obj
LOAD CMakeFiles/BiPol-F401-CTRL.elf.dir/Core/Src/sysmem.c.obj
LOAD CMakeFiles/BiPol-F401-CTRL.elf.dir/Core/Src/system_stm32f4xx.c.obj
LOAD CMakeFiles/BiPol-F401-CTRL.elf.dir/Core/Src/tim.c.obj
LOAD CMakeFiles/BiPol-F401-CTRL.elf.dir/Core/Src/usart.c.obj
LOAD CMakeFiles/BiPol-F401-CTRL.elf.dir/Core/Startup/startup_stm32f401rctx.s.obj
LOAD CMakeFiles/BiPol-F401-CTRL.elf.dir/Drivers/STM32F4xx_HAL_Driver/Src/stm32f4xx_hal.c.obj
LOAD CMakeFiles/BiPol-F401-CTRL.elf.dir/Drivers/STM32F4xx_HAL_Driver/Src/stm32f4xx_hal_adc.c.obj
LOAD CMakeFiles/BiPol-F401-CTRL.elf.dir/Drivers/STM32F4xx_HAL_Driver/Src/stm32f4xx_hal_adc_ex.c.obj
LOAD CMakeFiles/BiPol-F401-CTRL.elf.dir/Drivers/STM32F4xx_HAL_Driver/Src/stm32f4xx_hal_cortex.c.obj
LOAD CMakeFiles/BiPol-F401-CTRL.elf.dir/Drivers/STM32F4xx_HAL_Driver/Src/stm32f4xx_hal_crc.c.obj
LOAD CMakeFiles/BiPol-F401-CTRL.elf.dir/Drivers/STM32F4xx_HAL_Driver/Src/stm32f4xx_hal_dma.c.obj
LOAD CMakeFiles/BiPol-F401-CTRL.elf.dir/Drivers/STM32F4xx_HAL_Driver/Src/stm32f4xx_hal_dma_ex.c.obj
LOAD CMakeFiles/BiPol-F401-CTRL.elf.dir/Drivers/STM32F4xx_HAL_Driver/Src/stm32f4xx_hal_exti.c.obj
LOAD CMakeFiles/BiPol-F401-CTRL.elf.dir/Drivers/STM32F4xx_HAL_Driver/Src/stm32f4xx_hal_flash.c.obj
LOAD CMakeFiles/BiPol-F401-CTRL.elf.dir/Drivers/STM32F4xx_HAL_Driver/Src/stm32f4xx_hal_flash_ex.c.obj
LOAD CMakeFiles/BiPol-F401-CTRL.elf.dir/Drivers/STM32F4xx_HAL_Driver/Src/stm32f4xx_hal_flash_ramfunc.c.obj
LOAD CMakeFiles/BiPol-F401-CTRL.elf.dir/Drivers/STM32F4xx_HAL_Driver/Src/stm32f4xx_hal_gpio.c.obj
LOAD CMakeFiles/BiPol-F401-CTRL.elf.dir/Drivers/STM32F4xx_HAL_Driver/Src/stm32f4xx_hal_pwr.c.obj
LOAD CMakeFiles/BiPol-F401-CTRL.elf.dir/Drivers/STM32F4xx_HAL_Driver/Src/stm32f4xx_hal_pwr_ex.c.obj
LOAD CMakeFiles/BiPol-F401-CTRL.elf.dir/Drivers/STM32F4xx_HAL_Driver/Src/stm32f4xx_hal_rcc.c.obj
LOAD CMakeFiles/BiPol-F401-CTRL.elf.dir/Drivers/STM32F4xx_HAL_Driver/Src/stm32f4xx_hal_rcc_ex.c.obj
LOAD CMakeFiles/BiPol-F401-CTRL.elf.dir/Drivers/STM32F4xx_HAL_Driver/Src/stm32f4xx_hal_spi.c.obj
LOAD CMakeFiles/BiPol-F401-CTRL.elf.dir/Drivers/STM32F4xx_HAL_Driver/Src/stm32f4xx_hal_tim.c.obj
LOAD CMakeFiles/BiPol-F401-CTRL.elf.dir/Drivers/STM32F4xx_HAL_Driver/Src/stm32f4xx_hal_tim_ex.c.obj
LOAD CMakeFiles/BiPol-F401-CTRL.elf.dir/Drivers/STM32F4xx_HAL_Driver/Src/stm32f4xx_hal_uart.c.obj
LOAD CMakeFiles/BiPol-F401-CTRL.elf.dir/Drivers/STM32F4xx_HAL_Driver/Src/stm32f4xx_ll_adc.c.obj
START GROUP
LOAD c:/gcc-arm-none-eabi-10-2020-q4-major/bin/../lib/gcc/arm-none-eabi/10.2.1/thumb/v7e-m/nofp\libgcc.a
LOAD c:/gcc-arm-none-eabi-10-2020-q4-major/bin/../lib/gcc/arm-none-eabi/10.2.1/../../../../arm-none-eabi/lib/thumb/v7e-m/nofp\libg.a
LOAD c:/gcc-arm-none-eabi-10-2020-q4-major/bin/../lib/gcc/arm-none-eabi/10.2.1/../../../../arm-none-eabi/lib/thumb/v7e-m/nofp\libc.a
END GROUP
LOAD c:/gcc-arm-none-eabi-10-2020-q4-major/bin/../lib/gcc/arm-none-eabi/10.2.1/thumb/v7e-m/nofp/crtend.o
LOAD c:/gcc-arm-none-eabi-10-2020-q4-major/bin/../lib/gcc/arm-none-eabi/10.2.1/thumb/v7e-m/nofp/crtn.o
                0x20010000                _estack = (ORIGIN (RAM) + LENGTH (RAM))
                0x00000200                _Min_Heap_Size = 0x200
                0x00000400                _Min_Stack_Size = 0x400

.isr_vector     0x08000000      0x194
                0x08000000                . = ALIGN (0x4)
 *(.isr_vector)
 .isr_vector    0x08000000      0x194 CMakeFiles/BiPol-F401-CTRL.elf.dir/Core/Startup/startup_stm32f401rctx.s.obj
                0x08000000                g_pfnVectors
                0x08000194                . = ALIGN (0x4)

.text           0x080001c0     0xeb54
                0x080001c0                . = ALIGN (0x4)
 *(.text)
 .text          0x080001c0       0x40 c:/gcc-arm-none-eabi-10-2020-q4-major/bin/../lib/gcc/arm-none-eabi/10.2.1/thumb/v7e-m/nofp/crtbegin.o
 .text          0x08000200      0x378 c:/gcc-arm-none-eabi-10-2020-q4-major/bin/../lib/gcc/arm-none-eabi/10.2.1/thumb/v7e-m/nofp\libgcc.a(_arm_addsubdf3.o)
                0x08000200                __aeabi_drsub
                0x08000208                __aeabi_dsub
                0x08000208                __subdf3
                0x0800020c                __aeabi_dadd
                0x0800020c                __adddf3
                0x08000484                __floatunsidf
                0x08000484                __aeabi_ui2d
                0x080004a4                __floatsidf
                0x080004a4                __aeabi_i2d
                0x080004c8                __aeabi_f2d
                0x080004c8                __extendsfdf2
                0x0800050c                __floatundidf
                0x0800050c                __aeabi_ul2d
                0x0800051c                __floatdidf
                0x0800051c                __aeabi_l2d
 .text          0x08000578      0x110 c:/gcc-arm-none-eabi-10-2020-q4-major/bin/../lib/gcc/arm-none-eabi/10.2.1/thumb/v7e-m/nofp\libgcc.a(_arm_cmpdf2.o)
                0x08000578                __gtdf2
                0x08000578                __gedf2
                0x08000580                __ltdf2
                0x08000580                __ledf2
                0x08000588                __nedf2
                0x08000588                __eqdf2
                0x08000588                __cmpdf2
                0x08000604                __aeabi_cdrcmple
                0x08000614                __aeabi_cdcmpeq
                0x08000614                __aeabi_cdcmple
                0x08000624                __aeabi_dcmpeq
                0x08000638                __aeabi_dcmplt
                0x0800064c                __aeabi_dcmple
                0x08000660                __aeabi_dcmpge
                0x08000674                __aeabi_dcmpgt
 .text          0x08000688      0x21c c:/gcc-arm-none-eabi-10-2020-q4-major/bin/../lib/gcc/arm-none-eabi/10.2.1/thumb/v7e-m/nofp\libgcc.a(_arm_addsubsf3.o)
                0x08000688                __aeabi_frsub
                0x08000690                __subsf3
                0x08000690                __aeabi_fsub
                0x08000694                __aeabi_fadd
                0x08000694                __addsf3
                0x080007f4                __aeabi_ui2f
                0x080007f4                __floatunsisf
                0x080007fc                __aeabi_i2f
                0x080007fc                __floatsisf
                0x08000818                __aeabi_ul2f
                0x08000818                __floatundisf
                0x08000828                __aeabi_l2f
                0x08000828                __floatdisf
 .text          0x080008a4      0x2a0 c:/gcc-arm-none-eabi-10-2020-q4-major/bin/../lib/gcc/arm-none-eabi/10.2.1/thumb/v7e-m/nofp\libgcc.a(_arm_muldivsf3.o)
                0x080008a4                __mulsf3
                0x080008a4                __aeabi_fmul
                0x08000a0c                __aeabi_fdiv
                0x08000a0c                __divsf3
 .text          0x08000b44       0xec c:/gcc-arm-none-eabi-10-2020-q4-major/bin/../lib/gcc/arm-none-eabi/10.2.1/thumb/v7e-m/nofp\libgcc.a(_arm_cmpsf2.o)
                0x08000b44                __gesf2
                0x08000b44                __gtsf2
                0x08000b4c                __lesf2
                0x08000b4c                __ltsf2
                0x08000b54                __nesf2
                0x08000b54                __eqsf2
                0x08000b54                __cmpsf2
                0x08000bb4                __aeabi_cfrcmple
                0x08000bbc                __aeabi_cfcmpeq
                0x08000bbc                __aeabi_cfcmple
                0x08000bcc                __aeabi_fcmpeq
                0x08000be0                __aeabi_fcmplt
                0x08000bf4                __aeabi_fcmple
                0x08000c08                __aeabi_fcmpge
                0x08000c1c                __aeabi_fcmpgt
 .text          0x08000c30       0x40 c:/gcc-arm-none-eabi-10-2020-q4-major/bin/../lib/gcc/arm-none-eabi/10.2.1/thumb/v7e-m/nofp\libgcc.a(_arm_fixunssfsi.o)
                0x08000c30                __fixunssfsi
                0x08000c30                __aeabi_f2uiz
 .text          0x08000c70       0x30 c:/gcc-arm-none-eabi-10-2020-q4-major/bin/../lib/gcc/arm-none-eabi/10.2.1/thumb/v7e-m/nofp\libgcc.a(_aeabi_uldivmod.o)
                0x08000c70                __aeabi_uldivmod
 .text          0x08000ca0       0x40 c:/gcc-arm-none-eabi-10-2020-q4-major/bin/../lib/gcc/arm-none-eabi/10.2.1/thumb/v7e-m/nofp\libgcc.a(_fixunssfdi.o)
                0x08000ca0                __fixunssfdi
                0x08000ca0                __aeabi_f2ulz
 .text          0x08000ce0      0x2d0 c:/gcc-arm-none-eabi-10-2020-q4-major/bin/../lib/gcc/arm-none-eabi/10.2.1/thumb/v7e-m/nofp\libgcc.a(_udivmoddi4.o)
                0x08000ce0                __udivmoddi4
 .text          0x08000fb0        0x4 c:/gcc-arm-none-eabi-10-2020-q4-major/bin/../lib/gcc/arm-none-eabi/10.2.1/thumb/v7e-m/nofp\libgcc.a(_dvmd_tls.o)
                0x08000fb0                __aeabi_idiv0
                0x08000fb0                __aeabi_ldiv0
 .text          0x08000fb4       0x40 c:/gcc-arm-none-eabi-10-2020-q4-major/bin/../lib/gcc/arm-none-eabi/10.2.1/thumb/v7e-m/nofp\libgcc.a(_arm_fixunsdfsi.o)
                0x08000fb4                __aeabi_d2uiz
                0x08000fb4                __fixunsdfsi
 *fill*         0x08000ff4        0xc 
 .text          0x08001000       0xdc c:/gcc-arm-none-eabi-10-2020-q4-major/bin/../lib/gcc/arm-none-eabi/10.2.1/../../../../arm-none-eabi/lib/thumb/v7e-m/nofp\libg.a(lib_a-strlen.o)
                0x08001000                strlen
 *fill*         0x080010dc        0x4 
 .text          0x080010e0       0xa0 c:/gcc-arm-none-eabi-10-2020-q4-major/bin/../lib/gcc/arm-none-eabi/10.2.1/../../../../arm-none-eabi/lib/thumb/v7e-m/nofp\libg.a(lib_a-memchr.o)
                0x080010e0                memchr
 .text          0x08001180      0x134 c:/gcc-arm-none-eabi-10-2020-q4-major/bin/../lib/gcc/arm-none-eabi/10.2.1/../../../../arm-none-eabi/lib/thumb/v7e-m/nofp\libg.a(lib_a-memcpy.o)
                0x08001180                memcpy
 .text          0x080012b4      0x424 c:/gcc-arm-none-eabi-10-2020-q4-major/bin/../lib/gcc/arm-none-eabi/10.2.1/thumb/v7e-m/nofp\libgcc.a(_arm_muldivdf3.o)
                0x080012b4                __aeabi_dmul
                0x080012b4                __muldf3
                0x08001508                __divdf3
                0x08001508                __aeabi_ddiv
 .text          0x080016d8       0x2c c:/gcc-arm-none-eabi-10-2020-q4-major/bin/../lib/gcc/arm-none-eabi/10.2.1/thumb/v7e-m/nofp\libgcc.a(_arm_unorddf2.o)
                0x080016d8                __unorddf2
                0x080016d8                __aeabi_dcmpun
 .text          0x08001704       0x50 c:/gcc-arm-none-eabi-10-2020-q4-major/bin/../lib/gcc/arm-none-eabi/10.2.1/thumb/v7e-m/nofp\libgcc.a(_arm_fixdfsi.o)
                0x08001704                __aeabi_d2iz
                0x08001704                __fixdfsi
 *(.text*)
 .text.LCD_WR_REG
                0x08001754       0x4c CMakeFiles/BiPol-F401-CTRL.elf.dir/Core/Src/LCD.c.obj
                0x08001754                LCD_WR_REG
 .text.LCD_WR_DATA
                0x080017a0       0x4c CMakeFiles/BiPol-F401-CTRL.elf.dir/Core/Src/LCD.c.obj
                0x080017a0                LCD_WR_DATA
 .text.LCD_WriteRAM_Prepare
                0x080017ec       0x10 CMakeFiles/BiPol-F401-CTRL.elf.dir/Core/Src/LCD.c.obj
                0x080017ec                LCD_WriteRAM_Prepare
 .text.LCD_WriteRAM
                0x080017fc       0x50 CMakeFiles/BiPol-F401-CTRL.elf.dir/Core/Src/LCD.c.obj
                0x080017fc                LCD_WriteRAM
 .text.LCD_SetCursor
                0x0800184c       0x34 CMakeFiles/BiPol-F401-CTRL.elf.dir/Core/Src/LCD.c.obj
                0x0800184c                LCD_SetCursor
 .text.LCD_WriteReg
                0x08001880       0x12 CMakeFiles/BiPol-F401-CTRL.elf.dir/Core/Src/LCD.c.obj
                0x08001880                LCD_WriteReg
 *fill*         0x08001892        0x2 
 .text.LCD_DrawPoint
                0x08001894       0x18 CMakeFiles/BiPol-F401-CTRL.elf.dir/Core/Src/LCD.c.obj
                0x08001894                LCD_DrawPoint
 .text.LCD_Fast_DrawPoint
                0x080018ac       0x18 CMakeFiles/BiPol-F401-CTRL.elf.dir/Core/Src/LCD.c.obj
                0x080018ac                LCD_Fast_DrawPoint
 .text.LCD_ShowChar
                0x080018c4       0xcc CMakeFiles/BiPol-F401-CTRL.elf.dir/Core/Src/LCD.c.obj
                0x080018c4                LCD_ShowChar
 .text.Show_Str
                0x08001990       0x90 CMakeFiles/BiPol-F401-CTRL.elf.dir/Core/Src/LCD.c.obj
                0x08001990                Show_Str
 .text.LCD_Pow  0x08001a20       0x16 CMakeFiles/BiPol-F401-CTRL.elf.dir/Core/Src/LCD.c.obj
                0x08001a20                LCD_Pow
 *fill*         0x08001a36        0x2 
 .text.LCD_ShowNum
                0x08001a38       0x94 CMakeFiles/BiPol-F401-CTRL.elf.dir/Core/Src/LCD.c.obj
                0x08001a38                LCD_ShowNum
 .text.LCD_Clear
                0x08001acc       0x30 CMakeFiles/BiPol-F401-CTRL.elf.dir/Core/Src/LCD.c.obj
                0x08001acc                LCD_Clear
 .text.LCD_Init
                0x08001afc      0x1cc CMakeFiles/BiPol-F401-CTRL.elf.dir/Core/Src/LCD.c.obj
                0x08001afc                LCD_Init
 .text.LCD_Display_Dir
                0x08001cc8       0xe0 CMakeFiles/BiPol-F401-CTRL.elf.dir/Core/Src/LCD.c.obj
                0x08001cc8                LCD_Display_Dir
 .text.LCD_Turn_On_Backlight
                0x08001da8       0x14 CMakeFiles/BiPol-F401-CTRL.elf.dir/Core/Src/LCD.c.obj
                0x08001da8                LCD_Turn_On_Backlight
 .text.LCD_DrawLine
                0x08001dbc       0x9e CMakeFiles/BiPol-F401-CTRL.elf.dir/Core/Src/LCD.c.obj
                0x08001dbc                LCD_DrawLine
 .text.LCD_DrawRectangle
                0x08001e5a       0x36 CMakeFiles/BiPol-F401-CTRL.elf.dir/Core/Src/LCD.c.obj
                0x08001e5a                LCD_DrawRectangle
 .text.LCD_Fill
                0x08001e90       0x98 CMakeFiles/BiPol-F401-CTRL.elf.dir/Core/Src/LCD.c.obj
                0x08001e90                LCD_Fill
 .text.Show_Float
                0x08001f28       0x38 CMakeFiles/BiPol-F401-CTRL.elf.dir/Core/Src/LCD.c.obj
                0x08001f28                Show_Float
 .text.Show_Float_2
                0x08001f60       0x38 CMakeFiles/BiPol-F401-CTRL.elf.dir/Core/Src/LCD.c.obj
                0x08001f60                Show_Float_2
 .text.LCD_Draw_Circle
                0x08001f98       0xd0 CMakeFiles/BiPol-F401-CTRL.elf.dir/Core/Src/LCD.c.obj
                0x08001f98                LCD_Draw_Circle
 .text.MX_ADC1_Init
                0x08002068       0xd4 CMakeFiles/BiPol-F401-CTRL.elf.dir/Core/Src/adc.c.obj
                0x08002068                MX_ADC1_Init
 .text.HAL_ADC_MspInit
                0x0800213c       0xac CMakeFiles/BiPol-F401-CTRL.elf.dir/Core/Src/adc.c.obj
                0x0800213c                HAL_ADC_MspInit
 .text.MX_CRC_Init
                0x080021e8       0x20 CMakeFiles/BiPol-F401-CTRL.elf.dir/Core/Src/crc.c.obj
                0x080021e8                MX_CRC_Init
 .text.HAL_CRC_MspInit
                0x08002208       0x30 CMakeFiles/BiPol-F401-CTRL.elf.dir/Core/Src/crc.c.obj
                0x08002208                HAL_CRC_MspInit
 .text.MX_DMA_Init
                0x08002238       0x34 CMakeFiles/BiPol-F401-CTRL.elf.dir/Core/Src/dma.c.obj
                0x08002238                MX_DMA_Init
 .text.find_next_write_offset
                0x0800226c       0x28 CMakeFiles/BiPol-F401-CTRL.elf.dir/Core/Src/flash_store.c.obj
 .text.calculate_crc32
                0x08002294       0x14 CMakeFiles/BiPol-F401-CTRL.elf.dir/Core/Src/flash_store.c.obj
 .text.find_latest_packet
                0x080022a8       0xf4 CMakeFiles/BiPol-F401-CTRL.elf.dir/Core/Src/flash_store.c.obj
 .text.FlashStore_GetLatest
                0x0800239c       0x30 CMakeFiles/BiPol-F401-CTRL.elf.dir/Core/Src/flash_store.c.obj
                0x0800239c                FlashStore_GetLatest
 .text.FlashStore_Format
                0x080023cc       0x64 CMakeFiles/BiPol-F401-CTRL.elf.dir/Core/Src/flash_store.c.obj
                0x080023cc                FlashStore_Format
 .text.FlashStore_Init
                0x08002430       0x5c CMakeFiles/BiPol-F401-CTRL.elf.dir/Core/Src/flash_store.c.obj
                0x08002430                FlashStore_Init
 .text.FlashStore_Save
                0x0800248c      0x104 CMakeFiles/BiPol-F401-CTRL.elf.dir/Core/Src/flash_store.c.obj
                0x0800248c                FlashStore_Save
 .text.MX_GPIO_Init
                0x08002590      0x140 CMakeFiles/BiPol-F401-CTRL.elf.dir/Core/Src/gpio.c.obj
                0x08002590                MX_GPIO_Init
 .text.saveVal  0x080026d0       0xbc CMakeFiles/BiPol-F401-CTRL.elf.dir/Core/Src/main.c.obj
 .text.__io_putchar
                0x0800278c       0x20 CMakeFiles/BiPol-F401-CTRL.elf.dir/Core/Src/main.c.obj
                0x0800278c                __io_putchar
 .text.Get_Global_Time_us
                0x080027ac       0x1c CMakeFiles/BiPol-F401-CTRL.elf.dir/Core/Src/main.c.obj
                0x080027ac                Get_Global_Time_us
 .text.didi     0x080027c8       0x10 CMakeFiles/BiPol-F401-CTRL.elf.dir/Core/Src/main.c.obj
                0x080027c8                didi
 .text.HAL_TIM_PeriodElapsedCallback
                0x080027d8       0x58 CMakeFiles/BiPol-F401-CTRL.elf.dir/Core/Src/main.c.obj
                0x080027d8                HAL_TIM_PeriodElapsedCallback
 .text.env_detect
                0x08002830       0x80 CMakeFiles/BiPol-F401-CTRL.elf.dir/Core/Src/main.c.obj
                0x08002830                env_detect
 .text.UpdateVoltageMeasurements
                0x080028b0       0xe8 CMakeFiles/BiPol-F401-CTRL.elf.dir/Core/Src/main.c.obj
                0x080028b0                UpdateVoltageMeasurements
 .text.HAL_ADC_ConvCpltCallback
                0x08002998       0x24 CMakeFiles/BiPol-F401-CTRL.elf.dir/Core/Src/main.c.obj
                0x08002998                HAL_ADC_ConvCpltCallback
 *fill*         0x080029bc        0x4 
 .text.SystemStateMachine
                0x080029c0      0x260 CMakeFiles/BiPol-F401-CTRL.elf.dir/Core/Src/main.c.obj
                0x080029c0                SystemStateMachine
 .text.update_cap_equalizer
                0x08002c20      0x128 CMakeFiles/BiPol-F401-CTRL.elf.dir/Core/Src/main.c.obj
                0x08002c20                update_cap_equalizer
 .text.Show_Page_Main
                0x08002d48      0x2b8 CMakeFiles/BiPol-F401-CTRL.elf.dir/Core/Src/main.c.obj
                0x08002d48                Show_Page_Main
 .text.draw_selected
                0x08003000      0x19c CMakeFiles/BiPol-F401-CTRL.elf.dir/Core/Src/main.c.obj
                0x08003000                draw_selected
 .text.show_select_index
                0x0800319c       0x24 CMakeFiles/BiPol-F401-CTRL.elf.dir/Core/Src/main.c.obj
                0x0800319c                show_select_index
 .text.draw_edited
                0x080031c0      0x19c CMakeFiles/BiPol-F401-CTRL.elf.dir/Core/Src/main.c.obj
                0x080031c0                draw_edited
 .text.show_edit_index
                0x0800335c       0x30 CMakeFiles/BiPol-F401-CTRL.elf.dir/Core/Src/main.c.obj
                0x0800335c                show_edit_index
 .text.back_to_idle
                0x0800338c       0x34 CMakeFiles/BiPol-F401-CTRL.elf.dir/Core/Src/main.c.obj
                0x0800338c                back_to_idle
 .text.show_U   0x080033c0       0xd0 CMakeFiles/BiPol-F401-CTRL.elf.dir/Core/Src/main.c.obj
                0x080033c0                show_U
 .text.show_PSQR
                0x08003490       0x38 CMakeFiles/BiPol-F401-CTRL.elf.dir/Core/Src/main.c.obj
                0x08003490                show_PSQR
 .text.show_CH1
                0x080034c8       0xd0 CMakeFiles/BiPol-F401-CTRL.elf.dir/Core/Src/main.c.obj
                0x080034c8                show_CH1
 .text.show_COOL
                0x08003598       0x3c CMakeFiles/BiPol-F401-CTRL.elf.dir/Core/Src/main.c.obj
                0x08003598                show_COOL
 *fill*         0x080035d4        0x4 
 .text.show_CH2
                0x080035d8       0xe0 CMakeFiles/BiPol-F401-CTRL.elf.dir/Core/Src/main.c.obj
                0x080035d8                show_CH2
 .text.numLength
                0x080036b8       0x20 CMakeFiles/BiPol-F401-CTRL.elf.dir/Core/Src/main.c.obj
                0x080036b8                numLength
 .text.show_CNT
                0x080036d8       0x3c CMakeFiles/BiPol-F401-CTRL.elf.dir/Core/Src/main.c.obj
                0x080036d8                show_CNT
 .text.show_TYPE
                0x08003714       0x78 CMakeFiles/BiPol-F401-CTRL.elf.dir/Core/Src/main.c.obj
                0x08003714                show_TYPE
 .text.showValue
                0x0800378c       0x2c CMakeFiles/BiPol-F401-CTRL.elf.dir/Core/Src/main.c.obj
                0x0800378c                showValue
 .text.saveBeforeExit
                0x080037b8       0x30 CMakeFiles/BiPol-F401-CTRL.elf.dir/Core/Src/main.c.obj
                0x080037b8                saveBeforeExit
 .text.update_state_machine
                0x080037e8      0x364 CMakeFiles/BiPol-F401-CTRL.elf.dir/Core/Src/main.c.obj
                0x080037e8                update_state_machine
 .text.update_pulse_generation
                0x08003b4c      0x154 CMakeFiles/BiPol-F401-CTRL.elf.dir/Core/Src/main.c.obj
                0x08003b4c                update_pulse_generation
 .text.drawRoundedRectangle
                0x08003ca0      0x7b6 CMakeFiles/BiPol-F401-CTRL.elf.dir/Core/Src/main.c.obj
                0x08003ca0                drawRoundedRectangle
 *fill*         0x08004456        0x2 
 .text.HAL_GPIO_EXTI_Callback
                0x08004458      0x144 CMakeFiles/BiPol-F401-CTRL.elf.dir/Core/Src/main.c.obj
                0x08004458                HAL_GPIO_EXTI_Callback
 .text.Error_Handler
                0x0800459c        0x4 CMakeFiles/BiPol-F401-CTRL.elf.dir/Core/Src/main.c.obj
                0x0800459c                Error_Handler
 .text.SystemClock_Config
                0x080045a0       0xa4 CMakeFiles/BiPol-F401-CTRL.elf.dir/Core/Src/main.c.obj
                0x080045a0                SystemClock_Config
 .text.main     0x08004644      0x480 CMakeFiles/BiPol-F401-CTRL.elf.dir/Core/Src/main.c.obj
                0x08004644                main
 .text.MX_SPI3_Init
                0x08004ac4       0x40 CMakeFiles/BiPol-F401-CTRL.elf.dir/Core/Src/spi.c.obj
                0x08004ac4                MX_SPI3_Init
 .text.HAL_SPI_MspInit
                0x08004b04       0x70 CMakeFiles/BiPol-F401-CTRL.elf.dir/Core/Src/spi.c.obj
                0x08004b04                HAL_SPI_MspInit
 .text.HAL_MspInit
                0x08004b74       0x38 CMakeFiles/BiPol-F401-CTRL.elf.dir/Core/Src/stm32f4xx_hal_msp.c.obj
                0x08004b74                HAL_MspInit
 .text.NMI_Handler
                0x08004bac        0x2 CMakeFiles/BiPol-F401-CTRL.elf.dir/Core/Src/stm32f4xx_it.c.obj
                0x08004bac                NMI_Handler
 .text.HardFault_Handler
                0x08004bae        0x2 CMakeFiles/BiPol-F401-CTRL.elf.dir/Core/Src/stm32f4xx_it.c.obj
                0x08004bae                HardFault_Handler
 .text.MemManage_Handler
                0x08004bb0        0x2 CMakeFiles/BiPol-F401-CTRL.elf.dir/Core/Src/stm32f4xx_it.c.obj
                0x08004bb0                MemManage_Handler
 .text.BusFault_Handler
                0x08004bb2        0x2 CMakeFiles/BiPol-F401-CTRL.elf.dir/Core/Src/stm32f4xx_it.c.obj
                0x08004bb2                BusFault_Handler
 .text.UsageFault_Handler
                0x08004bb4        0x2 CMakeFiles/BiPol-F401-CTRL.elf.dir/Core/Src/stm32f4xx_it.c.obj
                0x08004bb4                UsageFault_Handler
 .text.SVC_Handler
                0x08004bb6        0x2 CMakeFiles/BiPol-F401-CTRL.elf.dir/Core/Src/stm32f4xx_it.c.obj
                0x08004bb6                SVC_Handler
 .text.DebugMon_Handler
                0x08004bb8        0x2 CMakeFiles/BiPol-F401-CTRL.elf.dir/Core/Src/stm32f4xx_it.c.obj
                0x08004bb8                DebugMon_Handler
 .text.PendSV_Handler
                0x08004bba        0x2 CMakeFiles/BiPol-F401-CTRL.elf.dir/Core/Src/stm32f4xx_it.c.obj
                0x08004bba                PendSV_Handler
 .text.SysTick_Handler
                0x08004bbc        0x8 CMakeFiles/BiPol-F401-CTRL.elf.dir/Core/Src/stm32f4xx_it.c.obj
                0x08004bbc                SysTick_Handler
 .text.EXTI9_5_IRQHandler
                0x08004bc4       0x1a CMakeFiles/BiPol-F401-CTRL.elf.dir/Core/Src/stm32f4xx_it.c.obj
                0x08004bc4                EXTI9_5_IRQHandler
 *fill*         0x08004bde        0x2 
 .text.TIM2_IRQHandler
                0x08004be0       0x10 CMakeFiles/BiPol-F401-CTRL.elf.dir/Core/Src/stm32f4xx_it.c.obj
                0x08004be0                TIM2_IRQHandler
 .text.TIM3_IRQHandler
                0x08004bf0       0x10 CMakeFiles/BiPol-F401-CTRL.elf.dir/Core/Src/stm32f4xx_it.c.obj
                0x08004bf0                TIM3_IRQHandler
 .text.EXTI15_10_IRQHandler
                0x08004c00       0x14 CMakeFiles/BiPol-F401-CTRL.elf.dir/Core/Src/stm32f4xx_it.c.obj
                0x08004c00                EXTI15_10_IRQHandler
 .text.DMA2_Stream0_IRQHandler
                0x08004c14       0x10 CMakeFiles/BiPol-F401-CTRL.elf.dir/Core/Src/stm32f4xx_it.c.obj
                0x08004c14                DMA2_Stream0_IRQHandler
 .text._getpid  0x08004c24        0x4 CMakeFiles/BiPol-F401-CTRL.elf.dir/Core/Src/syscalls.c.obj
                0x08004c24                _getpid
 .text._kill    0x08004c28       0x10 CMakeFiles/BiPol-F401-CTRL.elf.dir/Core/Src/syscalls.c.obj
                0x08004c28                _kill
 .text._exit    0x08004c38        0xc CMakeFiles/BiPol-F401-CTRL.elf.dir/Core/Src/syscalls.c.obj
                0x08004c38                _exit
 .text._read    0x08004c44       0x20 CMakeFiles/BiPol-F401-CTRL.elf.dir/Core/Src/syscalls.c.obj
                0x08004c44                _read
 .text._write   0x08004c64       0x1c CMakeFiles/BiPol-F401-CTRL.elf.dir/Core/Src/syscalls.c.obj
                0x08004c64                _write
 .text._close   0x08004c80        0x6 CMakeFiles/BiPol-F401-CTRL.elf.dir/Core/Src/syscalls.c.obj
                0x08004c80                _close
 .text._fstat   0x08004c86        0xa CMakeFiles/BiPol-F401-CTRL.elf.dir/Core/Src/syscalls.c.obj
                0x08004c86                _fstat
 .text._isatty  0x08004c90        0x4 CMakeFiles/BiPol-F401-CTRL.elf.dir/Core/Src/syscalls.c.obj
                0x08004c90                _isatty
 .text._lseek   0x08004c94        0x4 CMakeFiles/BiPol-F401-CTRL.elf.dir/Core/Src/syscalls.c.obj
                0x08004c94                _lseek
 .text._sbrk    0x08004c98       0x48 CMakeFiles/BiPol-F401-CTRL.elf.dir/Core/Src/sysmem.c.obj
                0x08004c98                _sbrk
 .text.SystemInit
                0x08004ce0        0x2 CMakeFiles/BiPol-F401-CTRL.elf.dir/Core/Src/system_stm32f4xx.c.obj
                0x08004ce0                SystemInit
 *fill*         0x08004ce2        0x2 
 .text.MX_TIM2_Init
                0x08004ce4       0x70 CMakeFiles/BiPol-F401-CTRL.elf.dir/Core/Src/tim.c.obj
                0x08004ce4                MX_TIM2_Init
 .text.MX_TIM3_Init
                0x08004d54       0x70 CMakeFiles/BiPol-F401-CTRL.elf.dir/Core/Src/tim.c.obj
                0x08004d54                MX_TIM3_Init
 .text.HAL_TIM_Base_MspInit
                0x08004dc4       0x74 CMakeFiles/BiPol-F401-CTRL.elf.dir/Core/Src/tim.c.obj
                0x08004dc4                HAL_TIM_Base_MspInit
 .text.MX_USART1_UART_Init
                0x08004e38       0x34 CMakeFiles/BiPol-F401-CTRL.elf.dir/Core/Src/usart.c.obj
                0x08004e38                MX_USART1_UART_Init
 .text.HAL_UART_MspInit
                0x08004e6c       0x74 CMakeFiles/BiPol-F401-CTRL.elf.dir/Core/Src/usart.c.obj
                0x08004e6c                HAL_UART_MspInit
 .text.Reset_Handler
                0x08004ee0       0x50 CMakeFiles/BiPol-F401-CTRL.elf.dir/Core/Startup/startup_stm32f401rctx.s.obj
                0x08004ee0                Reset_Handler
 .text.Default_Handler
                0x08004f30        0x2 CMakeFiles/BiPol-F401-CTRL.elf.dir/Core/Startup/startup_stm32f401rctx.s.obj
                0x08004f30                RTC_Alarm_IRQHandler
                0x08004f30                EXTI2_IRQHandler
                0x08004f30                SPI4_IRQHandler
                0x08004f30                TIM1_CC_IRQHandler
                0x08004f30                DMA2_Stream5_IRQHandler
                0x08004f30                DMA1_Stream5_IRQHandler
                0x08004f30                PVD_IRQHandler
                0x08004f30                SDIO_IRQHandler
                0x08004f30                TAMP_STAMP_IRQHandler
                0x08004f30                EXTI3_IRQHandler
                0x08004f30                TIM1_UP_TIM10_IRQHandler
                0x08004f30                I2C3_ER_IRQHandler
                0x08004f30                EXTI0_IRQHandler
                0x08004f30                I2C2_EV_IRQHandler
                0x08004f30                DMA1_Stream2_IRQHandler
                0x08004f30                FPU_IRQHandler
                0x08004f30                DMA2_Stream2_IRQHandler
                0x08004f30                SPI1_IRQHandler
                0x08004f30                TIM1_BRK_TIM9_IRQHandler
                0x08004f30                DMA2_Stream3_IRQHandler
                0x08004f30                USART6_IRQHandler
                0x08004f30                TIM4_IRQHandler
                0x08004f30                I2C1_EV_IRQHandler
                0x08004f30                DMA1_Stream6_IRQHandler
                0x08004f30                DMA1_Stream1_IRQHandler
                0x08004f30                RCC_IRQHandler
                0x08004f30                Default_Handler
                0x08004f30                ADC_IRQHandler
                0x08004f30                DMA1_Stream7_IRQHandler
                0x08004f30                TIM5_IRQHandler
                0x08004f30                DMA2_Stream7_IRQHandler
                0x08004f30                I2C3_EV_IRQHandler
                0x08004f30                RTC_WKUP_IRQHandler
                0x08004f30                SPI2_IRQHandler
                0x08004f30                DMA1_Stream0_IRQHandler
                0x08004f30                EXTI4_IRQHandler
                0x08004f30                WWDG_IRQHandler
                0x08004f30                OTG_FS_WKUP_IRQHandler
                0x08004f30                TIM1_TRG_COM_TIM11_IRQHandler
                0x08004f30                EXTI1_IRQHandler
                0x08004f30                USART2_IRQHandler
                0x08004f30                I2C2_ER_IRQHandler
                0x08004f30                DMA2_Stream1_IRQHandler
                0x08004f30                FLASH_IRQHandler
                0x08004f30                DMA2_Stream4_IRQHandler
                0x08004f30                USART1_IRQHandler
                0x08004f30                OTG_FS_IRQHandler
                0x08004f30                SPI3_IRQHandler
                0x08004f30                DMA1_Stream4_IRQHandler
                0x08004f30                I2C1_ER_IRQHandler
                0x08004f30                DMA2_Stream6_IRQHandler
                0x08004f30                DMA1_Stream3_IRQHandler
 *fill*         0x08004f32        0x2 
 .text.HAL_InitTick
                0x08004f34       0x4c CMakeFiles/BiPol-F401-CTRL.elf.dir/Drivers/STM32F4xx_HAL_Driver/Src/stm32f4xx_hal.c.obj
                0x08004f34                HAL_InitTick
 .text.HAL_Init
                0x08004f80       0x34 CMakeFiles/BiPol-F401-CTRL.elf.dir/Drivers/STM32F4xx_HAL_Driver/Src/stm32f4xx_hal.c.obj
                0x08004f80                HAL_Init
 .text.HAL_IncTick
                0x08004fb4       0x18 CMakeFiles/BiPol-F401-CTRL.elf.dir/Drivers/STM32F4xx_HAL_Driver/Src/stm32f4xx_hal.c.obj
                0x08004fb4                HAL_IncTick
 .text.HAL_GetTick
                0x08004fcc        0xc CMakeFiles/BiPol-F401-CTRL.elf.dir/Drivers/STM32F4xx_HAL_Driver/Src/stm32f4xx_hal.c.obj
                0x08004fcc                HAL_GetTick
 .text.HAL_Delay
                0x08004fd8       0x28 CMakeFiles/BiPol-F401-CTRL.elf.dir/Drivers/STM32F4xx_HAL_Driver/Src/stm32f4xx_hal.c.obj
                0x08004fd8                HAL_Delay
 .text.ADC_Init
                0x08005000      0x134 CMakeFiles/BiPol-F401-CTRL.elf.dir/Drivers/STM32F4xx_HAL_Driver/Src/stm32f4xx_hal_adc.c.obj
 .text.HAL_ADC_Init
                0x08005134       0x56 CMakeFiles/BiPol-F401-CTRL.elf.dir/Drivers/STM32F4xx_HAL_Driver/Src/stm32f4xx_hal_adc.c.obj
                0x08005134                HAL_ADC_Init
 *fill*         0x0800518a        0x2 
 .text.HAL_ADC_Start_DMA
                0x0800518c      0x164 CMakeFiles/BiPol-F401-CTRL.elf.dir/Drivers/STM32F4xx_HAL_Driver/Src/stm32f4xx_hal_adc.c.obj
                0x0800518c                HAL_ADC_Start_DMA
 .text.HAL_ADC_ConvHalfCpltCallback
                0x080052f0        0x2 CMakeFiles/BiPol-F401-CTRL.elf.dir/Drivers/STM32F4xx_HAL_Driver/Src/stm32f4xx_hal_adc.c.obj
                0x080052f0                HAL_ADC_ConvHalfCpltCallback
 .text.ADC_DMAHalfConvCplt
                0x080052f2        0xa CMakeFiles/BiPol-F401-CTRL.elf.dir/Drivers/STM32F4xx_HAL_Driver/Src/stm32f4xx_hal_adc.c.obj
 .text.HAL_ADC_ErrorCallback
                0x080052fc        0x2 CMakeFiles/BiPol-F401-CTRL.elf.dir/Drivers/STM32F4xx_HAL_Driver/Src/stm32f4xx_hal_adc.c.obj
                0x080052fc                HAL_ADC_ErrorCallback
 .text.ADC_DMAError
                0x080052fe       0x16 CMakeFiles/BiPol-F401-CTRL.elf.dir/Drivers/STM32F4xx_HAL_Driver/Src/stm32f4xx_hal_adc.c.obj
 .text.ADC_DMAConvCplt
                0x08005314       0x72 CMakeFiles/BiPol-F401-CTRL.elf.dir/Drivers/STM32F4xx_HAL_Driver/Src/stm32f4xx_hal_adc.c.obj
 *fill*         0x08005386        0x2 
 .text.HAL_ADC_ConfigChannel
                0x08005388      0x198 CMakeFiles/BiPol-F401-CTRL.elf.dir/Drivers/STM32F4xx_HAL_Driver/Src/stm32f4xx_hal_adc.c.obj
                0x08005388                HAL_ADC_ConfigChannel
 .text.HAL_NVIC_SetPriorityGrouping
                0x08005520       0x24 CMakeFiles/BiPol-F401-CTRL.elf.dir/Drivers/STM32F4xx_HAL_Driver/Src/stm32f4xx_hal_cortex.c.obj
                0x08005520                HAL_NVIC_SetPriorityGrouping
 .text.HAL_NVIC_SetPriority
                0x08005544       0x70 CMakeFiles/BiPol-F401-CTRL.elf.dir/Drivers/STM32F4xx_HAL_Driver/Src/stm32f4xx_hal_cortex.c.obj
                0x08005544                HAL_NVIC_SetPriority
 .text.HAL_NVIC_EnableIRQ
                0x080055b4       0x1c CMakeFiles/BiPol-F401-CTRL.elf.dir/Drivers/STM32F4xx_HAL_Driver/Src/stm32f4xx_hal_cortex.c.obj
                0x080055b4                HAL_NVIC_EnableIRQ
 .text.HAL_SYSTICK_Config
                0x080055d0       0x28 CMakeFiles/BiPol-F401-CTRL.elf.dir/Drivers/STM32F4xx_HAL_Driver/Src/stm32f4xx_hal_cortex.c.obj
                0x080055d0                HAL_SYSTICK_Config
 .text.HAL_CRC_Init
                0x080055f8       0x1e CMakeFiles/BiPol-F401-CTRL.elf.dir/Drivers/STM32F4xx_HAL_Driver/Src/stm32f4xx_hal_crc.c.obj
                0x080055f8                HAL_CRC_Init
 .text.HAL_CRC_Calculate
                0x08005616       0x48 CMakeFiles/BiPol-F401-CTRL.elf.dir/Drivers/STM32F4xx_HAL_Driver/Src/stm32f4xx_hal_crc.c.obj
                0x08005616                HAL_CRC_Calculate
 .text.DMA_SetConfig
                0x0800565e       0x2c CMakeFiles/BiPol-F401-CTRL.elf.dir/Drivers/STM32F4xx_HAL_Driver/Src/stm32f4xx_hal_dma.c.obj
 *fill*         0x0800568a        0x2 
 .text.DMA_CalcBaseAndBitshift
                0x0800568c       0x40 CMakeFiles/BiPol-F401-CTRL.elf.dir/Drivers/STM32F4xx_HAL_Driver/Src/stm32f4xx_hal_dma.c.obj
 .text.DMA_CheckFifoParam
                0x080056cc       0x8e CMakeFiles/BiPol-F401-CTRL.elf.dir/Drivers/STM32F4xx_HAL_Driver/Src/stm32f4xx_hal_dma.c.obj
 *fill*         0x0800575a        0x2 
 .text.HAL_DMA_Init
                0x0800575c       0xcc CMakeFiles/BiPol-F401-CTRL.elf.dir/Drivers/STM32F4xx_HAL_Driver/Src/stm32f4xx_hal_dma.c.obj
                0x0800575c                HAL_DMA_Init
 .text.HAL_DMA_Start_IT
                0x08005828       0x6a CMakeFiles/BiPol-F401-CTRL.elf.dir/Drivers/STM32F4xx_HAL_Driver/Src/stm32f4xx_hal_dma.c.obj
                0x08005828                HAL_DMA_Start_IT
 *fill*         0x08005892        0x2 
 .text.HAL_DMA_IRQHandler
                0x08005894      0x1dc CMakeFiles/BiPol-F401-CTRL.elf.dir/Drivers/STM32F4xx_HAL_Driver/Src/stm32f4xx_hal_dma.c.obj
                0x08005894                HAL_DMA_IRQHandler
 .text.FLASH_Program_DoubleWord
                0x08005a70       0x2c CMakeFiles/BiPol-F401-CTRL.elf.dir/Drivers/STM32F4xx_HAL_Driver/Src/stm32f4xx_hal_flash.c.obj
 .text.FLASH_Program_Word
                0x08005a9c       0x24 CMakeFiles/BiPol-F401-CTRL.elf.dir/Drivers/STM32F4xx_HAL_Driver/Src/stm32f4xx_hal_flash.c.obj
 .text.FLASH_Program_HalfWord
                0x08005ac0       0x24 CMakeFiles/BiPol-F401-CTRL.elf.dir/Drivers/STM32F4xx_HAL_Driver/Src/stm32f4xx_hal_flash.c.obj
 .text.FLASH_Program_Byte
                0x08005ae4       0x20 CMakeFiles/BiPol-F401-CTRL.elf.dir/Drivers/STM32F4xx_HAL_Driver/Src/stm32f4xx_hal_flash.c.obj
 .text.FLASH_SetErrorCode
                0x08005b04       0xa8 CMakeFiles/BiPol-F401-CTRL.elf.dir/Drivers/STM32F4xx_HAL_Driver/Src/stm32f4xx_hal_flash.c.obj
 .text.HAL_FLASH_Unlock
                0x08005bac       0x30 CMakeFiles/BiPol-F401-CTRL.elf.dir/Drivers/STM32F4xx_HAL_Driver/Src/stm32f4xx_hal_flash.c.obj
                0x08005bac                HAL_FLASH_Unlock
 .text.HAL_FLASH_Lock
                0x08005bdc       0x14 CMakeFiles/BiPol-F401-CTRL.elf.dir/Drivers/STM32F4xx_HAL_Driver/Src/stm32f4xx_hal_flash.c.obj
                0x08005bdc                HAL_FLASH_Lock
 .text.FLASH_WaitForLastOperation
                0x08005bf0       0x60 CMakeFiles/BiPol-F401-CTRL.elf.dir/Drivers/STM32F4xx_HAL_Driver/Src/stm32f4xx_hal_flash.c.obj
                0x08005bf0                FLASH_WaitForLastOperation
 .text.HAL_FLASH_Program
                0x08005c50       0x7c CMakeFiles/BiPol-F401-CTRL.elf.dir/Drivers/STM32F4xx_HAL_Driver/Src/stm32f4xx_hal_flash.c.obj
                0x08005c50                HAL_FLASH_Program
 .text.FLASH_MassErase
                0x08005ccc       0x24 CMakeFiles/BiPol-F401-CTRL.elf.dir/Drivers/STM32F4xx_HAL_Driver/Src/stm32f4xx_hal_flash_ex.c.obj
 .text.FLASH_Erase_Sector
                0x08005cf0       0x54 CMakeFiles/BiPol-F401-CTRL.elf.dir/Drivers/STM32F4xx_HAL_Driver/Src/stm32f4xx_hal_flash_ex.c.obj
                0x08005cf0                FLASH_Erase_Sector
 .text.FLASH_FlushCaches
                0x08005d44       0x60 CMakeFiles/BiPol-F401-CTRL.elf.dir/Drivers/STM32F4xx_HAL_Driver/Src/stm32f4xx_hal_flash_ex.c.obj
                0x08005d44                FLASH_FlushCaches
 .text.HAL_FLASHEx_Erase
                0x08005da4       0x94 CMakeFiles/BiPol-F401-CTRL.elf.dir/Drivers/STM32F4xx_HAL_Driver/Src/stm32f4xx_hal_flash_ex.c.obj
                0x08005da4                HAL_FLASHEx_Erase
 .text.HAL_GPIO_Init
                0x08005e38      0x1c0 CMakeFiles/BiPol-F401-CTRL.elf.dir/Drivers/STM32F4xx_HAL_Driver/Src/stm32f4xx_hal_gpio.c.obj
                0x08005e38                HAL_GPIO_Init
 .text.HAL_GPIO_ReadPin
                0x08005ff8        0xe CMakeFiles/BiPol-F401-CTRL.elf.dir/Drivers/STM32F4xx_HAL_Driver/Src/stm32f4xx_hal_gpio.c.obj
                0x08005ff8                HAL_GPIO_ReadPin
 .text.HAL_GPIO_WritePin
                0x08006006        0xc CMakeFiles/BiPol-F401-CTRL.elf.dir/Drivers/STM32F4xx_HAL_Driver/Src/stm32f4xx_hal_gpio.c.obj
                0x08006006                HAL_GPIO_WritePin
 .text.HAL_GPIO_TogglePin
                0x08006012       0x12 CMakeFiles/BiPol-F401-CTRL.elf.dir/Drivers/STM32F4xx_HAL_Driver/Src/stm32f4xx_hal_gpio.c.obj
                0x08006012                HAL_GPIO_TogglePin
 .text.HAL_GPIO_EXTI_IRQHandler
                0x08006024       0x1c CMakeFiles/BiPol-F401-CTRL.elf.dir/Drivers/STM32F4xx_HAL_Driver/Src/stm32f4xx_hal_gpio.c.obj
                0x08006024                HAL_GPIO_EXTI_IRQHandler
 .text.HAL_RCC_OscConfig
                0x08006040      0x3f8 CMakeFiles/BiPol-F401-CTRL.elf.dir/Drivers/STM32F4xx_HAL_Driver/Src/stm32f4xx_hal_rcc.c.obj
                0x08006040                HAL_RCC_OscConfig
 .text.HAL_RCC_GetSysClockFreq
                0x08006438       0xa4 CMakeFiles/BiPol-F401-CTRL.elf.dir/Drivers/STM32F4xx_HAL_Driver/Src/stm32f4xx_hal_rcc.c.obj
                0x08006438                HAL_RCC_GetSysClockFreq
 .text.HAL_RCC_ClockConfig
                0x080064dc      0x160 CMakeFiles/BiPol-F401-CTRL.elf.dir/Drivers/STM32F4xx_HAL_Driver/Src/stm32f4xx_hal_rcc.c.obj
                0x080064dc                HAL_RCC_ClockConfig
 .text.HAL_RCC_GetHCLKFreq
                0x0800663c        0xc CMakeFiles/BiPol-F401-CTRL.elf.dir/Drivers/STM32F4xx_HAL_Driver/Src/stm32f4xx_hal_rcc.c.obj
                0x0800663c                HAL_RCC_GetHCLKFreq
 .text.HAL_RCC_GetPCLK1Freq
                0x08006648       0x20 CMakeFiles/BiPol-F401-CTRL.elf.dir/Drivers/STM32F4xx_HAL_Driver/Src/stm32f4xx_hal_rcc.c.obj
                0x08006648                HAL_RCC_GetPCLK1Freq
 .text.HAL_RCC_GetPCLK2Freq
                0x08006668       0x20 CMakeFiles/BiPol-F401-CTRL.elf.dir/Drivers/STM32F4xx_HAL_Driver/Src/stm32f4xx_hal_rcc.c.obj
                0x08006668                HAL_RCC_GetPCLK2Freq
 .text.SPI_WaitFlagStateUntilTimeout
                0x08006688       0xd4 CMakeFiles/BiPol-F401-CTRL.elf.dir/Drivers/STM32F4xx_HAL_Driver/Src/stm32f4xx_hal_spi.c.obj
 .text.SPI_EndRxTxTransaction
                0x0800675c       0x68 CMakeFiles/BiPol-F401-CTRL.elf.dir/Drivers/STM32F4xx_HAL_Driver/Src/stm32f4xx_hal_spi.c.obj
 .text.HAL_SPI_Init
                0x080067c4       0xbe CMakeFiles/BiPol-F401-CTRL.elf.dir/Drivers/STM32F4xx_HAL_Driver/Src/stm32f4xx_hal_spi.c.obj
                0x080067c4                HAL_SPI_Init
 .text.HAL_SPI_Transmit
                0x08006882      0x1b8 CMakeFiles/BiPol-F401-CTRL.elf.dir/Drivers/STM32F4xx_HAL_Driver/Src/stm32f4xx_hal_spi.c.obj
                0x08006882                HAL_SPI_Transmit
 .text.TIM_TI1_ConfigInputStage
                0x08006a3a       0x24 CMakeFiles/BiPol-F401-CTRL.elf.dir/Drivers/STM32F4xx_HAL_Driver/Src/stm32f4xx_hal_tim.c.obj
 .text.TIM_TI2_ConfigInputStage
                0x08006a5e       0x26 CMakeFiles/BiPol-F401-CTRL.elf.dir/Drivers/STM32F4xx_HAL_Driver/Src/stm32f4xx_hal_tim.c.obj
 .text.TIM_ITRx_SetConfig
                0x08006a84       0x10 CMakeFiles/BiPol-F401-CTRL.elf.dir/Drivers/STM32F4xx_HAL_Driver/Src/stm32f4xx_hal_tim.c.obj
 .text.HAL_TIM_Base_Start_IT
                0x08006a94       0x78 CMakeFiles/BiPol-F401-CTRL.elf.dir/Drivers/STM32F4xx_HAL_Driver/Src/stm32f4xx_hal_tim.c.obj
                0x08006a94                HAL_TIM_Base_Start_IT
 .text.HAL_TIM_Base_Stop_IT
                0x08006b0c       0x32 CMakeFiles/BiPol-F401-CTRL.elf.dir/Drivers/STM32F4xx_HAL_Driver/Src/stm32f4xx_hal_tim.c.obj
                0x08006b0c                HAL_TIM_Base_Stop_IT
 .text.HAL_TIM_OC_DelayElapsedCallback
                0x08006b3e        0x2 CMakeFiles/BiPol-F401-CTRL.elf.dir/Drivers/STM32F4xx_HAL_Driver/Src/stm32f4xx_hal_tim.c.obj
                0x08006b3e                HAL_TIM_OC_DelayElapsedCallback
 .text.HAL_TIM_IC_CaptureCallback
                0x08006b40        0x2 CMakeFiles/BiPol-F401-CTRL.elf.dir/Drivers/STM32F4xx_HAL_Driver/Src/stm32f4xx_hal_tim.c.obj
                0x08006b40                HAL_TIM_IC_CaptureCallback
 .text.HAL_TIM_PWM_PulseFinishedCallback
                0x08006b42        0x2 CMakeFiles/BiPol-F401-CTRL.elf.dir/Drivers/STM32F4xx_HAL_Driver/Src/stm32f4xx_hal_tim.c.obj
                0x08006b42                HAL_TIM_PWM_PulseFinishedCallback
 .text.HAL_TIM_TriggerCallback
                0x08006b44        0x2 CMakeFiles/BiPol-F401-CTRL.elf.dir/Drivers/STM32F4xx_HAL_Driver/Src/stm32f4xx_hal_tim.c.obj
                0x08006b44                HAL_TIM_TriggerCallback
 .text.HAL_TIM_IRQHandler
                0x08006b46      0x17a CMakeFiles/BiPol-F401-CTRL.elf.dir/Drivers/STM32F4xx_HAL_Driver/Src/stm32f4xx_hal_tim.c.obj
                0x08006b46                HAL_TIM_IRQHandler
 .text.TIM_Base_SetConfig
                0x08006cc0       0x9c CMakeFiles/BiPol-F401-CTRL.elf.dir/Drivers/STM32F4xx_HAL_Driver/Src/stm32f4xx_hal_tim.c.obj
                0x08006cc0                TIM_Base_SetConfig
 .text.HAL_TIM_Base_Init
                0x08006d5c       0x58 CMakeFiles/BiPol-F401-CTRL.elf.dir/Drivers/STM32F4xx_HAL_Driver/Src/stm32f4xx_hal_tim.c.obj
                0x08006d5c                HAL_TIM_Base_Init
 .text.TIM_ETR_SetConfig
                0x08006db4       0x18 CMakeFiles/BiPol-F401-CTRL.elf.dir/Drivers/STM32F4xx_HAL_Driver/Src/stm32f4xx_hal_tim.c.obj
                0x08006db4                TIM_ETR_SetConfig
 .text.HAL_TIM_ConfigClockSource
                0x08006dcc       0xfe CMakeFiles/BiPol-F401-CTRL.elf.dir/Drivers/STM32F4xx_HAL_Driver/Src/stm32f4xx_hal_tim.c.obj
                0x08006dcc                HAL_TIM_ConfigClockSource
 *fill*         0x08006eca        0x2 
 .text.HAL_TIMEx_MasterConfigSynchronization
                0x08006ecc       0x7c CMakeFiles/BiPol-F401-CTRL.elf.dir/Drivers/STM32F4xx_HAL_Driver/Src/stm32f4xx_hal_tim_ex.c.obj
                0x08006ecc                HAL_TIMEx_MasterConfigSynchronization
 .text.HAL_TIMEx_CommutCallback
                0x08006f48        0x2 CMakeFiles/BiPol-F401-CTRL.elf.dir/Drivers/STM32F4xx_HAL_Driver/Src/stm32f4xx_hal_tim_ex.c.obj
                0x08006f48                HAL_TIMEx_CommutCallback
 .text.HAL_TIMEx_BreakCallback
                0x08006f4a        0x2 CMakeFiles/BiPol-F401-CTRL.elf.dir/Drivers/STM32F4xx_HAL_Driver/Src/stm32f4xx_hal_tim_ex.c.obj
                0x08006f4a                HAL_TIMEx_BreakCallback
 .text.UART_SetConfig
                0x08006f4c      0x110 CMakeFiles/BiPol-F401-CTRL.elf.dir/Drivers/STM32F4xx_HAL_Driver/Src/stm32f4xx_hal_uart.c.obj
 .text.UART_WaitOnFlagUntilTimeout
                0x0800705c       0x88 CMakeFiles/BiPol-F401-CTRL.elf.dir/Drivers/STM32F4xx_HAL_Driver/Src/stm32f4xx_hal_uart.c.obj
 .text.HAL_UART_Init
                0x080070e4       0x5e CMakeFiles/BiPol-F401-CTRL.elf.dir/Drivers/STM32F4xx_HAL_Driver/Src/stm32f4xx_hal_uart.c.obj
                0x080070e4                HAL_UART_Init
 .text.HAL_UART_Transmit
                0x08007142       0xd8 CMakeFiles/BiPol-F401-CTRL.elf.dir/Drivers/STM32F4xx_HAL_Driver/Src/stm32f4xx_hal_uart.c.obj
                0x08007142                HAL_UART_Transmit
 *fill*         0x0800721a        0x2 
 .text.__errno  0x0800721c        0xc c:/gcc-arm-none-eabi-10-2020-q4-major/bin/../lib/gcc/arm-none-eabi/10.2.1/../../../../arm-none-eabi/lib/thumb/v7e-m/nofp\libg.a(lib_a-errno.o)
                0x0800721c                __errno
 .text.__libc_init_array
                0x08007228       0x48 c:/gcc-arm-none-eabi-10-2020-q4-major/bin/../lib/gcc/arm-none-eabi/10.2.1/../../../../arm-none-eabi/lib/thumb/v7e-m/nofp\libg.a(lib_a-init.o)
                0x08007228                __libc_init_array
 .text.memset   0x08007270       0xa4 c:/gcc-arm-none-eabi-10-2020-q4-major/bin/../lib/gcc/arm-none-eabi/10.2.1/../../../../arm-none-eabi/lib/thumb/v7e-m/nofp\libg.a(lib_a-memset.o)
                0x08007270                memset
 .text.printf   0x08007314       0x28 c:/gcc-arm-none-eabi-10-2020-q4-major/bin/../lib/gcc/arm-none-eabi/10.2.1/../../../../arm-none-eabi/lib/thumb/v7e-m/nofp\libg.a(lib_a-printf.o)
                0x08007314                printf
 .text._puts_r  0x0800733c       0x9c c:/gcc-arm-none-eabi-10-2020-q4-major/bin/../lib/gcc/arm-none-eabi/10.2.1/../../../../arm-none-eabi/lib/thumb/v7e-m/nofp\libg.a(lib_a-puts.o)
                0x0800733c                _puts_r
 .text.puts     0x080073d8       0x10 c:/gcc-arm-none-eabi-10-2020-q4-major/bin/../lib/gcc/arm-none-eabi/10.2.1/../../../../arm-none-eabi/lib/thumb/v7e-m/nofp\libg.a(lib_a-puts.o)
                0x080073d8                puts
 .text.sprintf  0x080073e8       0x40 c:/gcc-arm-none-eabi-10-2020-q4-major/bin/../lib/gcc/arm-none-eabi/10.2.1/../../../../arm-none-eabi/lib/thumb/v7e-m/nofp\libg.a(lib_a-sprintf.o)
                0x080073e8                sprintf
 .text._svfprintf_r
                0x08007428     0x1a3c c:/gcc-arm-none-eabi-10-2020-q4-major/bin/../lib/gcc/arm-none-eabi/10.2.1/../../../../arm-none-eabi/lib/thumb/v7e-m/nofp\libg.a(lib_a-svfprintf.o)
                0x08007428                _svfprintf_r
 .text._vfprintf_r
                0x08008e64     0x1ad4 c:/gcc-arm-none-eabi-10-2020-q4-major/bin/../lib/gcc/arm-none-eabi/10.2.1/../../../../arm-none-eabi/lib/thumb/v7e-m/nofp\libg.a(lib_a-vfprintf.o)
                0x08008e64                _vfprintf_r
 .text.__sbprintf
                0x0800a938       0x80 c:/gcc-arm-none-eabi-10-2020-q4-major/bin/../lib/gcc/arm-none-eabi/10.2.1/../../../../arm-none-eabi/lib/thumb/v7e-m/nofp\libg.a(lib_a-vfprintf.o)
 .text.__swsetup_r
                0x0800a9b8       0xd4 c:/gcc-arm-none-eabi-10-2020-q4-major/bin/../lib/gcc/arm-none-eabi/10.2.1/../../../../arm-none-eabi/lib/thumb/v7e-m/nofp\libg.a(lib_a-wsetup.o)
                0x0800a9b8                __swsetup_r
 .text.startup.register_fini
                0x0800aa8c       0x14 c:/gcc-arm-none-eabi-10-2020-q4-major/bin/../lib/gcc/arm-none-eabi/10.2.1/../../../../arm-none-eabi/lib/thumb/v7e-m/nofp\libg.a(lib_a-__call_atexit.o)
 .text.atexit   0x0800aaa0        0xc c:/gcc-arm-none-eabi-10-2020-q4-major/bin/../lib/gcc/arm-none-eabi/10.2.1/../../../../arm-none-eabi/lib/thumb/v7e-m/nofp\libg.a(lib_a-atexit.o)
                0x0800aaa0                atexit
 .text.quorem   0x0800aaac      0x124 c:/gcc-arm-none-eabi-10-2020-q4-major/bin/../lib/gcc/arm-none-eabi/10.2.1/../../../../arm-none-eabi/lib/thumb/v7e-m/nofp\libg.a(lib_a-dtoa.o)
 .text._dtoa_r  0x0800abd0      0xec4 c:/gcc-arm-none-eabi-10-2020-q4-major/bin/../lib/gcc/arm-none-eabi/10.2.1/../../../../arm-none-eabi/lib/thumb/v7e-m/nofp\libg.a(lib_a-dtoa.o)
                0x0800abd0                _dtoa_r
 .text.__sflush_r
                0x0800ba94      0x120 c:/gcc-arm-none-eabi-10-2020-q4-major/bin/../lib/gcc/arm-none-eabi/10.2.1/../../../../arm-none-eabi/lib/thumb/v7e-m/nofp\libg.a(lib_a-fflush.o)
                0x0800ba94                __sflush_r
 .text._fflush_r
                0x0800bbb4       0x5c c:/gcc-arm-none-eabi-10-2020-q4-major/bin/../lib/gcc/arm-none-eabi/10.2.1/../../../../arm-none-eabi/lib/thumb/v7e-m/nofp\libg.a(lib_a-fflush.o)
                0x0800bbb4                _fflush_r
 .text._cleanup_r
                0x0800bc10        0xc c:/gcc-arm-none-eabi-10-2020-q4-major/bin/../lib/gcc/arm-none-eabi/10.2.1/../../../../arm-none-eabi/lib/thumb/v7e-m/nofp\libg.a(lib_a-findfp.o)
                0x0800bc10                _cleanup_r
 .text.__sinit  0x0800bc1c      0x10c c:/gcc-arm-none-eabi-10-2020-q4-major/bin/../lib/gcc/arm-none-eabi/10.2.1/../../../../arm-none-eabi/lib/thumb/v7e-m/nofp\libg.a(lib_a-findfp.o)
                0x0800bc1c                __sinit
 .text.__sfp_lock_acquire
                0x0800bd28        0xc c:/gcc-arm-none-eabi-10-2020-q4-major/bin/../lib/gcc/arm-none-eabi/10.2.1/../../../../arm-none-eabi/lib/thumb/v7e-m/nofp\libg.a(lib_a-findfp.o)
                0x0800bd28                __sfp_lock_acquire
 .text.__sfp_lock_release
                0x0800bd34        0xc c:/gcc-arm-none-eabi-10-2020-q4-major/bin/../lib/gcc/arm-none-eabi/10.2.1/../../../../arm-none-eabi/lib/thumb/v7e-m/nofp\libg.a(lib_a-findfp.o)
                0x0800bd34                __sfp_lock_release
 .text.__libc_fini_array
                0x0800bd40       0x2c c:/gcc-arm-none-eabi-10-2020-q4-major/bin/../lib/gcc/arm-none-eabi/10.2.1/../../../../arm-none-eabi/lib/thumb/v7e-m/nofp\libg.a(lib_a-fini.o)
                0x0800bd40                __libc_fini_array
 .text._malloc_trim_r
                0x0800bd6c       0xa0 c:/gcc-arm-none-eabi-10-2020-q4-major/bin/../lib/gcc/arm-none-eabi/10.2.1/../../../../arm-none-eabi/lib/thumb/v7e-m/nofp\libg.a(lib_a-freer.o)
                0x0800bd6c                _malloc_trim_r
 .text._free_r  0x0800be0c      0x20c c:/gcc-arm-none-eabi-10-2020-q4-major/bin/../lib/gcc/arm-none-eabi/10.2.1/../../../../arm-none-eabi/lib/thumb/v7e-m/nofp\libg.a(lib_a-freer.o)
                0x0800be0c                _free_r
 .text.__sfvwrite_r
                0x0800c018      0x2e8 c:/gcc-arm-none-eabi-10-2020-q4-major/bin/../lib/gcc/arm-none-eabi/10.2.1/../../../../arm-none-eabi/lib/thumb/v7e-m/nofp\libg.a(lib_a-fvwrite.o)
                0x0800c018                __sfvwrite_r
 .text._fwalk_reent
                0x0800c300       0x48 c:/gcc-arm-none-eabi-10-2020-q4-major/bin/../lib/gcc/arm-none-eabi/10.2.1/../../../../arm-none-eabi/lib/thumb/v7e-m/nofp\libg.a(lib_a-fwalk.o)
                0x0800c300                _fwalk_reent
 .text._localeconv_r
                0x0800c348        0x8 c:/gcc-arm-none-eabi-10-2020-q4-major/bin/../lib/gcc/arm-none-eabi/10.2.1/../../../../arm-none-eabi/lib/thumb/v7e-m/nofp\libg.a(lib_a-localeconv.o)
                0x0800c348                _localeconv_r
 .text.__retarget_lock_init_recursive
                0x0800c350        0x4 c:/gcc-arm-none-eabi-10-2020-q4-major/bin/../lib/gcc/arm-none-eabi/10.2.1/../../../../arm-none-eabi/lib/thumb/v7e-m/nofp\libg.a(lib_a-lock.o)
                0x0800c350                __retarget_lock_init_recursive
 .text.__retarget_lock_close_recursive
                0x0800c354        0x4 c:/gcc-arm-none-eabi-10-2020-q4-major/bin/../lib/gcc/arm-none-eabi/10.2.1/../../../../arm-none-eabi/lib/thumb/v7e-m/nofp\libg.a(lib_a-lock.o)
                0x0800c354                __retarget_lock_close_recursive
 .text.__retarget_lock_acquire_recursive
                0x0800c358        0x4 c:/gcc-arm-none-eabi-10-2020-q4-major/bin/../lib/gcc/arm-none-eabi/10.2.1/../../../../arm-none-eabi/lib/thumb/v7e-m/nofp\libg.a(lib_a-lock.o)
                0x0800c358                __retarget_lock_acquire_recursive
 .text.__retarget_lock_release_recursive
                0x0800c35c        0x4 c:/gcc-arm-none-eabi-10-2020-q4-major/bin/../lib/gcc/arm-none-eabi/10.2.1/../../../../arm-none-eabi/lib/thumb/v7e-m/nofp\libg.a(lib_a-lock.o)
                0x0800c35c                __retarget_lock_release_recursive
 .text.__smakebuf_r
                0x0800c360       0xe0 c:/gcc-arm-none-eabi-10-2020-q4-major/bin/../lib/gcc/arm-none-eabi/10.2.1/../../../../arm-none-eabi/lib/thumb/v7e-m/nofp\libg.a(lib_a-makebuf.o)
                0x0800c360                __smakebuf_r
 .text._malloc_r
                0x0800c440      0x560 c:/gcc-arm-none-eabi-10-2020-q4-major/bin/../lib/gcc/arm-none-eabi/10.2.1/../../../../arm-none-eabi/lib/thumb/v7e-m/nofp\libg.a(lib_a-mallocr.o)
                0x0800c440                _malloc_r
 .text.memmove  0x0800c9a0       0xf8 c:/gcc-arm-none-eabi-10-2020-q4-major/bin/../lib/gcc/arm-none-eabi/10.2.1/../../../../arm-none-eabi/lib/thumb/v7e-m/nofp\libg.a(lib_a-memmove.o)
                0x0800c9a0                memmove
 .text.__malloc_lock
                0x0800ca98        0xc c:/gcc-arm-none-eabi-10-2020-q4-major/bin/../lib/gcc/arm-none-eabi/10.2.1/../../../../arm-none-eabi/lib/thumb/v7e-m/nofp\libg.a(lib_a-mlock.o)
                0x0800ca98                __malloc_lock
 .text.__malloc_unlock
                0x0800caa4        0xc c:/gcc-arm-none-eabi-10-2020-q4-major/bin/../lib/gcc/arm-none-eabi/10.2.1/../../../../arm-none-eabi/lib/thumb/v7e-m/nofp\libg.a(lib_a-mlock.o)
                0x0800caa4                __malloc_unlock
 .text._Balloc  0x0800cab0       0x4c c:/gcc-arm-none-eabi-10-2020-q4-major/bin/../lib/gcc/arm-none-eabi/10.2.1/../../../../arm-none-eabi/lib/thumb/v7e-m/nofp\libg.a(lib_a-mprec.o)
                0x0800cab0                _Balloc
 .text._Bfree   0x0800cafc       0x14 c:/gcc-arm-none-eabi-10-2020-q4-major/bin/../lib/gcc/arm-none-eabi/10.2.1/../../../../arm-none-eabi/lib/thumb/v7e-m/nofp\libg.a(lib_a-mprec.o)
                0x0800cafc                _Bfree
 .text.__multadd
                0x0800cb10       0xa0 c:/gcc-arm-none-eabi-10-2020-q4-major/bin/../lib/gcc/arm-none-eabi/10.2.1/../../../../arm-none-eabi/lib/thumb/v7e-m/nofp\libg.a(lib_a-mprec.o)
                0x0800cb10                __multadd
 .text.__hi0bits
                0x0800cbb0       0x40 c:/gcc-arm-none-eabi-10-2020-q4-major/bin/../lib/gcc/arm-none-eabi/10.2.1/../../../../arm-none-eabi/lib/thumb/v7e-m/nofp\libg.a(lib_a-mprec.o)
                0x0800cbb0                __hi0bits
 .text.__lo0bits
                0x0800cbf0       0x5c c:/gcc-arm-none-eabi-10-2020-q4-major/bin/../lib/gcc/arm-none-eabi/10.2.1/../../../../arm-none-eabi/lib/thumb/v7e-m/nofp\libg.a(lib_a-mprec.o)
                0x0800cbf0                __lo0bits
 .text.__i2b    0x0800cc4c       0x5c c:/gcc-arm-none-eabi-10-2020-q4-major/bin/../lib/gcc/arm-none-eabi/10.2.1/../../../../arm-none-eabi/lib/thumb/v7e-m/nofp\libg.a(lib_a-mprec.o)
                0x0800cc4c                __i2b
 .text.__multiply
                0x0800cca8      0x15c c:/gcc-arm-none-eabi-10-2020-q4-major/bin/../lib/gcc/arm-none-eabi/10.2.1/../../../../arm-none-eabi/lib/thumb/v7e-m/nofp\libg.a(lib_a-mprec.o)
                0x0800cca8                __multiply
 .text.__pow5mult
                0x0800ce04       0xc0 c:/gcc-arm-none-eabi-10-2020-q4-major/bin/../lib/gcc/arm-none-eabi/10.2.1/../../../../arm-none-eabi/lib/thumb/v7e-m/nofp\libg.a(lib_a-mprec.o)
                0x0800ce04                __pow5mult
 .text.__lshift
                0x0800cec4       0xf0 c:/gcc-arm-none-eabi-10-2020-q4-major/bin/../lib/gcc/arm-none-eabi/10.2.1/../../../../arm-none-eabi/lib/thumb/v7e-m/nofp\libg.a(lib_a-mprec.o)
                0x0800cec4                __lshift
 .text.__mcmp   0x0800cfb4       0x40 c:/gcc-arm-none-eabi-10-2020-q4-major/bin/../lib/gcc/arm-none-eabi/10.2.1/../../../../arm-none-eabi/lib/thumb/v7e-m/nofp\libg.a(lib_a-mprec.o)
                0x0800cfb4                __mcmp
 .text.__mdiff  0x0800cff4      0x14c c:/gcc-arm-none-eabi-10-2020-q4-major/bin/../lib/gcc/arm-none-eabi/10.2.1/../../../../arm-none-eabi/lib/thumb/v7e-m/nofp\libg.a(lib_a-mprec.o)
                0x0800cff4                __mdiff
 .text.__d2b    0x0800d140       0xc4 c:/gcc-arm-none-eabi-10-2020-q4-major/bin/../lib/gcc/arm-none-eabi/10.2.1/../../../../arm-none-eabi/lib/thumb/v7e-m/nofp\libg.a(lib_a-mprec.o)
                0x0800d140                __d2b
 .text._realloc_r
                0x0800d204      0x3d8 c:/gcc-arm-none-eabi-10-2020-q4-major/bin/../lib/gcc/arm-none-eabi/10.2.1/../../../../arm-none-eabi/lib/thumb/v7e-m/nofp\libg.a(lib_a-reallocr.o)
                0x0800d204                _realloc_r
 .text.frexp    0x0800d5dc       0x70 c:/gcc-arm-none-eabi-10-2020-q4-major/bin/../lib/gcc/arm-none-eabi/10.2.1/../../../../arm-none-eabi/lib/thumb/v7e-m/nofp\libg.a(lib_a-s_frexp.o)
                0x0800d5dc                frexp
 .text._sbrk_r  0x0800d64c       0x24 c:/gcc-arm-none-eabi-10-2020-q4-major/bin/../lib/gcc/arm-none-eabi/10.2.1/../../../../arm-none-eabi/lib/thumb/v7e-m/nofp\libg.a(lib_a-sbrkr.o)
                0x0800d64c                _sbrk_r
 .text.__sread  0x0800d670       0x24 c:/gcc-arm-none-eabi-10-2020-q4-major/bin/../lib/gcc/arm-none-eabi/10.2.1/../../../../arm-none-eabi/lib/thumb/v7e-m/nofp\libg.a(lib_a-stdio.o)
                0x0800d670                __sread
 .text.__swrite
                0x0800d694       0x40 c:/gcc-arm-none-eabi-10-2020-q4-major/bin/../lib/gcc/arm-none-eabi/10.2.1/../../../../arm-none-eabi/lib/thumb/v7e-m/nofp\libg.a(lib_a-stdio.o)
                0x0800d694                __swrite
 .text.__sseek  0x0800d6d4       0x20 c:/gcc-arm-none-eabi-10-2020-q4-major/bin/../lib/gcc/arm-none-eabi/10.2.1/../../../../arm-none-eabi/lib/thumb/v7e-m/nofp\libg.a(lib_a-stdio.o)
                0x0800d6d4                __sseek
 .text.__sclose
                0x0800d6f4        0x8 c:/gcc-arm-none-eabi-10-2020-q4-major/bin/../lib/gcc/arm-none-eabi/10.2.1/../../../../arm-none-eabi/lib/thumb/v7e-m/nofp\libg.a(lib_a-stdio.o)
                0x0800d6f4                __sclose
 .text.strncpy  0x0800d6fc       0x64 c:/gcc-arm-none-eabi-10-2020-q4-major/bin/../lib/gcc/arm-none-eabi/10.2.1/../../../../arm-none-eabi/lib/thumb/v7e-m/nofp\libg.a(lib_a-strncpy.o)
                0x0800d6fc                strncpy
 .text.__ssprint_r
                0x0800d760       0xf8 c:/gcc-arm-none-eabi-10-2020-q4-major/bin/../lib/gcc/arm-none-eabi/10.2.1/../../../../arm-none-eabi/lib/thumb/v7e-m/nofp\libg.a(lib_a-svfiprintf.o)
                0x0800d760                __ssprint_r
 .text.__sprint_r.part.0
                0x0800d858       0x78 c:/gcc-arm-none-eabi-10-2020-q4-major/bin/../lib/gcc/arm-none-eabi/10.2.1/../../../../arm-none-eabi/lib/thumb/v7e-m/nofp\libg.a(lib_a-vfiprintf.o)
 .text.__sprint_r
                0x0800d8d0       0x14 c:/gcc-arm-none-eabi-10-2020-q4-major/bin/../lib/gcc/arm-none-eabi/10.2.1/../../../../arm-none-eabi/lib/thumb/v7e-m/nofp\libg.a(lib_a-vfiprintf.o)
                0x0800d8d0                __sprint_r
 .text._vfiprintf_r
                0x0800d8e4      0xd94 c:/gcc-arm-none-eabi-10-2020-q4-major/bin/../lib/gcc/arm-none-eabi/10.2.1/../../../../arm-none-eabi/lib/thumb/v7e-m/nofp\libg.a(lib_a-vfiprintf.o)
                0x0800d8e4                _vfiprintf_r
 .text.__sbprintf
                0x0800e678       0x80 c:/gcc-arm-none-eabi-10-2020-q4-major/bin/../lib/gcc/arm-none-eabi/10.2.1/../../../../arm-none-eabi/lib/thumb/v7e-m/nofp\libg.a(lib_a-vfiprintf.o)
 .text._write_r
                0x0800e6f8       0x2c c:/gcc-arm-none-eabi-10-2020-q4-major/bin/../lib/gcc/arm-none-eabi/10.2.1/../../../../arm-none-eabi/lib/thumb/v7e-m/nofp\libg.a(lib_a-writer.o)
                0x0800e6f8                _write_r
 .text.__register_exitproc
                0x0800e724       0x8c c:/gcc-arm-none-eabi-10-2020-q4-major/bin/../lib/gcc/arm-none-eabi/10.2.1/../../../../arm-none-eabi/lib/thumb/v7e-m/nofp\libg.a(lib_a-__atexit.o)
                0x0800e724                __register_exitproc
 .text.__assert_func
                0x0800e7b0       0x40 c:/gcc-arm-none-eabi-10-2020-q4-major/bin/../lib/gcc/arm-none-eabi/10.2.1/../../../../arm-none-eabi/lib/thumb/v7e-m/nofp\libg.a(lib_a-assert.o)
                0x0800e7b0                __assert_func
 .text._calloc_r
                0x0800e7f0       0x60 c:/gcc-arm-none-eabi-10-2020-q4-major/bin/../lib/gcc/arm-none-eabi/10.2.1/../../../../arm-none-eabi/lib/thumb/v7e-m/nofp\libg.a(lib_a-callocr.o)
                0x0800e7f0                _calloc_r
 .text._close_r
                0x0800e850       0x24 c:/gcc-arm-none-eabi-10-2020-q4-major/bin/../lib/gcc/arm-none-eabi/10.2.1/../../../../arm-none-eabi/lib/thumb/v7e-m/nofp\libg.a(lib_a-closer.o)
                0x0800e850                _close_r
 .text._fclose_r
                0x0800e874       0xcc c:/gcc-arm-none-eabi-10-2020-q4-major/bin/../lib/gcc/arm-none-eabi/10.2.1/../../../../arm-none-eabi/lib/thumb/v7e-m/nofp\libg.a(lib_a-fclose.o)
                0x0800e874                _fclose_r
 .text.fiprintf
                0x0800e940       0x28 c:/gcc-arm-none-eabi-10-2020-q4-major/bin/../lib/gcc/arm-none-eabi/10.2.1/../../../../arm-none-eabi/lib/thumb/v7e-m/nofp\libg.a(lib_a-fiprintf.o)
                0x0800e940                fiprintf
 .text.__fputwc
                0x0800e968       0xa8 c:/gcc-arm-none-eabi-10-2020-q4-major/bin/../lib/gcc/arm-none-eabi/10.2.1/../../../../arm-none-eabi/lib/thumb/v7e-m/nofp\libg.a(lib_a-fputwc.o)
                0x0800e968                __fputwc
 .text._fputwc_r
                0x0800ea10       0x68 c:/gcc-arm-none-eabi-10-2020-q4-major/bin/../lib/gcc/arm-none-eabi/10.2.1/../../../../arm-none-eabi/lib/thumb/v7e-m/nofp\libg.a(lib_a-fputwc.o)
                0x0800ea10                _fputwc_r
 .text._fstat_r
                0x0800ea78       0x2c c:/gcc-arm-none-eabi-10-2020-q4-major/bin/../lib/gcc/arm-none-eabi/10.2.1/../../../../arm-none-eabi/lib/thumb/v7e-m/nofp\libg.a(lib_a-fstatr.o)
                0x0800ea78                _fstat_r
 .text._isatty_r
                0x0800eaa4       0x24 c:/gcc-arm-none-eabi-10-2020-q4-major/bin/../lib/gcc/arm-none-eabi/10.2.1/../../../../arm-none-eabi/lib/thumb/v7e-m/nofp\libg.a(lib_a-isattyr.o)
                0x0800eaa4                _isatty_r
 .text.__locale_mb_cur_max
                0x0800eac8        0xc c:/gcc-arm-none-eabi-10-2020-q4-major/bin/../lib/gcc/arm-none-eabi/10.2.1/../../../../arm-none-eabi/lib/thumb/v7e-m/nofp\libg.a(lib_a-locale.o)
                0x0800eac8                __locale_mb_cur_max
 .text._lseek_r
                0x0800ead4       0x2c c:/gcc-arm-none-eabi-10-2020-q4-major/bin/../lib/gcc/arm-none-eabi/10.2.1/../../../../arm-none-eabi/lib/thumb/v7e-m/nofp\libg.a(lib_a-lseekr.o)
                0x0800ead4                _lseek_r
 .text.__ascii_mbtowc
                0x0800eb00       0x2c c:/gcc-arm-none-eabi-10-2020-q4-major/bin/../lib/gcc/arm-none-eabi/10.2.1/../../../../arm-none-eabi/lib/thumb/v7e-m/nofp\libg.a(lib_a-mbtowc_r.o)
                0x0800eb00                __ascii_mbtowc
 .text._read_r  0x0800eb2c       0x2c c:/gcc-arm-none-eabi-10-2020-q4-major/bin/../lib/gcc/arm-none-eabi/10.2.1/../../../../arm-none-eabi/lib/thumb/v7e-m/nofp\libg.a(lib_a-readr.o)
                0x0800eb2c                _read_r
 .text.__swbuf_r
                0x0800eb58       0xb0 c:/gcc-arm-none-eabi-10-2020-q4-major/bin/../lib/gcc/arm-none-eabi/10.2.1/../../../../arm-none-eabi/lib/thumb/v7e-m/nofp\libg.a(lib_a-wbuf.o)
                0x0800eb58                __swbuf_r
 .text._wcrtomb_r
                0x0800ec08       0x3c c:/gcc-arm-none-eabi-10-2020-q4-major/bin/../lib/gcc/arm-none-eabi/10.2.1/../../../../arm-none-eabi/lib/thumb/v7e-m/nofp\libg.a(lib_a-wcrtomb.o)
                0x0800ec08                _wcrtomb_r
 .text.__ascii_wctomb
                0x0800ec44       0x1c c:/gcc-arm-none-eabi-10-2020-q4-major/bin/../lib/gcc/arm-none-eabi/10.2.1/../../../../arm-none-eabi/lib/thumb/v7e-m/nofp\libg.a(lib_a-wctomb_r.o)
                0x0800ec44                __ascii_wctomb
 .text.abort    0x0800ec60       0x10 c:/gcc-arm-none-eabi-10-2020-q4-major/bin/../lib/gcc/arm-none-eabi/10.2.1/../../../../arm-none-eabi/lib/thumb/v7e-m/nofp\libg.a(lib_a-abort.o)
                0x0800ec60                abort
 .text.raise    0x0800ec70       0x5c c:/gcc-arm-none-eabi-10-2020-q4-major/bin/../lib/gcc/arm-none-eabi/10.2.1/../../../../arm-none-eabi/lib/thumb/v7e-m/nofp\libg.a(lib_a-signal.o)
                0x0800ec70                raise
 .text._kill_r  0x0800eccc       0x2c c:/gcc-arm-none-eabi-10-2020-q4-major/bin/../lib/gcc/arm-none-eabi/10.2.1/../../../../arm-none-eabi/lib/thumb/v7e-m/nofp\libg.a(lib_a-signalr.o)
                0x0800eccc                _kill_r
 .text._getpid_r
                0x0800ecf8        0x4 c:/gcc-arm-none-eabi-10-2020-q4-major/bin/../lib/gcc/arm-none-eabi/10.2.1/../../../../arm-none-eabi/lib/thumb/v7e-m/nofp\libg.a(lib_a-signalr.o)
                0x0800ecf8                _getpid_r
 *(.glue_7)
 .glue_7        0x0800ecfc        0x0 linker stubs
 *(.glue_7t)
 .glue_7t       0x0800ecfc        0x0 linker stubs
 *(.eh_frame)
 .eh_frame      0x0800ecfc        0x0 c:/gcc-arm-none-eabi-10-2020-q4-major/bin/../lib/gcc/arm-none-eabi/10.2.1/thumb/v7e-m/nofp/crtbegin.o
 *(.init)
 .init          0x0800ecfc        0x4 c:/gcc-arm-none-eabi-10-2020-q4-major/bin/../lib/gcc/arm-none-eabi/10.2.1/thumb/v7e-m/nofp/crti.o
                0x0800ecfc                _init
 .init          0x0800ed00        0x8 c:/gcc-arm-none-eabi-10-2020-q4-major/bin/../lib/gcc/arm-none-eabi/10.2.1/thumb/v7e-m/nofp/crtn.o
 *(.fini)
 .fini          0x0800ed08        0x4 c:/gcc-arm-none-eabi-10-2020-q4-major/bin/../lib/gcc/arm-none-eabi/10.2.1/thumb/v7e-m/nofp/crti.o
                0x0800ed08                _fini
 .fini          0x0800ed0c        0x8 c:/gcc-arm-none-eabi-10-2020-q4-major/bin/../lib/gcc/arm-none-eabi/10.2.1/thumb/v7e-m/nofp/crtn.o
                0x0800ed14                . = ALIGN (0x4)
                0x0800ed14                _etext = .

.vfp11_veneer   0x0800ed14        0x0
 .vfp11_veneer  0x0800ed14        0x0 linker stubs

.v4_bx          0x0800ed14        0x0
 .v4_bx         0x0800ed14        0x0 linker stubs

.iplt           0x0800ed14        0x0
 .iplt          0x0800ed14        0x0 c:/gcc-arm-none-eabi-10-2020-q4-major/bin/../lib/gcc/arm-none-eabi/10.2.1/thumb/v7e-m/nofp/crtbegin.o

.rodata         0x0800ed18      0xc38
                0x0800ed18                . = ALIGN (0x4)
 *(.rodata)
 *(.rodata*)
 .rodata.Show_Float.str1.4
                0x0800ed18        0x5 CMakeFiles/BiPol-F401-CTRL.elf.dir/Core/Src/LCD.c.obj
 *fill*         0x0800ed1d        0x3 
 .rodata.Show_Float_2.str1.4
                0x0800ed20        0x5 CMakeFiles/BiPol-F401-CTRL.elf.dir/Core/Src/LCD.c.obj
 *fill*         0x0800ed25        0x3 
 .rodata.asc2_1608
                0x0800ed28      0x5f0 CMakeFiles/BiPol-F401-CTRL.elf.dir/Core/Src/LCD.c.obj
                0x0800ed28                asc2_1608
 .rodata.find_latest_packet.str1.4
                0x0800f318       0x20 CMakeFiles/BiPol-F401-CTRL.elf.dir/Core/Src/flash_store.c.obj
 .rodata.FlashStore_Format.str1.4
                0x0800f338       0x42 CMakeFiles/BiPol-F401-CTRL.elf.dir/Core/Src/flash_store.c.obj
 *fill*         0x0800f37a        0x2 
 .rodata.FlashStore_Init.str1.4
                0x0800f37c       0x70 CMakeFiles/BiPol-F401-CTRL.elf.dir/Core/Src/flash_store.c.obj
 .rodata.FlashStore_Save.str1.4
                0x0800f3ec       0x8c CMakeFiles/BiPol-F401-CTRL.elf.dir/Core/Src/flash_store.c.obj
 .rodata.env_detect.str1.4
                0x0800f478       0x11 CMakeFiles/BiPol-F401-CTRL.elf.dir/Core/Src/main.c.obj
 *fill*         0x0800f489        0x3 
 .rodata.update_cap_equalizer.str1.4
                0x0800f48c        0x2 CMakeFiles/BiPol-F401-CTRL.elf.dir/Core/Src/main.c.obj
 *fill*         0x0800f48e        0x2 
 .rodata.Show_Page_Main.str1.4
                0x0800f490       0x2b CMakeFiles/BiPol-F401-CTRL.elf.dir/Core/Src/main.c.obj
 *fill*         0x0800f4bb        0x1 
 .rodata.show_PSQR.str1.4
                0x0800f4bc        0x2 CMakeFiles/BiPol-F401-CTRL.elf.dir/Core/Src/main.c.obj
 *fill*         0x0800f4be        0x2 
 .rodata.show_CH1.str1.4
                0x0800f4c0        0x3 CMakeFiles/BiPol-F401-CTRL.elf.dir/Core/Src/main.c.obj
 *fill*         0x0800f4c3        0x1 
 .rodata.show_TYPE.str1.4
                0x0800f4c4        0xc CMakeFiles/BiPol-F401-CTRL.elf.dir/Core/Src/main.c.obj
 .rodata.update_state_machine.str1.4
                0x0800f4d0        0x8 CMakeFiles/BiPol-F401-CTRL.elf.dir/Core/Src/main.c.obj
 .rodata.HAL_GPIO_EXTI_Callback.str1.4
                0x0800f4d8       0x10 CMakeFiles/BiPol-F401-CTRL.elf.dir/Core/Src/main.c.obj
 .rodata.main.str1.4
                0x0800f4e8       0x2c CMakeFiles/BiPol-F401-CTRL.elf.dir/Core/Src/main.c.obj
 .rodata.AHBPrescTable
                0x0800f514       0x10 CMakeFiles/BiPol-F401-CTRL.elf.dir/Core/Src/system_stm32f4xx.c.obj
                0x0800f514                AHBPrescTable
 .rodata.APBPrescTable
                0x0800f524        0x8 CMakeFiles/BiPol-F401-CTRL.elf.dir/Core/Src/system_stm32f4xx.c.obj
                0x0800f524                APBPrescTable
 .rodata.flagBitshiftOffset.0
                0x0800f52c        0x8 CMakeFiles/BiPol-F401-CTRL.elf.dir/Drivers/STM32F4xx_HAL_Driver/Src/stm32f4xx_hal_dma.c.obj
 .rodata._global_impure_ptr
                0x0800f534        0x4 c:/gcc-arm-none-eabi-10-2020-q4-major/bin/../lib/gcc/arm-none-eabi/10.2.1/../../../../arm-none-eabi/lib/thumb/v7e-m/nofp\libg.a(lib_a-impure.o)
                0x0800f534                _global_impure_ptr
 .rodata._puts_r.str1.4
                0x0800f538       0x2c c:/gcc-arm-none-eabi-10-2020-q4-major/bin/../lib/gcc/arm-none-eabi/10.2.1/../../../../arm-none-eabi/lib/thumb/v7e-m/nofp\libg.a(lib_a-puts.o)
                                  0x2 (size before relaxing)
 .rodata._svfprintf_r.str1.4
                0x0800f538       0x42 c:/gcc-arm-none-eabi-10-2020-q4-major/bin/../lib/gcc/arm-none-eabi/10.2.1/../../../../arm-none-eabi/lib/thumb/v7e-m/nofp\libg.a(lib_a-svfprintf.o)
 *fill*         0x0800f57a        0x2 
 .rodata.blanks.1
                0x0800f57c       0x10 c:/gcc-arm-none-eabi-10-2020-q4-major/bin/../lib/gcc/arm-none-eabi/10.2.1/../../../../arm-none-eabi/lib/thumb/v7e-m/nofp\libg.a(lib_a-svfprintf.o)
 .rodata.zeroes.0
                0x0800f58c       0x10 c:/gcc-arm-none-eabi-10-2020-q4-major/bin/../lib/gcc/arm-none-eabi/10.2.1/../../../../arm-none-eabi/lib/thumb/v7e-m/nofp\libg.a(lib_a-svfprintf.o)
 .rodata._vfprintf_r.str1.4
                0x0800f59c       0x42 c:/gcc-arm-none-eabi-10-2020-q4-major/bin/../lib/gcc/arm-none-eabi/10.2.1/../../../../arm-none-eabi/lib/thumb/v7e-m/nofp\libg.a(lib_a-vfprintf.o)
 .rodata.blanks.1
                0x0800f59c       0x10 c:/gcc-arm-none-eabi-10-2020-q4-major/bin/../lib/gcc/arm-none-eabi/10.2.1/../../../../arm-none-eabi/lib/thumb/v7e-m/nofp\libg.a(lib_a-vfprintf.o)
 .rodata.zeroes.0
                0x0800f5ac       0x10 c:/gcc-arm-none-eabi-10-2020-q4-major/bin/../lib/gcc/arm-none-eabi/10.2.1/../../../../arm-none-eabi/lib/thumb/v7e-m/nofp\libg.a(lib_a-vfprintf.o)
 .rodata._dtoa_r.str1.4
                0x0800f5bc       0xa1 c:/gcc-arm-none-eabi-10-2020-q4-major/bin/../lib/gcc/arm-none-eabi/10.2.1/../../../../arm-none-eabi/lib/thumb/v7e-m/nofp\libg.a(lib_a-dtoa.o)
                                 0xa5 (size before relaxing)
 *fill*         0x0800f65d        0x3 
 .rodata.__multadd.str1.4
                0x0800f660       0x7e c:/gcc-arm-none-eabi-10-2020-q4-major/bin/../lib/gcc/arm-none-eabi/10.2.1/../../../../arm-none-eabi/lib/thumb/v7e-m/nofp\libg.a(lib_a-mprec.o)
                                 0x92 (size before relaxing)
 *fill*         0x0800f6de        0x2 
 .rodata.__mprec_bigtens
                0x0800f6e0       0x28 c:/gcc-arm-none-eabi-10-2020-q4-major/bin/../lib/gcc/arm-none-eabi/10.2.1/../../../../arm-none-eabi/lib/thumb/v7e-m/nofp\libg.a(lib_a-mprec.o)
                0x0800f6e0                __mprec_bigtens
 .rodata.__mprec_tens
                0x0800f708       0xc8 c:/gcc-arm-none-eabi-10-2020-q4-major/bin/../lib/gcc/arm-none-eabi/10.2.1/../../../../arm-none-eabi/lib/thumb/v7e-m/nofp\libg.a(lib_a-mprec.o)
                0x0800f708                __mprec_tens
 .rodata.p05.0  0x0800f7d0        0xc c:/gcc-arm-none-eabi-10-2020-q4-major/bin/../lib/gcc/arm-none-eabi/10.2.1/../../../../arm-none-eabi/lib/thumb/v7e-m/nofp\libg.a(lib_a-mprec.o)
 .rodata._vfiprintf_r.str1.4
                0x0800f7dc       0x2f c:/gcc-arm-none-eabi-10-2020-q4-major/bin/../lib/gcc/arm-none-eabi/10.2.1/../../../../arm-none-eabi/lib/thumb/v7e-m/nofp\libg.a(lib_a-vfiprintf.o)
 .rodata.blanks.1
                0x0800f7dc       0x10 c:/gcc-arm-none-eabi-10-2020-q4-major/bin/../lib/gcc/arm-none-eabi/10.2.1/../../../../arm-none-eabi/lib/thumb/v7e-m/nofp\libg.a(lib_a-vfiprintf.o)
 .rodata.zeroes.0
                0x0800f7ec       0x10 c:/gcc-arm-none-eabi-10-2020-q4-major/bin/../lib/gcc/arm-none-eabi/10.2.1/../../../../arm-none-eabi/lib/thumb/v7e-m/nofp\libg.a(lib_a-vfiprintf.o)
 .rodata.__assert_func.str1.4
                0x0800f7fc       0x3f c:/gcc-arm-none-eabi-10-2020-q4-major/bin/../lib/gcc/arm-none-eabi/10.2.1/../../../../arm-none-eabi/lib/thumb/v7e-m/nofp\libg.a(lib_a-assert.o)
                                 0x43 (size before relaxing)
 *fill*         0x0800f83b        0x1 
 .rodata._setlocale_r.str1.4
                0x0800f83c        0xa c:/gcc-arm-none-eabi-10-2020-q4-major/bin/../lib/gcc/arm-none-eabi/10.2.1/../../../../arm-none-eabi/lib/thumb/v7e-m/nofp\libg.a(lib_a-locale.o)
                                  0xd (size before relaxing)
 *fill*         0x0800f846        0x2 
 .rodata.str1.4
                0x0800f848        0x2 c:/gcc-arm-none-eabi-10-2020-q4-major/bin/../lib/gcc/arm-none-eabi/10.2.1/../../../../arm-none-eabi/lib/thumb/v7e-m/nofp\libg.a(lib_a-locale.o)
 *fill*         0x0800f84a        0x2 
 .rodata._ctype_
                0x0800f84c      0x101 c:/gcc-arm-none-eabi-10-2020-q4-major/bin/../lib/gcc/arm-none-eabi/10.2.1/../../../../arm-none-eabi/lib/thumb/v7e-m/nofp\libg.a(lib_a-ctype_.o)
                0x0800f84c                _ctype_
                0x0800f950                . = ALIGN (0x4)
 *fill*         0x0800f94d        0x3 

.ARM.extab      0x0800f950        0x0
                0x0800f950                . = ALIGN (0x4)
 *(.ARM.extab* .gnu.linkonce.armextab.*)
                0x0800f950                . = ALIGN (0x4)

.ARM            0x0800f950        0x8
                0x0800f950                . = ALIGN (0x4)
                0x0800f950                __exidx_start = .
 *(.ARM.exidx*)
 .ARM.exidx     0x0800f950        0x8 c:/gcc-arm-none-eabi-10-2020-q4-major/bin/../lib/gcc/arm-none-eabi/10.2.1/thumb/v7e-m/nofp\libgcc.a(_udivmoddi4.o)
                0x0800f958                __exidx_end = .
                0x0800f958                . = ALIGN (0x4)

.rel.dyn        0x0800f958        0x0
 .rel.iplt      0x0800f958        0x0 c:/gcc-arm-none-eabi-10-2020-q4-major/bin/../lib/gcc/arm-none-eabi/10.2.1/thumb/v7e-m/nofp/crtbegin.o

.preinit_array  0x0800f958        0x0
                0x0800f958                . = ALIGN (0x4)
                0x0800f958                PROVIDE (__preinit_array_start = .)
 *(.preinit_array*)
                0x0800f958                PROVIDE (__preinit_array_end = .)
                0x0800f958                . = ALIGN (0x4)

.init_array     0x0800f958        0x8
                0x0800f958                . = ALIGN (0x4)
                0x0800f958                PROVIDE (__init_array_start = .)
 *(SORT_BY_NAME(.init_array.*))
 .init_array.00000
                0x0800f958        0x4 c:/gcc-arm-none-eabi-10-2020-q4-major/bin/../lib/gcc/arm-none-eabi/10.2.1/../../../../arm-none-eabi/lib/thumb/v7e-m/nofp\libg.a(lib_a-__call_atexit.o)
 *(.init_array*)
 .init_array    0x0800f95c        0x4 c:/gcc-arm-none-eabi-10-2020-q4-major/bin/../lib/gcc/arm-none-eabi/10.2.1/thumb/v7e-m/nofp/crtbegin.o
                0x0800f960                PROVIDE (__init_array_end = .)
                0x0800f960                . = ALIGN (0x4)

.fini_array     0x0800f960        0x4
                0x0800f960                . = ALIGN (0x4)
                0x0800f960                PROVIDE (__fini_array_start = .)
 *(SORT_BY_NAME(.fini_array.*))
 *(.fini_array*)
 .fini_array    0x0800f960        0x4 c:/gcc-arm-none-eabi-10-2020-q4-major/bin/../lib/gcc/arm-none-eabi/10.2.1/thumb/v7e-m/nofp/crtbegin.o
                0x0800f964                PROVIDE (__fini_array_end = .)
                0x0800f964                . = ALIGN (0x4)
                0x0800f964                _sidata = LOADADDR (.data)

.data           0x20000000      0x9e0 load address 0x0800f964
                0x20000000                . = ALIGN (0x4)
                0x20000000                _sdata = .
 *(.data)
 *(.data*)
 .data.BACK_COLOR
                0x20000000        0x2 CMakeFiles/BiPol-F401-CTRL.elf.dir/Core/Src/LCD.c.obj
                0x20000000                BACK_COLOR
 *fill*         0x20000002        0x2 
 .data.g_U      0x20000004        0x4 CMakeFiles/BiPol-F401-CTRL.elf.dir/Core/Src/main.c.obj
                0x20000004                g_U
 .data.g_ch1    0x20000008        0x4 CMakeFiles/BiPol-F401-CTRL.elf.dir/Core/Src/main.c.obj
                0x20000008                g_ch1
 .data.g_ch2    0x2000000c        0x4 CMakeFiles/BiPol-F401-CTRL.elf.dir/Core/Src/main.c.obj
                0x2000000c                g_ch2
 .data.g_cnt    0x20000010        0x4 CMakeFiles/BiPol-F401-CTRL.elf.dir/Core/Src/main.c.obj
                0x20000010                g_cnt
 .data.g_cool   0x20000014        0x4 CMakeFiles/BiPol-F401-CTRL.elf.dir/Core/Src/main.c.obj
                0x20000014                g_cool
 .data.g_psqr   0x20000018        0x4 CMakeFiles/BiPol-F401-CTRL.elf.dir/Core/Src/main.c.obj
                0x20000018                g_psqr
 .data.prev_cnt
                0x2000001c        0x4 CMakeFiles/BiPol-F401-CTRL.elf.dir/Core/Src/main.c.obj
                0x2000001c                prev_cnt
 .data.selected_index
                0x20000020        0x1 CMakeFiles/BiPol-F401-CTRL.elf.dir/Core/Src/main.c.obj
                0x20000020                selected_index
 *fill*         0x20000021        0x3 
 .data.SystemCoreClock
                0x20000024        0x4 CMakeFiles/BiPol-F401-CTRL.elf.dir/Core/Src/system_stm32f4xx.c.obj
                0x20000024                SystemCoreClock
 .data.uwTickFreq
                0x20000028        0x1 CMakeFiles/BiPol-F401-CTRL.elf.dir/Drivers/STM32F4xx_HAL_Driver/Src/stm32f4xx_hal.c.obj
                0x20000028                uwTickFreq
 *fill*         0x20000029        0x3 
 .data.uwTickPrio
                0x2000002c        0x4 CMakeFiles/BiPol-F401-CTRL.elf.dir/Drivers/STM32F4xx_HAL_Driver/Src/stm32f4xx_hal.c.obj
                0x2000002c                uwTickPrio
 .data._impure_ptr
                0x20000030        0x4 c:/gcc-arm-none-eabi-10-2020-q4-major/bin/../lib/gcc/arm-none-eabi/10.2.1/../../../../arm-none-eabi/lib/thumb/v7e-m/nofp\libg.a(lib_a-impure.o)
                0x20000030                _impure_ptr
 *fill*         0x20000034        0x4 
 .data.impure_data
                0x20000038      0x428 c:/gcc-arm-none-eabi-10-2020-q4-major/bin/../lib/gcc/arm-none-eabi/10.2.1/../../../../arm-none-eabi/lib/thumb/v7e-m/nofp\libg.a(lib_a-impure.o)
 .data.__atexit_recursive_mutex
                0x20000460        0x4 c:/gcc-arm-none-eabi-10-2020-q4-major/bin/../lib/gcc/arm-none-eabi/10.2.1/../../../../arm-none-eabi/lib/thumb/v7e-m/nofp\libg.a(lib_a-__call_atexit.o)
                0x20000460                __atexit_recursive_mutex
 .data.__malloc_av_
                0x20000464      0x408 c:/gcc-arm-none-eabi-10-2020-q4-major/bin/../lib/gcc/arm-none-eabi/10.2.1/../../../../arm-none-eabi/lib/thumb/v7e-m/nofp\libg.a(lib_a-mallocr.o)
                0x20000464                __malloc_av_
 .data.__malloc_sbrk_base
                0x2000086c        0x4 c:/gcc-arm-none-eabi-10-2020-q4-major/bin/../lib/gcc/arm-none-eabi/10.2.1/../../../../arm-none-eabi/lib/thumb/v7e-m/nofp\libg.a(lib_a-mallocr.o)
                0x2000086c                __malloc_sbrk_base
 .data.__malloc_trim_threshold
                0x20000870        0x4 c:/gcc-arm-none-eabi-10-2020-q4-major/bin/../lib/gcc/arm-none-eabi/10.2.1/../../../../arm-none-eabi/lib/thumb/v7e-m/nofp\libg.a(lib_a-mallocr.o)
                0x20000870                __malloc_trim_threshold
 .data.__global_locale
                0x20000874      0x16c c:/gcc-arm-none-eabi-10-2020-q4-major/bin/../lib/gcc/arm-none-eabi/10.2.1/../../../../arm-none-eabi/lib/thumb/v7e-m/nofp\libg.a(lib_a-locale.o)
                0x20000874                __global_locale
 *(.RamFunc)
 *(.RamFunc*)
                0x200009e0                . = ALIGN (0x4)
                0x200009e0                _edata = .

.igot.plt       0x200009e0        0x0 load address 0x08010344
 .igot.plt      0x200009e0        0x0 c:/gcc-arm-none-eabi-10-2020-q4-major/bin/../lib/gcc/arm-none-eabi/10.2.1/thumb/v7e-m/nofp/crtbegin.o
                0x200009e0                . = ALIGN (0x4)

.bss            0x200009e0      0x318 load address 0x08010344
                0x200009e0                _sbss = .
                0x200009e0                __bss_start__ = _sbss
 *(.bss)
 .bss           0x200009e0       0x1c c:/gcc-arm-none-eabi-10-2020-q4-major/bin/../lib/gcc/arm-none-eabi/10.2.1/thumb/v7e-m/nofp/crtbegin.o
 *(.bss*)
 .bss.POINT_COLOR
                0x200009fc        0x2 CMakeFiles/BiPol-F401-CTRL.elf.dir/Core/Src/LCD.c.obj
                0x200009fc                POINT_COLOR
 *fill*         0x200009fe        0x2 
 .bss.lcddev    0x20000a00        0xe CMakeFiles/BiPol-F401-CTRL.elf.dir/Core/Src/LCD.c.obj
                0x20000a00                lcddev
 *fill*         0x20000a0e        0x2 
 .bss.hadc1     0x20000a10       0x48 CMakeFiles/BiPol-F401-CTRL.elf.dir/Core/Src/adc.c.obj
                0x20000a10                hadc1
 .bss.hdma_adc1
                0x20000a58       0x60 CMakeFiles/BiPol-F401-CTRL.elf.dir/Core/Src/adc.c.obj
                0x20000a58                hdma_adc1
 .bss.hcrc      0x20000ab8        0x8 CMakeFiles/BiPol-F401-CTRL.elf.dir/Core/Src/crc.c.obj
                0x20000ab8                hcrc
 .bss.current_version
                0x20000ac0        0x4 CMakeFiles/BiPol-F401-CTRL.elf.dir/Core/Src/flash_store.c.obj
 .bss.next_write_offset
                0x20000ac4        0x4 CMakeFiles/BiPol-F401-CTRL.elf.dir/Core/Src/flash_store.c.obj
 .bss.sector_initialized
                0x20000ac8        0x1 CMakeFiles/BiPol-F401-CTRL.elf.dir/Core/Src/flash_store.c.obj
 *fill*         0x20000ac9        0x7 
 .bss.AmtTrigTimeStamp
                0x20000ad0        0x8 CMakeFiles/BiPol-F401-CTRL.elf.dir/Core/Src/main.c.obj
                0x20000ad0                AmtTrigTimeStamp
 .bss.BtnTimeStamp
                0x20000ad8        0x8 CMakeFiles/BiPol-F401-CTRL.elf.dir/Core/Src/main.c.obj
                0x20000ad8                BtnTimeStamp
 .bss.bezCnt    0x20000ae0        0x1 CMakeFiles/BiPol-F401-CTRL.elf.dir/Core/Src/main.c.obj
                0x20000ae0                bezCnt
 *fill*         0x20000ae1        0x3 
 .bss.cnt.3     0x20000ae4        0x4 CMakeFiles/BiPol-F401-CTRL.elf.dir/Core/Src/main.c.obj
 .bss.current_state
                0x20000ae8        0x1 CMakeFiles/BiPol-F401-CTRL.elf.dir/Core/Src/main.c.obj
                0x20000ae8                current_state
 *fill*         0x20000ae9        0x3 
 .bss.filtered_voltage
                0x20000aec        0x8 CMakeFiles/BiPol-F401-CTRL.elf.dir/Core/Src/main.c.obj
 .bss.flag.0    0x20000af4        0x1 CMakeFiles/BiPol-F401-CTRL.elf.dir/Core/Src/main.c.obj
 .bss.flag.1    0x20000af5        0x1 CMakeFiles/BiPol-F401-CTRL.elf.dir/Core/Src/main.c.obj
 .bss.flag.2    0x20000af6        0x1 CMakeFiles/BiPol-F401-CTRL.elf.dir/Core/Src/main.c.obj
 *fill*         0x20000af7        0x1 
 .bss.g_adc_buffer
                0x20000af8       0x14 CMakeFiles/BiPol-F401-CTRL.elf.dir/Core/Src/main.c.obj
                0x20000af8                g_adc_buffer
 .bss.g_btn     0x20000b0c        0x1 CMakeFiles/BiPol-F401-CTRL.elf.dir/Core/Src/main.c.obj
                0x20000b0c                g_btn
 *fill*         0x20000b0d        0x3 
 .bss.g_cap_voltage_mv
                0x20000b10        0x8 CMakeFiles/BiPol-F401-CTRL.elf.dir/Core/Src/main.c.obj
                0x20000b10                g_cap_voltage_mv
 .bss.g_count   0x20000b18        0x4 CMakeFiles/BiPol-F401-CTRL.elf.dir/Core/Src/main.c.obj
                0x20000b18                g_count
 .bss.g_pulse_generating
                0x20000b1c        0x1 CMakeFiles/BiPol-F401-CTRL.elf.dir/Core/Src/main.c.obj
                0x20000b1c                g_pulse_generating
 .bss.g_state   0x20000b1d        0x1 CMakeFiles/BiPol-F401-CTRL.elf.dir/Core/Src/main.c.obj
                0x20000b1d                g_state
 .bss.g_target_voltage_mv
                0x20000b1e        0x2 CMakeFiles/BiPol-F401-CTRL.elf.dir/Core/Src/main.c.obj
                0x20000b1e                g_target_voltage_mv
 .bss.g_temp    0x20000b20        0x2 CMakeFiles/BiPol-F401-CTRL.elf.dir/Core/Src/main.c.obj
                0x20000b20                g_temp
 .bss.g_type    0x20000b22        0x1 CMakeFiles/BiPol-F401-CTRL.elf.dir/Core/Src/main.c.obj
                0x20000b22                g_type
 *fill*         0x20000b23        0x5 
 .bss.last_activity_time
                0x20000b28        0x8 CMakeFiles/BiPol-F401-CTRL.elf.dir/Core/Src/main.c.obj
                0x20000b28                last_activity_time
 .bss.preIndex.4
                0x20000b30        0x1 CMakeFiles/BiPol-F401-CTRL.elf.dir/Core/Src/main.c.obj
 .bss.preIndex.5
                0x20000b31        0x1 CMakeFiles/BiPol-F401-CTRL.elf.dir/Core/Src/main.c.obj
 *fill*         0x20000b32        0x6 
 .bss.preTimestamp.6
                0x20000b38        0x8 CMakeFiles/BiPol-F401-CTRL.elf.dir/Core/Src/main.c.obj
 .bss.pre_exit  0x20000b40        0x1 CMakeFiles/BiPol-F401-CTRL.elf.dir/Core/Src/main.c.obj
                0x20000b40                pre_exit
 *fill*         0x20000b41        0x7 
 .bss.pretime.7
                0x20000b48        0x8 CMakeFiles/BiPol-F401-CTRL.elf.dir/Core/Src/main.c.obj
 .bss.state     0x20000b50        0x4 CMakeFiles/BiPol-F401-CTRL.elf.dir/Core/Src/main.c.obj
                0x20000b50                state
 .bss.timer_overflow_count
                0x20000b54        0x4 CMakeFiles/BiPol-F401-CTRL.elf.dir/Core/Src/main.c.obj
                0x20000b54                timer_overflow_count
 .bss.trig_type
                0x20000b58        0x1 CMakeFiles/BiPol-F401-CTRL.elf.dir/Core/Src/main.c.obj
                0x20000b58                trig_type
 .bss.value_updated
                0x20000b59        0x1 CMakeFiles/BiPol-F401-CTRL.elf.dir/Core/Src/main.c.obj
                0x20000b59                value_updated
 *fill*         0x20000b5a        0x2 
 .bss.hspi3     0x20000b5c       0x58 CMakeFiles/BiPol-F401-CTRL.elf.dir/Core/Src/spi.c.obj
                0x20000b5c                hspi3
 .bss.__sbrk_heap_end
                0x20000bb4        0x4 CMakeFiles/BiPol-F401-CTRL.elf.dir/Core/Src/sysmem.c.obj
 .bss.htim2     0x20000bb8       0x48 CMakeFiles/BiPol-F401-CTRL.elf.dir/Core/Src/tim.c.obj
                0x20000bb8                htim2
 .bss.htim3     0x20000c00       0x48 CMakeFiles/BiPol-F401-CTRL.elf.dir/Core/Src/tim.c.obj
                0x20000c00                htim3
 .bss.huart1    0x20000c48       0x44 CMakeFiles/BiPol-F401-CTRL.elf.dir/Core/Src/usart.c.obj
                0x20000c48                huart1
 .bss.uwTick    0x20000c8c        0x4 CMakeFiles/BiPol-F401-CTRL.elf.dir/Drivers/STM32F4xx_HAL_Driver/Src/stm32f4xx_hal.c.obj
                0x20000c8c                uwTick
 .bss.pFlash    0x20000c90       0x20 CMakeFiles/BiPol-F401-CTRL.elf.dir/Drivers/STM32F4xx_HAL_Driver/Src/stm32f4xx_hal_flash.c.obj
                0x20000c90                pFlash
 .bss.__lock___atexit_recursive_mutex
                0x20000cb0        0x1 c:/gcc-arm-none-eabi-10-2020-q4-major/bin/../lib/gcc/arm-none-eabi/10.2.1/../../../../arm-none-eabi/lib/thumb/v7e-m/nofp\libg.a(lib_a-lock.o)
                0x20000cb0                __lock___atexit_recursive_mutex
 *fill*         0x20000cb1        0x3 
 .bss.__lock___malloc_recursive_mutex
                0x20000cb4        0x1 c:/gcc-arm-none-eabi-10-2020-q4-major/bin/../lib/gcc/arm-none-eabi/10.2.1/../../../../arm-none-eabi/lib/thumb/v7e-m/nofp\libg.a(lib_a-lock.o)
                0x20000cb4                __lock___malloc_recursive_mutex
 *fill*         0x20000cb5        0x3 
 .bss.__lock___sfp_recursive_mutex
                0x20000cb8        0x1 c:/gcc-arm-none-eabi-10-2020-q4-major/bin/../lib/gcc/arm-none-eabi/10.2.1/../../../../arm-none-eabi/lib/thumb/v7e-m/nofp\libg.a(lib_a-lock.o)
                0x20000cb8                __lock___sfp_recursive_mutex
 *fill*         0x20000cb9        0x3 
 .bss.__lock___sinit_recursive_mutex
                0x20000cbc        0x1 c:/gcc-arm-none-eabi-10-2020-q4-major/bin/../lib/gcc/arm-none-eabi/10.2.1/../../../../arm-none-eabi/lib/thumb/v7e-m/nofp\libg.a(lib_a-lock.o)
                0x20000cbc                __lock___sinit_recursive_mutex
 *fill*         0x20000cbd        0x3 
 .bss.__malloc_current_mallinfo
                0x20000cc0       0x28 c:/gcc-arm-none-eabi-10-2020-q4-major/bin/../lib/gcc/arm-none-eabi/10.2.1/../../../../arm-none-eabi/lib/thumb/v7e-m/nofp\libg.a(lib_a-mallocr.o)
                0x20000cc0                __malloc_current_mallinfo
 .bss.__malloc_max_sbrked_mem
                0x20000ce8        0x4 c:/gcc-arm-none-eabi-10-2020-q4-major/bin/../lib/gcc/arm-none-eabi/10.2.1/../../../../arm-none-eabi/lib/thumb/v7e-m/nofp\libg.a(lib_a-mallocr.o)
                0x20000ce8                __malloc_max_sbrked_mem
 .bss.__malloc_max_total_mem
                0x20000cec        0x4 c:/gcc-arm-none-eabi-10-2020-q4-major/bin/../lib/gcc/arm-none-eabi/10.2.1/../../../../arm-none-eabi/lib/thumb/v7e-m/nofp\libg.a(lib_a-mallocr.o)
                0x20000cec                __malloc_max_total_mem
 .bss.__malloc_top_pad
                0x20000cf0        0x4 c:/gcc-arm-none-eabi-10-2020-q4-major/bin/../lib/gcc/arm-none-eabi/10.2.1/../../../../arm-none-eabi/lib/thumb/v7e-m/nofp\libg.a(lib_a-mallocr.o)
                0x20000cf0                __malloc_top_pad
 .bss.errno     0x20000cf4        0x4 c:/gcc-arm-none-eabi-10-2020-q4-major/bin/../lib/gcc/arm-none-eabi/10.2.1/../../../../arm-none-eabi/lib/thumb/v7e-m/nofp\libg.a(lib_a-reent.o)